<?xml version="1.0" encoding="ISO-8859-1" ?>
<link_info>
   <banner>TI ARM Clang Linker Unix v2.1.3.LTS</banner>
   <copyright>Copyright (c) 1996-2018 Texas Instruments Incorporated</copyright>
   <link_time>0x6657ad41</link_time>
   <link_errors>0x0</link_errors>
   <output_file>ECE319K_Lab9H.out</output_file>
   <entry_point>
      <name>_c_int00_noargs</name>
      <address>0xf439</address>
   </entry_point>
   <input_file_list>
      <input_file id="fl-1">
         <path>./</path>
         <kind>object</kind>
         <file>Clock.o</file>
         <name>Clock.o</name>
      </input_file>
      <input_file id="fl-2">
         <path>./</path>
         <kind>object</kind>
         <file>FIFO2.o</file>
         <name>FIFO2.o</name>
      </input_file>
      <input_file id="fl-3">
         <path>./</path>
         <kind>object</kind>
         <file>Lab9HMain.o</file>
         <name>Lab9HMain.o</name>
      </input_file>
      <input_file id="fl-4">
         <path>./</path>
         <kind>object</kind>
         <file>LaunchPad.o</file>
         <name>LaunchPad.o</name>
      </input_file>
      <input_file id="fl-5">
         <path>./</path>
         <kind>object</kind>
         <file>SPI.o</file>
         <name>SPI.o</name>
      </input_file>
      <input_file id="fl-6">
         <path>./</path>
         <kind>object</kind>
         <file>ST7735.o</file>
         <name>ST7735.o</name>
      </input_file>
      <input_file id="fl-7">
         <path>./</path>
         <kind>object</kind>
         <file>SlidePot.o</file>
         <name>SlidePot.o</name>
      </input_file>
      <input_file id="fl-8">
         <path>./</path>
         <kind>object</kind>
         <file>SmallFont.o</file>
         <name>SmallFont.o</name>
      </input_file>
      <input_file id="fl-9">
         <path>./</path>
         <kind>object</kind>
         <file>Switch.o</file>
         <name>Switch.o</name>
      </input_file>
      <input_file id="fl-a">
         <path>./</path>
         <kind>object</kind>
         <file>TExaS.o</file>
         <name>TExaS.o</name>
      </input_file>
      <input_file id="fl-b">
         <path>./</path>
         <kind>object</kind>
         <file>Timer.o</file>
         <name>Timer.o</name>
      </input_file>
      <input_file id="fl-c">
         <path>./</path>
         <kind>object</kind>
         <file>diskio.o</file>
         <name>diskio.o</name>
      </input_file>
      <input_file id="fl-d">
         <path>./</path>
         <kind>object</kind>
         <file>ff.o</file>
         <name>ff.o</name>
      </input_file>
      <input_file id="fl-e">
         <path>./ticlang/</path>
         <kind>object</kind>
         <file>startup_mspm0g3507_ticlang.o</file>
         <name>startup_mspm0g3507_ticlang.o</name>
      </input_file>
      <input_file id="fl-1a">
         <kind>object</kind>
         <file>&lt;internal&gt;</file>
         <name>&lt;internal&gt;</name>
      </input_file>
      <input_file id="fl-26">
         <path>/Applications/ti/ccs1240/ccs/tools/compiler/ti-cgt-armllvm_2.1.3.LTS/lib/armv6m-ti-none-eabi/c/</path>
         <kind>archive</kind>
         <file>libc.a</file>
         <name>printf.c.obj</name>
      </input_file>
      <input_file id="fl-27">
         <path>/Applications/ti/ccs1240/ccs/tools/compiler/ti-cgt-armllvm_2.1.3.LTS/lib/armv6m-ti-none-eabi/c/</path>
         <kind>archive</kind>
         <file>libc.a</file>
         <name>_printfi.c.obj</name>
      </input_file>
      <input_file id="fl-28">
         <path>/Applications/ti/ccs1240/ccs/tools/compiler/ti-cgt-armllvm_2.1.3.LTS/lib/armv6m-ti-none-eabi/c/</path>
         <kind>archive</kind>
         <file>libc.a</file>
         <name>fopen.c.obj</name>
      </input_file>
      <input_file id="fl-29">
         <path>/Applications/ti/ccs1240/ccs/tools/compiler/ti-cgt-armllvm_2.1.3.LTS/lib/armv6m-ti-none-eabi/c/</path>
         <kind>archive</kind>
         <file>libc.a</file>
         <name>fputc.c.obj</name>
      </input_file>
      <input_file id="fl-2a">
         <path>/Applications/ti/ccs1240/ccs/tools/compiler/ti-cgt-armllvm_2.1.3.LTS/lib/armv6m-ti-none-eabi/c/</path>
         <kind>archive</kind>
         <file>libc.a</file>
         <name>fputs.c.obj</name>
      </input_file>
      <input_file id="fl-2b">
         <path>/Applications/ti/ccs1240/ccs/tools/compiler/ti-cgt-armllvm_2.1.3.LTS/lib/armv6m-ti-none-eabi/c/</path>
         <kind>archive</kind>
         <file>libc.a</file>
         <name>_io_perm.c.obj</name>
      </input_file>
      <input_file id="fl-2c">
         <path>/Applications/ti/ccs1240/ccs/tools/compiler/ti-cgt-armllvm_2.1.3.LTS/lib/armv6m-ti-none-eabi/c/</path>
         <kind>archive</kind>
         <file>libc.a</file>
         <name>setvbuf.c.obj</name>
      </input_file>
      <input_file id="fl-2d">
         <path>/Applications/ti/ccs1240/ccs/tools/compiler/ti-cgt-armllvm_2.1.3.LTS/lib/armv6m-ti-none-eabi/c/</path>
         <kind>archive</kind>
         <file>libc.a</file>
         <name>aeabi_portable.c.obj</name>
      </input_file>
      <input_file id="fl-2e">
         <path>/Applications/ti/ccs1240/ccs/tools/compiler/ti-cgt-armllvm_2.1.3.LTS/lib/armv6m-ti-none-eabi/c/</path>
         <kind>archive</kind>
         <file>libc.a</file>
         <name>exit.c.obj</name>
      </input_file>
      <input_file id="fl-2f">
         <path>/Applications/ti/ccs1240/ccs/tools/compiler/ti-cgt-armllvm_2.1.3.LTS/lib/armv6m-ti-none-eabi/c/</path>
         <kind>archive</kind>
         <file>libc.a</file>
         <name>_lock.c.obj</name>
      </input_file>
      <input_file id="fl-30">
         <path>/Applications/ti/ccs1240/ccs/tools/compiler/ti-cgt-armllvm_2.1.3.LTS/lib/armv6m-ti-none-eabi/c/</path>
         <kind>archive</kind>
         <file>libc.a</file>
         <name>_ltoa.c.obj</name>
      </input_file>
      <input_file id="fl-31">
         <path>/Applications/ti/ccs1240/ccs/tools/compiler/ti-cgt-armllvm_2.1.3.LTS/lib/armv6m-ti-none-eabi/c/</path>
         <kind>archive</kind>
         <file>libc.a</file>
         <name>assert.c.obj</name>
      </input_file>
      <input_file id="fl-32">
         <path>/Applications/ti/ccs1240/ccs/tools/compiler/ti-cgt-armllvm_2.1.3.LTS/lib/armv6m-ti-none-eabi/c/</path>
         <kind>archive</kind>
         <file>libc.a</file>
         <name>atoi.c.obj</name>
      </input_file>
      <input_file id="fl-33">
         <path>/Applications/ti/ccs1240/ccs/tools/compiler/ti-cgt-armllvm_2.1.3.LTS/lib/armv6m-ti-none-eabi/c/</path>
         <kind>archive</kind>
         <file>libc.a</file>
         <name>defs.c.obj</name>
      </input_file>
      <input_file id="fl-34">
         <path>/Applications/ti/ccs1240/ccs/tools/compiler/ti-cgt-armllvm_2.1.3.LTS/lib/armv6m-ti-none-eabi/c/</path>
         <kind>archive</kind>
         <file>libc.a</file>
         <name>memccpy.c.obj</name>
      </input_file>
      <input_file id="fl-35">
         <path>/Applications/ti/ccs1240/ccs/tools/compiler/ti-cgt-armllvm_2.1.3.LTS/lib/armv6m-ti-none-eabi/c/</path>
         <kind>archive</kind>
         <file>libc.a</file>
         <name>memory.c.obj</name>
      </input_file>
      <input_file id="fl-36">
         <path>/Applications/ti/ccs1240/ccs/tools/compiler/ti-cgt-armllvm_2.1.3.LTS/lib/armv6m-ti-none-eabi/c/</path>
         <kind>archive</kind>
         <file>libc.a</file>
         <name>boot_cortex_m.c.obj</name>
      </input_file>
      <input_file id="fl-37">
         <path>/Applications/ti/ccs1240/ccs/tools/compiler/ti-cgt-armllvm_2.1.3.LTS/lib/armv6m-ti-none-eabi/c/</path>
         <kind>archive</kind>
         <file>libc.a</file>
         <name>mathacl_init.c.obj</name>
      </input_file>
      <input_file id="fl-38">
         <path>/Applications/ti/ccs1240/ccs/tools/compiler/ti-cgt-armllvm_2.1.3.LTS/lib/armv6m-ti-none-eabi/c/</path>
         <kind>archive</kind>
         <file>libc.a</file>
         <name>autoinit.c.obj</name>
      </input_file>
      <input_file id="fl-39">
         <path>/Applications/ti/ccs1240/ccs/tools/compiler/ti-cgt-armllvm_2.1.3.LTS/lib/armv6m-ti-none-eabi/c/</path>
         <kind>archive</kind>
         <file>libc.a</file>
         <name>pre_init.c.obj</name>
      </input_file>
      <input_file id="fl-3a">
         <path>/Applications/ti/ccs1240/ccs/tools/compiler/ti-cgt-armllvm_2.1.3.LTS/lib/armv6m-ti-none-eabi/c/</path>
         <kind>archive</kind>
         <file>libc.a</file>
         <name>cpy_tbl.c.obj</name>
      </input_file>
      <input_file id="fl-3b">
         <path>/Applications/ti/ccs1240/ccs/tools/compiler/ti-cgt-armllvm_2.1.3.LTS/lib/armv6m-ti-none-eabi/c/</path>
         <kind>archive</kind>
         <file>libc.a</file>
         <name>copy_zero_init.c.obj</name>
      </input_file>
      <input_file id="fl-3c">
         <path>/Applications/ti/ccs1240/ccs/tools/compiler/ti-cgt-armllvm_2.1.3.LTS/lib/armv6m-ti-none-eabi/c/</path>
         <kind>archive</kind>
         <file>libc.a</file>
         <name>copy_decompress_none.c.obj</name>
      </input_file>
      <input_file id="fl-3d">
         <path>/Applications/ti/ccs1240/ccs/tools/compiler/ti-cgt-armllvm_2.1.3.LTS/lib/armv6m-ti-none-eabi/c/</path>
         <kind>archive</kind>
         <file>libc.a</file>
         <name>copy_decompress_lzss.c.obj</name>
      </input_file>
      <input_file id="fl-3e">
         <path>/Applications/ti/ccs1240/ccs/tools/compiler/ti-cgt-armllvm_2.1.3.LTS/lib/armv6m-ti-none-eabi/c/</path>
         <kind>archive</kind>
         <file>libc.a</file>
         <name>abs.c.obj</name>
      </input_file>
      <input_file id="fl-3f">
         <path>/Applications/ti/ccs1240/ccs/tools/compiler/ti-cgt-armllvm_2.1.3.LTS/lib/armv6m-ti-none-eabi/c/</path>
         <kind>archive</kind>
         <file>libc.a</file>
         <name>wcslen.c.obj</name>
      </input_file>
      <input_file id="fl-40">
         <path>/Applications/ti/ccs1240/ccs/tools/compiler/ti-cgt-armllvm_2.1.3.LTS/lib/armv6m-ti-none-eabi/c/</path>
         <kind>archive</kind>
         <file>libc.a</file>
         <name>s_frexp.c.obj</name>
      </input_file>
      <input_file id="fl-41">
         <path>/Applications/ti/ccs1240/ccs/tools/compiler/ti-cgt-armllvm_2.1.3.LTS/lib/armv6m-ti-none-eabi/c/</path>
         <kind>archive</kind>
         <file>libc.a</file>
         <name>s_scalbn.c.obj</name>
      </input_file>
      <input_file id="fl-42">
         <path>/Applications/ti/ccs1240/ccs/tools/compiler/ti-cgt-armllvm_2.1.3.LTS/lib/armv6m-ti-none-eabi/c/</path>
         <kind>archive</kind>
         <file>libc.a</file>
         <name>sprintf.c.obj</name>
      </input_file>
      <input_file id="fl-43">
         <path>/Applications/ti/ccs1240/ccs/tools/compiler/ti-cgt-armllvm_2.1.3.LTS/lib/armv6m-ti-none-eabi/c/</path>
         <kind>archive</kind>
         <file>libc.a</file>
         <name>fclose.c.obj</name>
      </input_file>
      <input_file id="fl-44">
         <path>/Applications/ti/ccs1240/ccs/tools/compiler/ti-cgt-armllvm_2.1.3.LTS/lib/armv6m-ti-none-eabi/c/</path>
         <kind>archive</kind>
         <file>libc.a</file>
         <name>fflush.c.obj</name>
      </input_file>
      <input_file id="fl-45">
         <path>/Applications/ti/ccs1240/ccs/tools/compiler/ti-cgt-armllvm_2.1.3.LTS/lib/armv6m-ti-none-eabi/c/</path>
         <kind>archive</kind>
         <file>libc.a</file>
         <name>fseek.c.obj</name>
      </input_file>
      <input_file id="fl-46">
         <path>/Applications/ti/ccs1240/ccs/tools/compiler/ti-cgt-armllvm_2.1.3.LTS/lib/armv6m-ti-none-eabi/c/</path>
         <kind>archive</kind>
         <file>libc.a</file>
         <name>aeabi_ctype.S.obj</name>
      </input_file>
      <input_file id="fl-47">
         <path>/Applications/ti/ccs1240/ccs/tools/compiler/ti-cgt-armllvm_2.1.3.LTS/lib/armv6m-ti-none-eabi/c/</path>
         <kind>archive</kind>
         <file>libc.a</file>
         <name>args_main.c.obj</name>
      </input_file>
      <input_file id="fl-80">
         <path>/Applications/ti/ccs1240/ccs/tools/compiler/ti-cgt-armllvm_2.1.3.LTS/lib/armv6m-ti-none-eabi/c/</path>
         <kind>archive</kind>
         <file>libsysbm.a</file>
         <name>write.c.obj</name>
      </input_file>
      <input_file id="fl-81">
         <path>/Applications/ti/ccs1240/ccs/tools/compiler/ti-cgt-armllvm_2.1.3.LTS/lib/armv6m-ti-none-eabi/c/</path>
         <kind>archive</kind>
         <file>libsysbm.a</file>
         <name>host_device.c.obj</name>
      </input_file>
      <input_file id="fl-82">
         <path>/Applications/ti/ccs1240/ccs/tools/compiler/ti-cgt-armllvm_2.1.3.LTS/lib/armv6m-ti-none-eabi/c/</path>
         <kind>archive</kind>
         <file>libsysbm.a</file>
         <name>remove.c.obj</name>
      </input_file>
      <input_file id="fl-83">
         <path>/Applications/ti/ccs1240/ccs/tools/compiler/ti-cgt-armllvm_2.1.3.LTS/lib/armv6m-ti-none-eabi/c/</path>
         <kind>archive</kind>
         <file>libsysbm.a</file>
         <name>open.c.obj</name>
      </input_file>
      <input_file id="fl-84">
         <path>/Applications/ti/ccs1240/ccs/tools/compiler/ti-cgt-armllvm_2.1.3.LTS/lib/armv6m-ti-none-eabi/c/</path>
         <kind>archive</kind>
         <file>libsysbm.a</file>
         <name>lseek.c.obj</name>
      </input_file>
      <input_file id="fl-85">
         <path>/Applications/ti/ccs1240/ccs/tools/compiler/ti-cgt-armllvm_2.1.3.LTS/lib/armv6m-ti-none-eabi/c/</path>
         <kind>archive</kind>
         <file>libsysbm.a</file>
         <name>close.c.obj</name>
      </input_file>
      <input_file id="fl-86">
         <path>/Applications/ti/ccs1240/ccs/tools/compiler/ti-cgt-armllvm_2.1.3.LTS/lib/armv6m-ti-none-eabi/c/</path>
         <kind>archive</kind>
         <file>libsysbm.a</file>
         <name>add_device.c.obj</name>
      </input_file>
      <input_file id="fl-87">
         <path>/Applications/ti/ccs1240/ccs/tools/compiler/ti-cgt-armllvm_2.1.3.LTS/lib/armv6m-ti-none-eabi/c/</path>
         <kind>archive</kind>
         <file>libsysbm.a</file>
         <name>unlink.c.obj</name>
      </input_file>
      <input_file id="fl-88">
         <path>/Applications/ti/ccs1240/ccs/tools/compiler/ti-cgt-armllvm_2.1.3.LTS/lib/armv6m-ti-none-eabi/c/</path>
         <kind>archive</kind>
         <file>libsysbm.a</file>
         <name>hostclose.c.obj</name>
      </input_file>
      <input_file id="fl-89">
         <path>/Applications/ti/ccs1240/ccs/tools/compiler/ti-cgt-armllvm_2.1.3.LTS/lib/armv6m-ti-none-eabi/c/</path>
         <kind>archive</kind>
         <file>libsysbm.a</file>
         <name>hostlseek.c.obj</name>
      </input_file>
      <input_file id="fl-8a">
         <path>/Applications/ti/ccs1240/ccs/tools/compiler/ti-cgt-armllvm_2.1.3.LTS/lib/armv6m-ti-none-eabi/c/</path>
         <kind>archive</kind>
         <file>libsysbm.a</file>
         <name>hostopen.c.obj</name>
      </input_file>
      <input_file id="fl-8b">
         <path>/Applications/ti/ccs1240/ccs/tools/compiler/ti-cgt-armllvm_2.1.3.LTS/lib/armv6m-ti-none-eabi/c/</path>
         <kind>archive</kind>
         <file>libsysbm.a</file>
         <name>hostread.c.obj</name>
      </input_file>
      <input_file id="fl-8c">
         <path>/Applications/ti/ccs1240/ccs/tools/compiler/ti-cgt-armllvm_2.1.3.LTS/lib/armv6m-ti-none-eabi/c/</path>
         <kind>archive</kind>
         <file>libsysbm.a</file>
         <name>hostrename.c.obj</name>
      </input_file>
      <input_file id="fl-8d">
         <path>/Applications/ti/ccs1240/ccs/tools/compiler/ti-cgt-armllvm_2.1.3.LTS/lib/armv6m-ti-none-eabi/c/</path>
         <kind>archive</kind>
         <file>libsysbm.a</file>
         <name>hostunlink.c.obj</name>
      </input_file>
      <input_file id="fl-8e">
         <path>/Applications/ti/ccs1240/ccs/tools/compiler/ti-cgt-armllvm_2.1.3.LTS/lib/armv6m-ti-none-eabi/c/</path>
         <kind>archive</kind>
         <file>libsysbm.a</file>
         <name>hostwrite.c.obj</name>
      </input_file>
      <input_file id="fl-8f">
         <path>/Applications/ti/ccs1240/ccs/tools/compiler/ti-cgt-armllvm_2.1.3.LTS/lib/armv6m-ti-none-eabi/c/</path>
         <kind>archive</kind>
         <file>libsysbm.a</file>
         <name>trgmsg.c.obj</name>
      </input_file>
      <input_file id="fl-90">
         <path>/Applications/ti/ccs1240/ccs/tools/compiler/ti-cgt-armllvm_2.1.3.LTS/lib/clang/14.0.6/lib/armv6m-ti-none-eabi/</path>
         <kind>archive</kind>
         <file>libclang_rt.builtins.a</file>
         <name>adddf3.S.obj</name>
      </input_file>
      <input_file id="fl-91">
         <path>/Applications/ti/ccs1240/ccs/tools/compiler/ti-cgt-armllvm_2.1.3.LTS/lib/clang/14.0.6/lib/armv6m-ti-none-eabi/</path>
         <kind>archive</kind>
         <file>libclang_rt.builtins.a</file>
         <name>muldf3.S.obj</name>
      </input_file>
      <input_file id="fl-92">
         <path>/Applications/ti/ccs1240/ccs/tools/compiler/ti-cgt-armllvm_2.1.3.LTS/lib/clang/14.0.6/lib/armv6m-ti-none-eabi/</path>
         <kind>archive</kind>
         <file>libclang_rt.builtins.a</file>
         <name>muldsi3.S.obj</name>
      </input_file>
      <input_file id="fl-93">
         <path>/Applications/ti/ccs1240/ccs/tools/compiler/ti-cgt-armllvm_2.1.3.LTS/lib/clang/14.0.6/lib/armv6m-ti-none-eabi/</path>
         <kind>archive</kind>
         <file>libclang_rt.builtins.a</file>
         <name>divdf3.S.obj</name>
      </input_file>
      <input_file id="fl-94">
         <path>/Applications/ti/ccs1240/ccs/tools/compiler/ti-cgt-armllvm_2.1.3.LTS/lib/clang/14.0.6/lib/armv6m-ti-none-eabi/</path>
         <kind>archive</kind>
         <file>libclang_rt.builtins.a</file>
         <name>fixdfsi.S.obj</name>
      </input_file>
      <input_file id="fl-95">
         <path>/Applications/ti/ccs1240/ccs/tools/compiler/ti-cgt-armllvm_2.1.3.LTS/lib/clang/14.0.6/lib/armv6m-ti-none-eabi/</path>
         <kind>archive</kind>
         <file>libclang_rt.builtins.a</file>
         <name>floatsidf.S.obj</name>
      </input_file>
      <input_file id="fl-96">
         <path>/Applications/ti/ccs1240/ccs/tools/compiler/ti-cgt-armllvm_2.1.3.LTS/lib/clang/14.0.6/lib/armv6m-ti-none-eabi/</path>
         <kind>archive</kind>
         <file>libclang_rt.builtins.a</file>
         <name>floatunsidf.S.obj</name>
      </input_file>
      <input_file id="fl-97">
         <path>/Applications/ti/ccs1240/ccs/tools/compiler/ti-cgt-armllvm_2.1.3.LTS/lib/clang/14.0.6/lib/armv6m-ti-none-eabi/</path>
         <kind>archive</kind>
         <file>libclang_rt.builtins.a</file>
         <name>muldi3.S.obj</name>
      </input_file>
      <input_file id="fl-98">
         <path>/Applications/ti/ccs1240/ccs/tools/compiler/ti-cgt-armllvm_2.1.3.LTS/lib/clang/14.0.6/lib/armv6m-ti-none-eabi/</path>
         <kind>archive</kind>
         <file>libclang_rt.builtins.a</file>
         <name>truncdfsf2.S.obj</name>
      </input_file>
      <input_file id="fl-99">
         <path>/Applications/ti/ccs1240/ccs/tools/compiler/ti-cgt-armllvm_2.1.3.LTS/lib/clang/14.0.6/lib/armv6m-ti-none-eabi/</path>
         <kind>archive</kind>
         <file>libclang_rt.builtins.a</file>
         <name>aeabi_dcmp.S.obj</name>
      </input_file>
      <input_file id="fl-9a">
         <path>/Applications/ti/ccs1240/ccs/tools/compiler/ti-cgt-armllvm_2.1.3.LTS/lib/clang/14.0.6/lib/armv6m-ti-none-eabi/</path>
         <kind>archive</kind>
         <file>libclang_rt.builtins.a</file>
         <name>aeabi_idivmod.S.obj</name>
      </input_file>
      <input_file id="fl-9b">
         <path>/Applications/ti/ccs1240/ccs/tools/compiler/ti-cgt-armllvm_2.1.3.LTS/lib/clang/14.0.6/lib/armv6m-ti-none-eabi/</path>
         <kind>archive</kind>
         <file>libclang_rt.builtins.a</file>
         <name>aeabi_memcpy.S.obj</name>
      </input_file>
      <input_file id="fl-9c">
         <path>/Applications/ti/ccs1240/ccs/tools/compiler/ti-cgt-armllvm_2.1.3.LTS/lib/clang/14.0.6/lib/armv6m-ti-none-eabi/</path>
         <kind>archive</kind>
         <file>libclang_rt.builtins.a</file>
         <name>aeabi_memset.S.obj</name>
      </input_file>
      <input_file id="fl-9d">
         <path>/Applications/ti/ccs1240/ccs/tools/compiler/ti-cgt-armllvm_2.1.3.LTS/lib/clang/14.0.6/lib/armv6m-ti-none-eabi/</path>
         <kind>archive</kind>
         <file>libclang_rt.builtins.a</file>
         <name>aeabi_uidivmod.S.obj</name>
      </input_file>
      <input_file id="fl-9e">
         <path>/Applications/ti/ccs1240/ccs/tools/compiler/ti-cgt-armllvm_2.1.3.LTS/lib/clang/14.0.6/lib/armv6m-ti-none-eabi/</path>
         <kind>archive</kind>
         <file>libclang_rt.builtins.a</file>
         <name>aeabi_uldivmod.S.obj</name>
      </input_file>
      <input_file id="fl-9f">
         <path>/Applications/ti/ccs1240/ccs/tools/compiler/ti-cgt-armllvm_2.1.3.LTS/lib/clang/14.0.6/lib/armv6m-ti-none-eabi/</path>
         <kind>archive</kind>
         <file>libclang_rt.builtins.a</file>
         <name>udivmoddi4.S.obj</name>
      </input_file>
      <input_file id="fl-a0">
         <path>/Applications/ti/ccs1240/ccs/tools/compiler/ti-cgt-armllvm_2.1.3.LTS/lib/clang/14.0.6/lib/armv6m-ti-none-eabi/</path>
         <kind>archive</kind>
         <file>libclang_rt.builtins.a</file>
         <name>ashldi3.S.obj</name>
      </input_file>
      <input_file id="fl-a1">
         <path>/Applications/ti/ccs1240/ccs/tools/compiler/ti-cgt-armllvm_2.1.3.LTS/lib/clang/14.0.6/lib/armv6m-ti-none-eabi/</path>
         <kind>archive</kind>
         <file>libclang_rt.builtins.a</file>
         <name>comparedf2.c.obj</name>
      </input_file>
      <input_file id="fl-a2">
         <path>/Applications/ti/ccs1240/ccs/tools/compiler/ti-cgt-armllvm_2.1.3.LTS/lib/clang/14.0.6/lib/armv6m-ti-none-eabi/</path>
         <kind>archive</kind>
         <file>libclang_rt.builtins.a</file>
         <name>aeabi_div0.c.obj</name>
      </input_file>
      <input_file id="fl-a3">
         <path>/Applications/ti/ccs1240/ccs/tools/compiler/ti-cgt-armllvm_2.1.3.LTS/lib/armv6m-ti-none-eabi/c/</path>
         <kind>archive</kind>
         <file>libc.a</file>
         <name>getdevice.c.obj</name>
      </input_file>
      <input_file id="fl-a4">
         <path>/Applications/ti/ccs1240/ccs/tools/compiler/ti-cgt-armllvm_2.1.3.LTS/lib/armv6m-ti-none-eabi/c/</path>
         <kind>archive</kind>
         <file>libc.a</file>
         <name>memcpy16.S.obj</name>
      </input_file>
      <input_file id="fl-a5">
         <path>/Applications/ti/ccs1240/ccs/tools/compiler/ti-cgt-armllvm_2.1.3.LTS/lib/armv6m-ti-none-eabi/c/</path>
         <kind>archive</kind>
         <file>libc.a</file>
         <name>memset16.S.obj</name>
      </input_file>
   </input_file_list>
   <object_component_list>
      <object_component id="oc-18">
         <name>.intvecs</name>
         <load_address>0x0</load_address>
         <run_address>0x0</run_address>
         <size>0xc0</size>
         <input_file_ref idref="fl-e"/>
      </object_component>
      <object_component id="oc-89">
         <name>.text.main</name>
         <load_address>0xce68</load_address>
         <run_address>0xce68</run_address>
         <size>0x230</size>
         <input_file_ref idref="fl-3"/>
      </object_component>
      <object_component id="oc-c3">
         <name>.text._Z17ST7735_DrawBitmapssPKtss</name>
         <load_address>0xd098</load_address>
         <run_address>0xd098</run_address>
         <size>0x210</size>
         <input_file_ref idref="fl-6"/>
      </object_component>
      <object_component id="oc-103">
         <name>.text._Z15Clock_Init80MHzi</name>
         <load_address>0xd2a8</load_address>
         <run_address>0xd2a8</run_address>
         <size>0x1b4</size>
         <input_file_ref idref="fl-1"/>
      </object_component>
      <object_component id="oc-13b">
         <name>.text._Z16ST7735_DrawCharSsscssh</name>
         <load_address>0xd45c</load_address>
         <run_address>0xd45c</run_address>
         <size>0x1a0</size>
         <input_file_ref idref="fl-6"/>
      </object_component>
      <object_component id="oc-167">
         <name>.text._openfile</name>
         <load_address>0xd5fc</load_address>
         <run_address>0xd5fc</run_address>
         <size>0x13c</size>
         <input_file_ref idref="fl-28"/>
      </object_component>
      <object_component id="oc-1ca">
         <name>.text.aligned_alloc</name>
         <load_address>0xd738</load_address>
         <run_address>0xd738</run_address>
         <size>0x13c</size>
         <input_file_ref idref="fl-35"/>
      </object_component>
      <object_component id="oc-c5">
         <name>.text._Z15ST7735_FillRectsssst</name>
         <load_address>0xd874</load_address>
         <run_address>0xd874</run_address>
         <size>0x118</size>
         <input_file_ref idref="fl-6"/>
      </object_component>
      <object_component id="oc-172">
         <name>.text.free</name>
         <load_address>0xd98c</load_address>
         <run_address>0xd98c</run_address>
         <size>0x100</size>
         <input_file_ref idref="fl-35"/>
      </object_component>
      <object_component id="oc-18e">
         <name>.text._Z8SPI_Initv</name>
         <load_address>0xda8c</load_address>
         <run_address>0xda8c</run_address>
         <size>0xf8</size>
         <input_file_ref idref="fl-5"/>
      </object_component>
      <object_component id="oc-10c">
         <name>.text.add_device</name>
         <load_address>0xdb84</load_address>
         <run_address>0xdb84</run_address>
         <size>0xe8</size>
         <input_file_ref idref="fl-86"/>
      </object_component>
      <object_component id="oc-117">
         <name>.text.setvbuf</name>
         <load_address>0xdc6c</load_address>
         <run_address>0xdc6c</run_address>
         <size>0xe0</size>
         <input_file_ref idref="fl-2c"/>
      </object_component>
      <object_component id="oc-3e">
         <name>.text.TIMG12_IRQHandler</name>
         <load_address>0xdd4c</load_address>
         <run_address>0xdd4c</run_address>
         <size>0xdc</size>
         <input_file_ref idref="fl-3"/>
      </object_component>
      <object_component id="oc-138">
         <name>.text._Z14ST7735_OutCharc</name>
         <load_address>0xde28</load_address>
         <run_address>0xde28</run_address>
         <size>0xd0</size>
         <input_file_ref idref="fl-6"/>
      </object_component>
      <object_component id="oc-a0">
         <name>.text._ZN6Arrows11target_zoneEv</name>
         <load_address>0xdef8</load_address>
         <run_address>0xdef8</run_address>
         <size>0xa8</size>
         <input_file_ref idref="fl-3"/>
      </object_component>
      <object_component id="oc-1b3">
         <name>.text.open</name>
         <load_address>0xdfa0</load_address>
         <run_address>0xdfa0</run_address>
         <size>0xa8</size>
         <input_file_ref idref="fl-83"/>
      </object_component>
      <object_component id="oc-152">
         <name>.text._ZL11commandListPKh</name>
         <load_address>0xe048</load_address>
         <run_address>0xe048</run_address>
         <size>0xa2</size>
         <input_file_ref idref="fl-6"/>
      </object_component>
      <object_component id="oc-bd">
         <name>.text._Z11Switch_Initv</name>
         <load_address>0xe0ea</load_address>
         <run_address>0xe0ea</run_address>
         <size>0x2</size>
         <input_file_ref idref="fl-9"/>
      </object_component>
      <object_component id="oc-b2">
         <name>.text._Z17ST7735_InitPrintfv</name>
         <load_address>0xe0ec</load_address>
         <run_address>0xe0ec</run_address>
         <size>0x9c</size>
         <input_file_ref idref="fl-6"/>
      </object_component>
      <object_component id="oc-10b">
         <name>.text._Z12ST7735_InitR10initRFlags</name>
         <load_address>0xe188</load_address>
         <run_address>0xe188</run_address>
         <size>0x98</size>
         <input_file_ref idref="fl-6"/>
      </object_component>
      <object_component id="oc-77">
         <name>.text._ZN6Arrows11Adjust_ListEv</name>
         <load_address>0xe220</load_address>
         <run_address>0xe220</run_address>
         <size>0x98</size>
         <input_file_ref idref="fl-3"/>
      </object_component>
      <object_component id="oc-c6">
         <name>.text._Z15TimerG12_IntArmjj</name>
         <load_address>0xe2b8</load_address>
         <run_address>0xe2b8</run_address>
         <size>0x94</size>
         <input_file_ref idref="fl-b"/>
      </object_component>
      <object_component id="oc-12e">
         <name>.text._ZL13setAddrWindowhhhh</name>
         <load_address>0xe34c</load_address>
         <run_address>0xe34c</run_address>
         <size>0x88</size>
         <input_file_ref idref="fl-6"/>
      </object_component>
      <object_component id="oc-ce">
         <name>.text._Z14ST7735_OutUDecj</name>
         <load_address>0xe3d4</load_address>
         <run_address>0xe3d4</run_address>
         <size>0x84</size>
         <input_file_ref idref="fl-6"/>
      </object_component>
      <object_component id="oc-13a">
         <name>.text._Z17ST7735_DrawStringttPcs</name>
         <load_address>0xe458</load_address>
         <run_address>0xe458</run_address>
         <size>0x84</size>
         <input_file_ref idref="fl-6"/>
      </object_component>
      <object_component id="oc-110">
         <name>.text.fopen</name>
         <load_address>0xe4dc</load_address>
         <run_address>0xe4dc</run_address>
         <size>0x84</size>
         <input_file_ref idref="fl-28"/>
      </object_component>
      <object_component id="oc-ad">
         <name>.text._Z14LaunchPad_Initv</name>
         <load_address>0xe560</load_address>
         <run_address>0xe560</run_address>
         <size>0x7c</size>
         <input_file_ref idref="fl-4"/>
      </object_component>
      <object_component id="oc-b8">
         <name>.text._ZN8SlidePot4InitEv</name>
         <load_address>0xe5dc</load_address>
         <run_address>0xe5dc</run_address>
         <size>0x7c</size>
         <input_file_ref idref="fl-7"/>
      </object_component>
      <object_component id="oc-16c">
         <name>.text.__TI_closefile</name>
         <load_address>0xe658</load_address>
         <run_address>0xe658</run_address>
         <size>0x7c</size>
         <input_file_ref idref="fl-43"/>
      </object_component>
      <object_component id="oc-2f">
         <name>.text.SysTick_Handler</name>
         <load_address>0xe6d4</load_address>
         <run_address>0xe6d4</run_address>
         <size>0x70</size>
         <input_file_ref idref="fl-3"/>
      </object_component>
      <object_component id="oc-6e">
         <name>.text._Z14disk_timerprocv</name>
         <load_address>0xe744</load_address>
         <run_address>0xe744</run_address>
         <size>0x70</size>
         <input_file_ref idref="fl-c"/>
      </object_component>
      <object_component id="oc-182">
         <name>.text._Z16ST7735_DrawPixelsst</name>
         <load_address>0xe7b4</load_address>
         <run_address>0xe7b4</run_address>
         <size>0x70</size>
         <input_file_ref idref="fl-6"/>
      </object_component>
      <object_component id="oc-1f3">
         <name>.text.getdevice</name>
         <load_address>0xe824</load_address>
         <run_address>0xe824</run_address>
         <size>0x6c</size>
         <input_file_ref idref="fl-a3"/>
      </object_component>
      <object_component id="oc-fb">
         <name>.text._ZN10arrow_listC2Ev</name>
         <load_address>0xe890</load_address>
         <run_address>0xe890</run_address>
         <size>0x6a</size>
         <input_file_ref idref="fl-3"/>
      </object_component>
      <object_component id="oc-1cb">
         <name>.text.__aeabi_idiv0</name>
         <load_address>0xe8fa</load_address>
         <run_address>0xe8fa</run_address>
         <size>0x2</size>
         <input_file_ref idref="fl-a2"/>
      </object_component>
      <object_component id="oc-1a2">
         <name>.text.HOSTlseek</name>
         <load_address>0xe8fc</load_address>
         <run_address>0xe8fc</run_address>
         <size>0x68</size>
         <input_file_ref idref="fl-89"/>
      </object_component>
      <object_component id="oc-1aa">
         <name>.text.HOSTrename</name>
         <load_address>0xe964</load_address>
         <run_address>0xe964</run_address>
         <size>0x68</size>
         <input_file_ref idref="fl-8c"/>
      </object_component>
      <object_component id="oc-1c">
         <name>.text:decompress:lzss</name>
         <load_address>0xe9cc</load_address>
         <run_address>0xe9cc</run_address>
         <size>0x68</size>
         <input_file_ref idref="fl-3d"/>
      </object_component>
      <object_component id="oc-cf">
         <name>.text._Z12random_arrowv</name>
         <load_address>0xea34</load_address>
         <run_address>0xea34</run_address>
         <size>0x64</size>
         <input_file_ref idref="fl-3"/>
      </object_component>
      <object_component id="oc-20a">
         <name>.text.split</name>
         <load_address>0xea98</load_address>
         <run_address>0xea98</run_address>
         <size>0x64</size>
         <input_file_ref idref="fl-35"/>
      </object_component>
      <object_component id="oc-192">
         <name>.text.HOSTopen</name>
         <load_address>0xeafc</load_address>
         <run_address>0xeafc</run_address>
         <size>0x5c</size>
         <input_file_ref idref="fl-8a"/>
      </object_component>
      <object_component id="oc-19a">
         <name>.text.HOSTread</name>
         <load_address>0xeb58</load_address>
         <run_address>0xeb58</run_address>
         <size>0x58</size>
         <input_file_ref idref="fl-8b"/>
      </object_component>
      <object_component id="oc-19e">
         <name>.text.HOSTwrite</name>
         <load_address>0xebb0</load_address>
         <run_address>0xebb0</run_address>
         <size>0x58</size>
         <input_file_ref idref="fl-8e"/>
      </object_component>
      <object_component id="oc-139">
         <name>.text._Z11fillmessagej</name>
         <load_address>0xec08</load_address>
         <run_address>0xec08</run_address>
         <size>0x54</size>
         <input_file_ref idref="fl-6"/>
      </object_component>
      <object_component id="oc-e4">
         <name>.text:__TI_auto_init_nobinit</name>
         <load_address>0xec5c</load_address>
         <run_address>0xec5c</run_address>
         <size>0x54</size>
         <input_file_ref idref="fl-38"/>
      </object_component>
      <object_component id="oc-76">
         <name>.text._ZN6Arrows4moveEv</name>
         <load_address>0xecb0</load_address>
         <run_address>0xecb0</run_address>
         <size>0x50</size>
         <input_file_ref idref="fl-3"/>
      </object_component>
      <object_component id="oc-78">
         <name>.text._ZN6ArrowsaSERKS_</name>
         <load_address>0xed00</load_address>
         <run_address>0xed00</run_address>
         <size>0x50</size>
         <input_file_ref idref="fl-3"/>
      </object_component>
      <object_component id="oc-1b7">
         <name>.text.__TI_doflush</name>
         <load_address>0xed50</load_address>
         <run_address>0xed50</run_address>
         <size>0x50</size>
         <input_file_ref idref="fl-44"/>
      </object_component>
      <object_component id="oc-1bd">
         <name>.text.close</name>
         <load_address>0xeda0</load_address>
         <run_address>0xeda0</run_address>
         <size>0x50</size>
         <input_file_ref idref="fl-85"/>
      </object_component>
      <object_component id="oc-196">
         <name>.text.HOSTclose</name>
         <load_address>0xedf0</load_address>
         <run_address>0xedf0</run_address>
         <size>0x48</size>
         <input_file_ref idref="fl-88"/>
      </object_component>
      <object_component id="oc-1a6">
         <name>.text.HOSTunlink</name>
         <load_address>0xee38</load_address>
         <run_address>0xee38</run_address>
         <size>0x48</size>
         <input_file_ref idref="fl-8d"/>
      </object_component>
      <object_component id="oc-153">
         <name>.text._Z14SPI_OutCommandc</name>
         <load_address>0xee80</load_address>
         <run_address>0xee80</run_address>
         <size>0x48</size>
         <input_file_ref idref="fl-5"/>
      </object_component>
      <object_component id="oc-75">
         <name>.text._ZN6Arrows7pressedEv</name>
         <load_address>0xeec8</load_address>
         <run_address>0xeec8</run_address>
         <size>0x48</size>
         <input_file_ref idref="fl-3"/>
      </object_component>
      <object_component id="oc-c4">
         <name>.text._ZN8SlidePot2InEv</name>
         <load_address>0xef10</load_address>
         <run_address>0xef10</run_address>
         <size>0x48</size>
         <input_file_ref idref="fl-7"/>
      </object_component>
      <object_component id="oc-f1">
         <name>.text._ZN6ArrowsC2EhPKthhh</name>
         <load_address>0xef58</load_address>
         <run_address>0xef58</run_address>
         <size>0x44</size>
         <input_file_ref idref="fl-3"/>
      </object_component>
      <object_component id="oc-99">
         <name>.text.__cxx_global_var_init.5</name>
         <load_address>0xef9c</load_address>
         <run_address>0xef9c</run_address>
         <size>0x44</size>
         <input_file_ref idref="fl-3"/>
      </object_component>
      <object_component id="oc-39">
         <name>.text.TIMG7_IRQHandler</name>
         <load_address>0xefe0</load_address>
         <run_address>0xefe0</run_address>
         <size>0x40</size>
         <input_file_ref idref="fl-a"/>
      </object_component>
      <object_component id="oc-1d4">
         <name>.text._Z9SPI_Resetv</name>
         <load_address>0xf020</load_address>
         <run_address>0xf020</run_address>
         <size>0x40</size>
         <input_file_ref idref="fl-5"/>
      </object_component>
      <object_component id="oc-f9">
         <name>.text._ZN6ArrowsC2ERS_</name>
         <load_address>0xf060</load_address>
         <run_address>0xf060</run_address>
         <size>0x40</size>
         <input_file_ref idref="fl-3"/>
      </object_component>
      <object_component id="oc-17e">
         <name>.text</name>
         <load_address>0xf0a0</load_address>
         <run_address>0xf0a0</run_address>
         <size>0x40</size>
         <input_file_ref idref="fl-9d"/>
      </object_component>
      <object_component id="oc-12f">
         <name>.text._Z11SPI_OutDatac</name>
         <load_address>0xf0e0</load_address>
         <run_address>0xf0e0</run_address>
         <size>0x38</size>
         <input_file_ref idref="fl-5"/>
      </object_component>
      <object_component id="oc-108">
         <name>.text._Z15ActivatePortA_Bv</name>
         <load_address>0xf118</load_address>
         <run_address>0xf118</run_address>
         <size>0x38</size>
         <input_file_ref idref="fl-4"/>
      </object_component>
      <object_component id="oc-c2">
         <name>.text._Z8Key_Initv</name>
         <load_address>0xf150</load_address>
         <run_address>0xf150</run_address>
         <size>0x38</size>
         <input_file_ref idref="fl-3"/>
      </object_component>
      <object_component id="oc-15b">
         <name>.text.finddevice</name>
         <load_address>0xf188</load_address>
         <run_address>0xf188</run_address>
         <size>0x38</size>
         <input_file_ref idref="fl-a3"/>
      </object_component>
      <object_component id="oc-11e">
         <name>.text._Z12ST7735_writeiPKcj</name>
         <load_address>0xf1c0</load_address>
         <run_address>0xf1c0</run_address>
         <size>0x34</size>
         <input_file_ref idref="fl-6"/>
      </object_component>
      <object_component id="oc-18f">
         <name>.text._Z14Clock_Delay1msj</name>
         <load_address>0xf1f4</load_address>
         <run_address>0xf1f4</run_address>
         <size>0x34</size>
         <input_file_ref idref="fl-1"/>
      </object_component>
      <object_component id="oc-cc">
         <name>.text._Z16ST7735_SetCursorjj</name>
         <load_address>0xf228</load_address>
         <run_address>0xf228</run_address>
         <size>0x34</size>
         <input_file_ref idref="fl-6"/>
      </object_component>
      <object_component id="oc-175">
         <name>.text.__TI_cleanup</name>
         <load_address>0xf25c</load_address>
         <run_address>0xf25c</run_address>
         <size>0x34</size>
         <input_file_ref idref="fl-28"/>
      </object_component>
      <object_component id="oc-1db">
         <name>.text.__TI_readmsg</name>
         <load_address>0xf290</load_address>
         <run_address>0xf290</run_address>
         <size>0x34</size>
         <input_file_ref idref="fl-8f"/>
      </object_component>
      <object_component id="oc-1d5">
         <name>.text.__TI_writemsg</name>
         <load_address>0xf2c4</load_address>
         <run_address>0xf2c4</run_address>
         <size>0x34</size>
         <input_file_ref idref="fl-8f"/>
      </object_component>
      <object_component id="oc-dc">
         <name>.text.exit</name>
         <load_address>0xf2f8</load_address>
         <run_address>0xf2f8</run_address>
         <size>0x34</size>
         <input_file_ref idref="fl-2e"/>
      </object_component>
      <object_component id="oc-116">
         <name>.text.freopen</name>
         <load_address>0xf32c</load_address>
         <run_address>0xf32c</run_address>
         <size>0x34</size>
         <input_file_ref idref="fl-28"/>
      </object_component>
      <object_component id="oc-151">
         <name>.text._ZL10commonInitPKh</name>
         <load_address>0xf360</load_address>
         <run_address>0xf360</run_address>
         <size>0x30</size>
         <input_file_ref idref="fl-6"/>
      </object_component>
      <object_component id="oc-b7">
         <name>.text._Z17ST7735_FillScreent</name>
         <load_address>0xf390</load_address>
         <run_address>0xf390</run_address>
         <size>0x2c</size>
         <input_file_ref idref="fl-6"/>
      </object_component>
      <object_component id="oc-202">
         <name>.text.unlink</name>
         <load_address>0xf3bc</load_address>
         <run_address>0xf3bc</run_address>
         <size>0x2c</size>
         <input_file_ref idref="fl-87"/>
      </object_component>
      <object_component id="oc-1c9">
         <name>.text.free_list_insert</name>
         <load_address>0xf3e8</load_address>
         <run_address>0xf3e8</run_address>
         <size>0x28</size>
         <input_file_ref idref="fl-35"/>
      </object_component>
      <object_component id="oc-1f9">
         <name>.text.write</name>
         <load_address>0xf410</load_address>
         <run_address>0xf410</run_address>
         <size>0x28</size>
         <input_file_ref idref="fl-80"/>
      </object_component>
      <object_component id="oc-5a">
         <name>.text:_c_int00_noargs</name>
         <load_address>0xf438</load_address>
         <run_address>0xf438</run_address>
         <size>0x28</size>
         <input_file_ref idref="fl-36"/>
      </object_component>
      <object_component id="oc-cd">
         <name>.text._Z16ST7735_OutStringPc</name>
         <load_address>0xf460</load_address>
         <run_address>0xf460</run_address>
         <size>0x26</size>
         <input_file_ref idref="fl-6"/>
      </object_component>
      <object_component id="oc-185">
         <name>.text._nop</name>
         <load_address>0xf486</load_address>
         <run_address>0xf486</run_address>
         <size>0x2</size>
         <input_file_ref idref="fl-2f"/>
      </object_component>
      <object_component id="oc-95">
         <name>.text.__cxx_global_var_init.1</name>
         <load_address>0xf488</load_address>
         <run_address>0xf488</run_address>
         <size>0x24</size>
         <input_file_ref idref="fl-3"/>
      </object_component>
      <object_component id="oc-96">
         <name>.text.__cxx_global_var_init.2</name>
         <load_address>0xf4ac</load_address>
         <run_address>0xf4ac</run_address>
         <size>0x24</size>
         <input_file_ref idref="fl-3"/>
      </object_component>
      <object_component id="oc-97">
         <name>.text.__cxx_global_var_init.3</name>
         <load_address>0xf4d0</load_address>
         <run_address>0xf4d0</run_address>
         <size>0x24</size>
         <input_file_ref idref="fl-3"/>
      </object_component>
      <object_component id="oc-98">
         <name>.text.__cxx_global_var_init.4</name>
         <load_address>0xf4f4</load_address>
         <run_address>0xf4f4</run_address>
         <size>0x24</size>
         <input_file_ref idref="fl-3"/>
      </object_component>
      <object_component id="oc-61">
         <name>.text._GLOBAL__sub_I_Lab9HMain.cpp</name>
         <load_address>0xf518</load_address>
         <run_address>0xf518</run_address>
         <size>0x20</size>
         <input_file_ref idref="fl-3"/>
      </object_component>
      <object_component id="oc-184">
         <name>.text._Z8Random32v</name>
         <load_address>0xf538</load_address>
         <run_address>0xf538</run_address>
         <size>0x20</size>
         <input_file_ref idref="fl-3"/>
      </object_component>
      <object_component id="oc-1d1">
         <name>.text._ZL9pushColort</name>
         <load_address>0xf558</load_address>
         <run_address>0xf558</run_address>
         <size>0x1e</size>
         <input_file_ref idref="fl-6"/>
      </object_component>
      <object_component id="oc-9e">
         <name>.text._Z6Key_Inv</name>
         <load_address>0xf578</load_address>
         <run_address>0xf578</run_address>
         <size>0x1c</size>
         <input_file_ref idref="fl-3"/>
      </object_component>
      <object_component id="oc-cb">
         <name>.text._ZN6Arrows4drawEv</name>
         <load_address>0xf594</load_address>
         <run_address>0xf594</run_address>
         <size>0x1c</size>
         <input_file_ref idref="fl-3"/>
      </object_component>
      <object_component id="oc-14c">
         <name>.text._ZN6ArrowsC2Ev</name>
         <load_address>0xf5b0</load_address>
         <run_address>0xf5b0</run_address>
         <size>0x1c</size>
         <input_file_ref idref="fl-3"/>
      </object_component>
      <object_component id="oc-1c8">
         <name>.text.free_list_remove</name>
         <load_address>0xf5cc</load_address>
         <run_address>0xf5cc</run_address>
         <size>0x1c</size>
         <input_file_ref idref="fl-35"/>
      </object_component>
      <object_component id="oc-81">
         <name>.text</name>
         <load_address>0xf5e8</load_address>
         <run_address>0xf5e8</run_address>
         <size>0x1c</size>
         <input_file_ref idref="fl-9c"/>
      </object_component>
      <object_component id="oc-34">
         <name>.text.TIMG6_IRQHandler</name>
         <load_address>0xf604</load_address>
         <run_address>0xf604</run_address>
         <size>0x18</size>
         <input_file_ref idref="fl-c"/>
      </object_component>
      <object_component id="oc-13f">
         <name>.text._Z6Randomj</name>
         <load_address>0xf61c</load_address>
         <run_address>0xf61c</run_address>
         <size>0x18</size>
         <input_file_ref idref="fl-3"/>
      </object_component>
      <object_component id="oc-94">
         <name>.text.__cxx_global_var_init</name>
         <load_address>0xf634</load_address>
         <run_address>0xf634</run_address>
         <size>0x18</size>
         <input_file_ref idref="fl-3"/>
      </object_component>
      <object_component id="oc-121">
         <name>.text._Z11ST7735_openPKcji</name>
         <load_address>0xf64c</load_address>
         <run_address>0xf64c</run_address>
         <size>0x16</size>
         <input_file_ref idref="fl-6"/>
      </object_component>
      <object_component id="oc-11f">
         <name>.text._Z11ST7735_readiPcj</name>
         <load_address>0xf662</load_address>
         <run_address>0xf662</run_address>
         <size>0x16</size>
         <input_file_ref idref="fl-6"/>
      </object_component>
      <object_component id="oc-f0">
         <name>.text._ZN8SlidePotC2Ejj</name>
         <load_address>0xf678</load_address>
         <run_address>0xf678</run_address>
         <size>0x16</size>
         <input_file_ref idref="fl-7"/>
      </object_component>
      <object_component id="oc-67">
         <name>.text._Z7DAC_Outj</name>
         <load_address>0xf690</load_address>
         <run_address>0xf690</run_address>
         <size>0x14</size>
         <input_file_ref idref="fl-3"/>
      </object_component>
      <object_component id="oc-51">
         <name>.text:decompress:ZI:__TI_zero_init_nomemset</name>
         <load_address>0xf6a4</load_address>
         <run_address>0xf6a4</run_address>
         <size>0x14</size>
         <input_file_ref idref="fl-3b"/>
      </object_component>
      <object_component id="oc-a2">
         <name>.text:TI_memcpy_small</name>
         <load_address>0xf6b8</load_address>
         <run_address>0xf6b8</run_address>
         <size>0x12</size>
         <input_file_ref idref="fl-a4"/>
      </object_component>
      <object_component id="oc-20">
         <name>.text:decompress:none</name>
         <load_address>0xf6ca</load_address>
         <run_address>0xf6ca</run_address>
         <size>0x12</size>
         <input_file_ref idref="fl-3c"/>
      </object_component>
      <object_component id="oc-129">
         <name>.text._Z11Clock_Delayj</name>
         <load_address>0xf6dc</load_address>
         <run_address>0xf6dc</run_address>
         <size>0x10</size>
         <input_file_ref idref="fl-1"/>
      </object_component>
      <object_component id="oc-9a">
         <name>.text.__cxx_global_var_init.6</name>
         <load_address>0xf6ec</load_address>
         <run_address>0xf6ec</run_address>
         <size>0x10</size>
         <input_file_ref idref="fl-3"/>
      </object_component>
      <object_component id="oc-11d">
         <name>.text._Z12ST7735_lseekili</name>
         <load_address>0xf6fc</load_address>
         <run_address>0xf6fc</run_address>
         <size>0xe</size>
         <input_file_ref idref="fl-6"/>
      </object_component>
      <object_component id="oc-1ef">
         <name>.text.strcpy</name>
         <load_address>0xf70a</load_address>
         <run_address>0xf70a</run_address>
         <size>0xe</size>
         <input_file_ref idref="fl-8c"/>
      </object_component>
      <object_component id="oc-1f0">
         <name>.text.strlen</name>
         <load_address>0xf718</load_address>
         <run_address>0xf718</run_address>
         <size>0xe</size>
         <input_file_ref idref="fl-8c"/>
      </object_component>
      <object_component id="oc-fd">
         <name>.text:TI_memset_small</name>
         <load_address>0xf726</load_address>
         <run_address>0xf726</run_address>
         <size>0xe</size>
         <input_file_ref idref="fl-a5"/>
      </object_component>
      <object_component id="oc-1d3">
         <name>.text._Z10Clock_Freqv</name>
         <load_address>0xf734</load_address>
         <run_address>0xf734</run_address>
         <size>0xc</size>
         <input_file_ref idref="fl-1"/>
      </object_component>
      <object_component id="oc-11b">
         <name>.text._Z13ST7735_renamePKcS0_</name>
         <load_address>0xf740</load_address>
         <run_address>0xf740</run_address>
         <size>0xc</size>
         <input_file_ref idref="fl-6"/>
      </object_component>
      <object_component id="oc-174">
         <name>.text.malloc</name>
         <load_address>0xf74c</load_address>
         <run_address>0xf74c</run_address>
         <size>0xc</size>
         <input_file_ref idref="fl-35"/>
      </object_component>
      <object_component id="oc-122">
         <name>.text._Z12ST7735_closei</name>
         <load_address>0xf758</load_address>
         <run_address>0xf758</run_address>
         <size>0xa</size>
         <input_file_ref idref="fl-6"/>
      </object_component>
      <object_component id="oc-11c">
         <name>.text._Z13ST7735_unlinkPKc</name>
         <load_address>0xf762</load_address>
         <run_address>0xf762</run_address>
         <size>0xa</size>
         <input_file_ref idref="fl-6"/>
      </object_component>
      <object_component id="oc-ac">
         <name>.text._Z8PLL_Initv</name>
         <load_address>0xf76c</load_address>
         <run_address>0xf76c</run_address>
         <size>0xa</size>
         <input_file_ref idref="fl-3"/>
      </object_component>
      <object_component id="oc-1c1">
         <name>.text.remove</name>
         <load_address>0xf776</load_address>
         <run_address>0xf776</run_address>
         <size>0x8</size>
         <input_file_ref idref="fl-82"/>
      </object_component>
      <object_component id="oc-4a">
         <name>.text</name>
         <load_address>0xf780</load_address>
         <run_address>0xf780</run_address>
         <size>0x8</size>
         <input_file_ref idref="fl-9b"/>
      </object_component>
      <object_component id="oc-2d">
         <name>.text.Default_Handler</name>
         <load_address>0xf788</load_address>
         <run_address>0xf788</run_address>
         <size>0x4</size>
         <input_file_ref idref="fl-e"/>
      </object_component>
      <object_component id="oc-2e">
         <name>.text.HardFault_Handler</name>
         <load_address>0xf78c</load_address>
         <run_address>0xf78c</run_address>
         <size>0x4</size>
         <input_file_ref idref="fl-e"/>
      </object_component>
      <object_component id="oc-29">
         <name>.text.Reset_Handler</name>
         <load_address>0xf790</load_address>
         <run_address>0xf790</run_address>
         <size>0x4</size>
         <input_file_ref idref="fl-e"/>
      </object_component>
      <object_component id="oc-85">
         <name>.text._system_pre_init</name>
         <load_address>0xf794</load_address>
         <run_address>0xf794</run_address>
         <size>0x4</size>
         <input_file_ref idref="fl-39"/>
      </object_component>
      <object_component id="oc-d7">
         <name>.text:abort</name>
         <load_address>0xf798</load_address>
         <run_address>0xf798</run_address>
         <size>0x4</size>
         <input_file_ref idref="fl-2e"/>
      </object_component>
      <object_component id="oc-253">
         <name>.cinit..data.load</name>
         <load_address>0xf7a8</load_address>
         <run_address>0xf7a8</run_address>
         <size>0x68</size>
      </object_component>
      <object_component id="oc-251">
         <name>__TI_handler_table</name>
         <load_address>0xf810</load_address>
         <run_address>0xf810</run_address>
         <size>0xc</size>
      </object_component>
      <object_component id="oc-254">
         <name>.cinit..bss.load</name>
         <load_address>0xf81c</load_address>
         <run_address>0xf81c</run_address>
         <size>0x8</size>
      </object_component>
      <object_component id="oc-252">
         <name>__TI_cinit_table</name>
         <load_address>0xf824</load_address>
         <run_address>0xf824</run_address>
         <size>0x10</size>
      </object_component>
      <object_component id="oc-d3">
         <name>.rodata._ZL7endkirb</name>
         <load_address>0xc0</load_address>
         <run_address>0xc0</run_address>
         <size>0x4678</size>
         <input_file_ref idref="fl-3"/>
      </object_component>
      <object_component id="oc-d1">
         <name>.rodata._ZL11background2</name>
         <load_address>0x4738</load_address>
         <run_address>0x4738</run_address>
         <size>0x3000</size>
         <input_file_ref idref="fl-3"/>
      </object_component>
      <object_component id="oc-d4">
         <name>.rodata._ZL7DDRlogo</name>
         <load_address>0x7738</load_address>
         <run_address>0x7738</run_address>
         <size>0x1fb6</size>
         <input_file_ref idref="fl-3"/>
      </object_component>
      <object_component id="oc-d5">
         <name>.rodata._ZL8language</name>
         <load_address>0x96ee</load_address>
         <run_address>0x96ee</run_address>
         <size>0xc98</size>
         <input_file_ref idref="fl-3"/>
      </object_component>
      <object_component id="oc-f2">
         <name>.rodata._ZL5right</name>
         <load_address>0xa386</load_address>
         <run_address>0xa386</run_address>
         <size>0x980</size>
         <input_file_ref idref="fl-3"/>
      </object_component>
      <object_component id="oc-f6">
         <name>.rodata._ZL2up</name>
         <load_address>0xad06</load_address>
         <run_address>0xad06</run_address>
         <size>0x89c</size>
         <input_file_ref idref="fl-3"/>
      </object_component>
      <object_component id="oc-f8">
         <name>.rodata._ZL4down</name>
         <load_address>0xb5a2</load_address>
         <run_address>0xb5a2</run_address>
         <size>0x862</size>
         <input_file_ref idref="fl-3"/>
      </object_component>
      <object_component id="oc-f4">
         <name>.rodata._ZL4left</name>
         <load_address>0xbe04</load_address>
         <run_address>0xbe04</run_address>
         <size>0x828</size>
         <input_file_ref idref="fl-3"/>
      </object_component>
      <object_component id="oc-183">
         <name>.rodata._ZL4Font</name>
         <load_address>0xc62c</load_address>
         <run_address>0xc62c</run_address>
         <size>0x4fb</size>
         <input_file_ref idref="fl-6"/>
      </object_component>
      <object_component id="oc-d6">
         <name>.rodata._ZL14languageselect</name>
         <load_address>0xcb28</load_address>
         <run_address>0xcb28</run_address>
         <size>0x264</size>
         <input_file_ref idref="fl-3"/>
      </object_component>
      <object_component id="oc-154">
         <name>.rodata._ZL5Rcmd1</name>
         <load_address>0xcd8c</load_address>
         <run_address>0xcd8c</run_address>
         <size>0x3b</size>
         <input_file_ref idref="fl-6"/>
      </object_component>
      <object_component id="oc-120">
         <name>.rodata.str1.1</name>
         <load_address>0xcdc7</load_address>
         <run_address>0xcdc7</run_address>
         <size>0x2e</size>
         <input_file_ref idref="fl-6"/>
      </object_component>
      <object_component id="oc-159">
         <name>.rodata._ZL5Rcmd3</name>
         <load_address>0xcdf5</load_address>
         <run_address>0xcdf5</run_address>
         <size>0x2b</size>
         <input_file_ref idref="fl-6"/>
      </object_component>
      <object_component id="oc-d2">
         <name>.rodata.str1.1</name>
         <load_address>0xce20</load_address>
         <run_address>0xce20</run_address>
         <size>0x2b</size>
         <input_file_ref idref="fl-3"/>
      </object_component>
      <object_component id="oc-156">
         <name>.rodata._ZL10Rcmd2green</name>
         <load_address>0xce4b</load_address>
         <run_address>0xce4b</run_address>
         <size>0xd</size>
         <input_file_ref idref="fl-6"/>
      </object_component>
      <object_component id="oc-155">
         <name>.rodata._ZL8Rcmd2red</name>
         <load_address>0xce58</load_address>
         <run_address>0xce58</run_address>
         <size>0xd</size>
         <input_file_ref idref="fl-6"/>
      </object_component>
      <object_component id="oc-26">
         <name>.init_array</name>
         <load_address>0xf7a0</load_address>
         <run_address>0xf7a0</run_address>
         <size>0x4</size>
         <input_file_ref idref="fl-3"/>
      </object_component>
      <object_component id="oc-255">
         <name>SHT$$INIT_ARRAY$$Limit</name>
         <load_address>0xf7a4</load_address>
         <run_address>0xf7a4</run_address>
         <size>0x0</size>
      </object_component>
      <object_component id="oc-21e">
         <name>.binit</name>
         <load_address>0x0</load_address>
         <run_address>0x0</run_address>
         <size>0x0</size>
      </object_component>
      <object_component id="oc-14e">
         <name>.data.BusFreq</name>
         <load_address>0x202003d8</load_address>
         <run_address>0x202003d8</run_address>
         <size>0x4</size>
         <input_file_ref idref="fl-1"/>
      </object_component>
      <object_component id="oc-1d2">
         <name>.data.M</name>
         <load_address>0x202003dc</load_address>
         <run_address>0x202003dc</run_address>
         <size>0x4</size>
         <input_file_ref idref="fl-3"/>
      </object_component>
      <object_component id="oc-d0">
         <name>.data.Sensor</name>
         <load_address>0x2020037c</load_address>
         <run_address>0x2020037c</run_address>
         <size>0x14</size>
         <input_file_ref idref="fl-3"/>
      </object_component>
      <object_component id="oc-9f">
         <name>.data.remove_arrow</name>
         <load_address>0x20200405</load_address>
         <run_address>0x20200405</run_address>
         <size>0x1</size>
         <input_file_ref idref="fl-3"/>
      </object_component>
      <object_component id="oc-7a">
         <name>.data.right_arrow</name>
         <load_address>0x202003b0</load_address>
         <run_address>0x202003b0</run_address>
         <size>0x10</size>
         <input_file_ref idref="fl-3"/>
      </object_component>
      <object_component id="oc-f3">
         <name>.data.left_arrow</name>
         <load_address>0x202003a0</load_address>
         <run_address>0x202003a0</run_address>
         <size>0x10</size>
         <input_file_ref idref="fl-3"/>
      </object_component>
      <object_component id="oc-f5">
         <name>.data.up_arrow</name>
         <load_address>0x202003c0</load_address>
         <run_address>0x202003c0</run_address>
         <size>0x10</size>
         <input_file_ref idref="fl-3"/>
      </object_component>
      <object_component id="oc-f7">
         <name>.data.down_arrow</name>
         <load_address>0x20200390</load_address>
         <run_address>0x20200390</run_address>
         <size>0x10</size>
         <input_file_ref idref="fl-3"/>
      </object_component>
      <object_component id="oc-fa">
         <name>.data.directions</name>
         <load_address>0x2020033c</load_address>
         <run_address>0x2020033c</run_address>
         <size>0x40</size>
         <input_file_ref idref="fl-3"/>
      </object_component>
      <object_component id="oc-7b">
         <name>.data.count</name>
         <load_address>0x202003f4</load_address>
         <run_address>0x202003f4</run_address>
         <size>0x4</size>
         <input_file_ref idref="fl-3"/>
      </object_component>
      <object_component id="oc-7c">
         <name>.data.count2</name>
         <load_address>0x20200403</load_address>
         <run_address>0x20200403</run_address>
         <size>0x1</size>
         <input_file_ref idref="fl-3"/>
      </object_component>
      <object_component id="oc-a1">
         <name>.data.score</name>
         <load_address>0x202003f8</load_address>
         <run_address>0x202003f8</run_address>
         <size>0x4</size>
         <input_file_ref idref="fl-3"/>
      </object_component>
      <object_component id="oc-79">
         <name>.data.active_arrows</name>
         <load_address>0x20200000</load_address>
         <run_address>0x20200000</run_address>
         <size>0x184</size>
         <input_file_ref idref="fl-3"/>
      </object_component>
      <object_component id="oc-136">
         <name>.data.StX</name>
         <load_address>0x202003e0</load_address>
         <run_address>0x202003e0</run_address>
         <size>0x4</size>
         <input_file_ref idref="fl-6"/>
      </object_component>
      <object_component id="oc-137">
         <name>.data.StY</name>
         <load_address>0x202003e4</load_address>
         <run_address>0x202003e4</run_address>
         <size>0x4</size>
         <input_file_ref idref="fl-6"/>
      </object_component>
      <object_component id="oc-13e">
         <name>.data.StTextColor</name>
         <load_address>0x202003fc</load_address>
         <run_address>0x202003fc</run_address>
         <size>0x2</size>
         <input_file_ref idref="fl-6"/>
      </object_component>
      <object_component id="oc-127">
         <name>.data._ZL6_width</name>
         <load_address>0x202003fe</load_address>
         <run_address>0x202003fe</run_address>
         <size>0x2</size>
         <input_file_ref idref="fl-6"/>
      </object_component>
      <object_component id="oc-128">
         <name>.data._ZL7_height</name>
         <load_address>0x20200400</load_address>
         <run_address>0x20200400</run_address>
         <size>0x2</size>
         <input_file_ref idref="fl-6"/>
      </object_component>
      <object_component id="oc-9d">
         <name>.data._ZL4Stat</name>
         <load_address>0x20200402</load_address>
         <run_address>0x20200402</run_address>
         <size>0x1</size>
         <input_file_ref idref="fl-c"/>
      </object_component>
      <object_component id="oc-168">
         <name>.data._search_fp.init</name>
         <load_address>0x20200404</load_address>
         <run_address>0x20200404</run_address>
         <size>0x1</size>
         <input_file_ref idref="fl-28"/>
      </object_component>
      <object_component id="oc-144">
         <name>.data..L_MergedGlobals</name>
         <load_address>0x202003d0</load_address>
         <run_address>0x202003d0</run_address>
         <size>0x8</size>
         <input_file_ref idref="fl-2e"/>
      </object_component>
      <object_component id="oc-142">
         <name>.data._lock</name>
         <load_address>0x202003ec</load_address>
         <run_address>0x202003ec</run_address>
         <size>0x4</size>
         <input_file_ref idref="fl-2f"/>
      </object_component>
      <object_component id="oc-145">
         <name>.data._unlock</name>
         <load_address>0x202003f0</load_address>
         <run_address>0x202003f0</run_address>
         <size>0x4</size>
         <input_file_ref idref="fl-2f"/>
      </object_component>
      <object_component id="oc-123">
         <name>.data._ftable</name>
         <load_address>0x20200184</load_address>
         <run_address>0x20200184</run_address>
         <size>0xf0</size>
         <input_file_ref idref="fl-33"/>
      </object_component>
      <object_component id="oc-169">
         <name>.data.__TI_ft_end</name>
         <load_address>0x202003e8</load_address>
         <run_address>0x202003e8</run_address>
         <size>0x4</size>
         <input_file_ref idref="fl-33"/>
      </object_component>
      <object_component id="oc-20b">
         <name>.data.memory_is_initialized</name>
         <load_address>0x2020040c</load_address>
         <run_address>0x2020040c</run_address>
         <size>0x1</size>
         <input_file_ref idref="fl-35"/>
      </object_component>
      <object_component id="oc-162">
         <name>.data._device</name>
         <load_address>0x20200274</load_address>
         <run_address>0x20200274</run_address>
         <size>0x78</size>
         <input_file_ref idref="fl-81"/>
      </object_component>
      <object_component id="oc-1f5">
         <name>.data._stream</name>
         <load_address>0x202002ec</load_address>
         <run_address>0x202002ec</run_address>
         <size>0x50</size>
         <input_file_ref idref="fl-81"/>
      </object_component>
      <object_component id="oc-1f4">
         <name>.data.open.stream_init</name>
         <load_address>0x20200410</load_address>
         <run_address>0x20200410</run_address>
         <size>0x1</size>
         <input_file_ref idref="fl-83"/>
      </object_component>
      <object_component id="oc-161">
         <name>.data.add_device.device_init</name>
         <load_address>0x20200408</load_address>
         <run_address>0x20200408</run_address>
         <size>0x1</size>
         <input_file_ref idref="fl-86"/>
      </object_component>
      <object_component id="oc-69">
         <name>.bss.Count8</name>
         <uninitialized>true</uninitialized>
         <run_address>0x202007ec</run_address>
         <size>0x4</size>
         <input_file_ref idref="fl-3"/>
      </object_component>
      <object_component id="oc-68">
         <name>.bss.front8</name>
         <uninitialized>true</uninitialized>
         <run_address>0x2020080c</run_address>
         <size>0x4</size>
         <input_file_ref idref="fl-3"/>
      </object_component>
      <object_component id="oc-6a">
         <name>.bss.back8</name>
         <uninitialized>true</uninitialized>
         <run_address>0x20200804</run_address>
         <size>0x4</size>
         <input_file_ref idref="fl-3"/>
      </object_component>
      <object_component id="oc-6b">
         <name>.bss.flag8</name>
         <uninitialized>true</uninitialized>
         <run_address>0x20200808</run_address>
         <size>0x4</size>
         <input_file_ref idref="fl-3"/>
      </object_component>
      <object_component id="oc-157">
         <name>.bss._ZL8ColStart</name>
         <uninitialized>true</uninitialized>
         <run_address>0x20200814</run_address>
         <size>0x1</size>
         <input_file_ref idref="fl-6"/>
      </object_component>
      <object_component id="oc-158">
         <name>.bss._ZL8RowStart</name>
         <uninitialized>true</uninitialized>
         <run_address>0x20200815</run_address>
         <size>0x1</size>
         <input_file_ref idref="fl-6"/>
      </object_component>
      <object_component id="oc-15a">
         <name>.bss._ZL8TabColor</name>
         <uninitialized>true</uninitialized>
         <run_address>0x20200816</run_address>
         <size>0x1</size>
         <input_file_ref idref="fl-6"/>
      </object_component>
      <object_component id="oc-13d">
         <name>.bss.Message</name>
         <uninitialized>true</uninitialized>
         <run_address>0x202007d8</run_address>
         <size>0xc</size>
         <input_file_ref idref="fl-6"/>
      </object_component>
      <object_component id="oc-13c">
         <name>.bss.Messageindex</name>
         <uninitialized>true</uninitialized>
         <run_address>0x202007f0</run_address>
         <size>0x4</size>
         <input_file_ref idref="fl-6"/>
      </object_component>
      <object_component id="oc-72">
         <name>.bss.TExaSLogic</name>
         <uninitialized>true</uninitialized>
         <run_address>0x202007f4</run_address>
         <size>0x4</size>
         <input_file_ref idref="fl-a"/>
      </object_component>
      <object_component id="oc-71">
         <name>.bss.TExaSadc</name>
         <uninitialized>true</uninitialized>
         <run_address>0x202007f8</run_address>
         <size>0x4</size>
         <input_file_ref idref="fl-a"/>
      </object_component>
      <object_component id="oc-9b">
         <name>.bss._ZL6Timer1</name>
         <uninitialized>true</uninitialized>
         <run_address>0x202007fc</run_address>
         <size>0x4</size>
         <input_file_ref idref="fl-c"/>
      </object_component>
      <object_component id="oc-9c">
         <name>.bss._ZL6Timer2</name>
         <uninitialized>true</uninitialized>
         <run_address>0x20200800</run_address>
         <size>0x4</size>
         <input_file_ref idref="fl-c"/>
      </object_component>
      <object_component id="oc-209">
         <name>.bss.sys_free</name>
         <uninitialized>true</uninitialized>
         <run_address>0x20200810</run_address>
         <size>0x4</size>
         <input_file_ref idref="fl-35"/>
      </object_component>
      <object_component id="oc-20f">
         <name>.bss:_CIOBUF_</name>
         <uninitialized>true</uninitialized>
         <run_address>0x20200618</run_address>
         <size>0x120</size>
         <input_file_ref idref="fl-8f"/>
      </object_component>
      <object_component id="oc-1c5">
         <name>.common:__TI_tmpnams</name>
         <uninitialized>true</uninitialized>
         <run_address>0x20200738</run_address>
         <size>0xa0</size>
      </object_component>
      <object_component id="oc-1dc">
         <name>.common:parmbuf</name>
         <uninitialized>true</uninitialized>
         <run_address>0x202007e4</run_address>
         <size>0x8</size>
      </object_component>
      <object_component id="oc-27">
         <name>.sysmem</name>
         <uninitialized>true</uninitialized>
         <run_address>0x20200418</run_address>
         <size>0x10</size>
         <input_file_ref idref="fl-35"/>
      </object_component>
      <object_component id="oc-258">
         <name>.sysmem</name>
         <uninitialized>true</uninitialized>
         <run_address>0x20200418</run_address>
         <size>0x0</size>
      </object_component>
      <object_component id="oc-1a">
         <name>.stack</name>
         <uninitialized>true</uninitialized>
         <run_address>0x20207e00</run_address>
         <size>0x4</size>
         <input_file_ref idref="fl-36"/>
      </object_component>
      <object_component id="oc-257">
         <name>.stack</name>
         <uninitialized>true</uninitialized>
         <run_address>0x20207e00</run_address>
         <size>0x0</size>
      </object_component>
      <object_component id="oc-14f">
         <name>.debug_abbrev</name>
         <load_address>0x0</load_address>
         <run_address>0x0</run_address>
         <size>0x195</size>
         <input_file_ref idref="fl-1"/>
      </object_component>
      <object_component id="oc-6c">
         <name>.debug_abbrev</name>
         <load_address>0x195</load_address>
         <run_address>0x195</run_address>
         <size>0x33a</size>
         <input_file_ref idref="fl-3"/>
      </object_component>
      <object_component id="oc-109">
         <name>.debug_abbrev</name>
         <load_address>0x4cf</load_address>
         <run_address>0x4cf</run_address>
         <size>0x111</size>
         <input_file_ref idref="fl-4"/>
      </object_component>
      <object_component id="oc-17c">
         <name>.debug_abbrev</name>
         <load_address>0x5e0</load_address>
         <run_address>0x5e0</run_address>
         <size>0xdf</size>
         <input_file_ref idref="fl-5"/>
      </object_component>
      <object_component id="oc-125">
         <name>.debug_abbrev</name>
         <load_address>0x6bf</load_address>
         <run_address>0x6bf</run_address>
         <size>0x16d</size>
         <input_file_ref idref="fl-6"/>
      </object_component>
      <object_component id="oc-12a">
         <name>.debug_abbrev</name>
         <load_address>0x82c</load_address>
         <run_address>0x82c</run_address>
         <size>0x15a</size>
         <input_file_ref idref="fl-7"/>
      </object_component>
      <object_component id="oc-12c">
         <name>.debug_abbrev</name>
         <load_address>0x986</load_address>
         <run_address>0x986</run_address>
         <size>0x5e</size>
         <input_file_ref idref="fl-9"/>
      </object_component>
      <object_component id="oc-73">
         <name>.debug_abbrev</name>
         <load_address>0x9e4</load_address>
         <run_address>0x9e4</run_address>
         <size>0x141</size>
         <input_file_ref idref="fl-a"/>
      </object_component>
      <object_component id="oc-134">
         <name>.debug_abbrev</name>
         <load_address>0xb25</load_address>
         <run_address>0xb25</run_address>
         <size>0xf9</size>
         <input_file_ref idref="fl-b"/>
      </object_component>
      <object_component id="oc-6f">
         <name>.debug_abbrev</name>
         <load_address>0xc1e</load_address>
         <run_address>0xc1e</run_address>
         <size>0x20c</size>
         <input_file_ref idref="fl-c"/>
      </object_component>
      <object_component id="oc-3f">
         <name>.debug_abbrev</name>
         <load_address>0xe2a</load_address>
         <run_address>0xe2a</run_address>
         <size>0x6d</size>
         <input_file_ref idref="fl-e"/>
      </object_component>
      <object_component id="oc-16a">
         <name>.debug_abbrev</name>
         <load_address>0xe97</load_address>
         <run_address>0xe97</run_address>
         <size>0x13d</size>
         <input_file_ref idref="fl-28"/>
      </object_component>
      <object_component id="oc-176">
         <name>.debug_abbrev</name>
         <load_address>0xfd4</load_address>
         <run_address>0xfd4</run_address>
         <size>0x9c</size>
         <input_file_ref idref="fl-2c"/>
      </object_component>
      <object_component id="oc-140">
         <name>.debug_abbrev</name>
         <load_address>0x1070</load_address>
         <run_address>0x1070</run_address>
         <size>0xb3</size>
         <input_file_ref idref="fl-2e"/>
      </object_component>
      <object_component id="oc-189">
         <name>.debug_abbrev</name>
         <load_address>0x1123</load_address>
         <run_address>0x1123</run_address>
         <size>0x73</size>
         <input_file_ref idref="fl-2f"/>
      </object_component>
      <object_component id="oc-179">
         <name>.debug_abbrev</name>
         <load_address>0x1196</load_address>
         <run_address>0x1196</run_address>
         <size>0x77</size>
         <input_file_ref idref="fl-33"/>
      </object_component>
      <object_component id="oc-62">
         <name>.debug_abbrev</name>
         <load_address>0x120d</load_address>
         <run_address>0x120d</run_address>
         <size>0x220</size>
         <input_file_ref idref="fl-35"/>
      </object_component>
      <object_component id="oc-41">
         <name>.debug_abbrev</name>
         <load_address>0x142d</load_address>
         <run_address>0x142d</run_address>
         <size>0xaf</size>
         <input_file_ref idref="fl-36"/>
      </object_component>
      <object_component id="oc-146">
         <name>.debug_abbrev</name>
         <load_address>0x14dc</load_address>
         <run_address>0x14dc</run_address>
         <size>0x186</size>
         <input_file_ref idref="fl-38"/>
      </object_component>
      <object_component id="oc-aa">
         <name>.debug_abbrev</name>
         <load_address>0x1662</load_address>
         <run_address>0x1662</run_address>
         <size>0x39</size>
         <input_file_ref idref="fl-39"/>
      </object_component>
      <object_component id="oc-7f">
         <name>.debug_abbrev</name>
         <load_address>0x169b</load_address>
         <run_address>0x169b</run_address>
         <size>0xcb</size>
         <input_file_ref idref="fl-3b"/>
      </object_component>
      <object_component id="oc-4e">
         <name>.debug_abbrev</name>
         <load_address>0x1766</load_address>
         <run_address>0x1766</run_address>
         <size>0x70</size>
         <input_file_ref idref="fl-3c"/>
      </object_component>
      <object_component id="oc-46">
         <name>.debug_abbrev</name>
         <load_address>0x17d6</load_address>
         <run_address>0x17d6</run_address>
         <size>0x9c</size>
         <input_file_ref idref="fl-3d"/>
      </object_component>
      <object_component id="oc-1c6">
         <name>.debug_abbrev</name>
         <load_address>0x1872</load_address>
         <run_address>0x1872</run_address>
         <size>0xa4</size>
         <input_file_ref idref="fl-43"/>
      </object_component>
      <object_component id="oc-1fd">
         <name>.debug_abbrev</name>
         <load_address>0x1916</load_address>
         <run_address>0x1916</run_address>
         <size>0xb2</size>
         <input_file_ref idref="fl-44"/>
      </object_component>
      <object_component id="oc-212">
         <name>.debug_abbrev</name>
         <load_address>0x19c8</load_address>
         <run_address>0x19c8</run_address>
         <size>0x77</size>
         <input_file_ref idref="fl-80"/>
      </object_component>
      <object_component id="oc-1b0">
         <name>.debug_abbrev</name>
         <load_address>0x1a3f</load_address>
         <run_address>0x1a3f</run_address>
         <size>0x99</size>
[...]
      </symbol>
      <symbol id="sm-15f">
         <name>_Z12ST7735_InitR10initRFlags</name>
         <value>0xe189</value>
         <object_component_ref idref="oc-10b"/>
      </symbol>
      <symbol id="sm-160">
         <name>_Z16ST7735_DrawPixelsst</name>
         <value>0xe7b5</value>
         <object_component_ref idref="oc-182"/>
      </symbol>
      <symbol id="sm-161">
         <name>_Z17ST7735_DrawBitmapssPKtss</name>
         <value>0xd099</value>
         <object_component_ref idref="oc-c3"/>
      </symbol>
      <symbol id="sm-162">
         <name>_Z16ST7735_DrawCharSsscssh</name>
         <value>0xd45d</value>
         <object_component_ref idref="oc-13b"/>
      </symbol>
      <symbol id="sm-163">
         <name>_Z17ST7735_DrawStringttPcs</name>
         <value>0xe459</value>
         <object_component_ref idref="oc-13a"/>
      </symbol>
      <symbol id="sm-164">
         <name>_Z11fillmessagej</name>
         <value>0xec09</value>
         <object_component_ref idref="oc-139"/>
      </symbol>
      <symbol id="sm-165">
         <name>Messageindex</name>
         <value>0x202007f0</value>
         <object_component_ref idref="oc-13c"/>
      </symbol>
      <symbol id="sm-166">
         <name>Message</name>
         <value>0x202007d8</value>
         <object_component_ref idref="oc-13d"/>
      </symbol>
      <symbol id="sm-167">
         <name>_Z14ST7735_OutUDecj</name>
         <value>0xe3d5</value>
         <object_component_ref idref="oc-ce"/>
      </symbol>
      <symbol id="sm-168">
         <name>_Z14ST7735_OutCharc</name>
         <value>0xde29</value>
         <object_component_ref idref="oc-138"/>
      </symbol>
      <symbol id="sm-169">
         <name>_Z16ST7735_OutStringPc</name>
         <value>0xf461</value>
         <object_component_ref idref="oc-cd"/>
      </symbol>
      <symbol id="sm-16a">
         <name>_Z11ST7735_openPKcji</name>
         <value>0xf64d</value>
         <object_component_ref idref="oc-121"/>
      </symbol>
      <symbol id="sm-16b">
         <name>_Z12ST7735_closei</name>
         <value>0xf759</value>
         <object_component_ref idref="oc-122"/>
      </symbol>
      <symbol id="sm-16c">
         <name>_Z11ST7735_readiPcj</name>
         <value>0xf663</value>
         <object_component_ref idref="oc-11f"/>
      </symbol>
      <symbol id="sm-16d">
         <name>_Z12ST7735_writeiPKcj</name>
         <value>0xf1c1</value>
         <object_component_ref idref="oc-11e"/>
      </symbol>
      <symbol id="sm-16e">
         <name>_Z12ST7735_lseekili</name>
         <value>0xf6fd</value>
         <object_component_ref idref="oc-11d"/>
      </symbol>
      <symbol id="sm-16f">
         <name>_Z13ST7735_unlinkPKc</name>
         <value>0xf763</value>
         <object_component_ref idref="oc-11c"/>
      </symbol>
      <symbol id="sm-170">
         <name>_Z13ST7735_renamePKcS0_</name>
         <value>0xf741</value>
         <object_component_ref idref="oc-11b"/>
      </symbol>
      <symbol id="sm-171">
         <name>_Z17ST7735_InitPrintfv</name>
         <value>0xe0ed</value>
         <object_component_ref idref="oc-b2"/>
      </symbol>
      <symbol id="sm-180">
         <name>_ZN8SlidePot4InitEv</name>
         <value>0xe5dd</value>
         <object_component_ref idref="oc-b8"/>
      </symbol>
      <symbol id="sm-181">
         <name>_ZN8SlidePot2InEv</name>
         <value>0xef11</value>
         <object_component_ref idref="oc-c4"/>
      </symbol>
      <symbol id="sm-182">
         <name>_ZN8SlidePotC2Ejj</name>
         <value>0xf679</value>
         <object_component_ref idref="oc-f0"/>
      </symbol>
      <symbol id="sm-183">
         <name>_ZN8SlidePotC1Ejj</name>
         <value>0xf679</value>
         <object_component_ref idref="oc-f0"/>
      </symbol>
      <symbol id="sm-18d">
         <name>_Z11Switch_Initv</name>
         <value>0xe0eb</value>
         <object_component_ref idref="oc-bd"/>
      </symbol>
      <symbol id="sm-197">
         <name>TIMG7_IRQHandler</name>
         <value>0xefe1</value>
         <object_component_ref idref="oc-39"/>
      </symbol>
      <symbol id="sm-198">
         <name>TExaSadc</name>
         <value>0x202007f8</value>
         <object_component_ref idref="oc-71"/>
      </symbol>
      <symbol id="sm-199">
         <name>TExaSLogic</name>
         <value>0x202007f4</value>
         <object_component_ref idref="oc-72"/>
      </symbol>
      <symbol id="sm-1a3">
         <name>_Z15TimerG12_IntArmjj</name>
         <value>0xe2b9</value>
         <object_component_ref idref="oc-c6"/>
      </symbol>
      <symbol id="sm-1b6">
         <name>_Z14disk_timerprocv</name>
         <value>0xe745</value>
         <object_component_ref idref="oc-6e"/>
      </symbol>
      <symbol id="sm-1b7">
         <name>TIMG6_IRQHandler</name>
         <value>0xf605</value>
         <object_component_ref idref="oc-34"/>
      </symbol>
      <symbol id="sm-1c5">
         <name>Default_Handler</name>
         <value>0xf789</value>
         <object_component_ref idref="oc-2d"/>
      </symbol>
      <symbol id="sm-1c6">
         <name>Reset_Handler</name>
         <value>0xf791</value>
         <object_component_ref idref="oc-29"/>
      </symbol>
      <symbol id="sm-1c7">
         <name>HardFault_Handler</name>
         <value>0xf78d</value>
         <object_component_ref idref="oc-2e"/>
      </symbol>
      <symbol id="sm-1c8">
         <name>interruptVectors</name>
         <value>0x0</value>
         <object_component_ref idref="oc-18"/>
      </symbol>
      <symbol id="sm-1c9">
         <name>NMI_Handler</name>
         <value>0xf789</value>
         <object_component_ref idref="oc-2d"/>
      </symbol>
      <symbol id="sm-1ca">
         <name>SVC_Handler</name>
         <value>0xf789</value>
         <object_component_ref idref="oc-2d"/>
      </symbol>
      <symbol id="sm-1cb">
         <name>PendSV_Handler</name>
         <value>0xf789</value>
         <object_component_ref idref="oc-2d"/>
      </symbol>
      <symbol id="sm-1cc">
         <name>GROUP0_IRQHandler</name>
         <value>0xf789</value>
         <object_component_ref idref="oc-2d"/>
      </symbol>
      <symbol id="sm-1cd">
         <name>GROUP1_IRQHandler</name>
         <value>0xf789</value>
         <object_component_ref idref="oc-2d"/>
      </symbol>
      <symbol id="sm-1ce">
         <name>TIMG8_IRQHandler</name>
         <value>0xf789</value>
         <object_component_ref idref="oc-2d"/>
      </symbol>
      <symbol id="sm-1cf">
         <name>UART3_IRQHandler</name>
         <value>0xf789</value>
         <object_component_ref idref="oc-2d"/>
      </symbol>
      <symbol id="sm-1d0">
         <name>ADC0_IRQHandler</name>
         <value>0xf789</value>
         <object_component_ref idref="oc-2d"/>
      </symbol>
      <symbol id="sm-1d1">
         <name>ADC1_IRQHandler</name>
         <value>0xf789</value>
         <object_component_ref idref="oc-2d"/>
      </symbol>
      <symbol id="sm-1d2">
         <name>CANFD0_IRQHandler</name>
         <value>0xf789</value>
         <object_component_ref idref="oc-2d"/>
      </symbol>
      <symbol id="sm-1d3">
         <name>DAC0_IRQHandler</name>
         <value>0xf789</value>
         <object_component_ref idref="oc-2d"/>
      </symbol>
      <symbol id="sm-1d4">
         <name>SPI0_IRQHandler</name>
         <value>0xf789</value>
         <object_component_ref idref="oc-2d"/>
      </symbol>
      <symbol id="sm-1d5">
         <name>SPI1_IRQHandler</name>
         <value>0xf789</value>
         <object_component_ref idref="oc-2d"/>
      </symbol>
      <symbol id="sm-1d6">
         <name>UART1_IRQHandler</name>
         <value>0xf789</value>
         <object_component_ref idref="oc-2d"/>
      </symbol>
      <symbol id="sm-1d7">
         <name>UART2_IRQHandler</name>
         <value>0xf789</value>
         <object_component_ref idref="oc-2d"/>
      </symbol>
      <symbol id="sm-1d8">
         <name>UART0_IRQHandler</name>
         <value>0xf789</value>
         <object_component_ref idref="oc-2d"/>
      </symbol>
      <symbol id="sm-1d9">
         <name>TIMG0_IRQHandler</name>
         <value>0xf789</value>
         <object_component_ref idref="oc-2d"/>
      </symbol>
      <symbol id="sm-1da">
         <name>TIMA0_IRQHandler</name>
         <value>0xf789</value>
         <object_component_ref idref="oc-2d"/>
      </symbol>
      <symbol id="sm-1db">
         <name>TIMA1_IRQHandler</name>
         <value>0xf789</value>
         <object_component_ref idref="oc-2d"/>
      </symbol>
      <symbol id="sm-1dc">
         <name>I2C0_IRQHandler</name>
         <value>0xf789</value>
         <object_component_ref idref="oc-2d"/>
      </symbol>
      <symbol id="sm-1dd">
         <name>I2C1_IRQHandler</name>
         <value>0xf789</value>
         <object_component_ref idref="oc-2d"/>
      </symbol>
      <symbol id="sm-1de">
         <name>AES_IRQHandler</name>
         <value>0xf789</value>
         <object_component_ref idref="oc-2d"/>
      </symbol>
      <symbol id="sm-1df">
         <name>RTC_IRQHandler</name>
         <value>0xf789</value>
         <object_component_ref idref="oc-2d"/>
      </symbol>
      <symbol id="sm-1e0">
         <name>DMA_IRQHandler</name>
         <value>0xf789</value>
         <object_component_ref idref="oc-2d"/>
      </symbol>
      <symbol id="sm-1f9">
         <name>fopen</name>
         <value>0xe4dd</value>
         <object_component_ref idref="oc-110"/>
      </symbol>
      <symbol id="sm-1fa">
         <name>__TI_cleanup</name>
         <value>0xf25d</value>
         <object_component_ref idref="oc-175"/>
      </symbol>
      <symbol id="sm-1fb">
         <name>freopen</name>
         <value>0xf32d</value>
         <object_component_ref idref="oc-116"/>
      </symbol>
      <symbol id="sm-208">
         <name>setvbuf</name>
         <value>0xdc6d</value>
         <object_component_ref idref="oc-117"/>
      </symbol>
      <symbol id="sm-217">
         <name>abort</name>
         <value>0xf799</value>
         <object_component_ref idref="oc-d7"/>
      </symbol>
      <symbol id="sm-218">
         <name>C$$EXIT</name>
         <value>0xf798</value>
         <object_component_ref idref="oc-d7"/>
      </symbol>
      <symbol id="sm-219">
         <name>__TI_cleanup_ptr</name>
         <value>0x202003d0</value>
         <object_component_ref idref="oc-144"/>
      </symbol>
      <symbol id="sm-21a">
         <name>__TI_dtors_ptr</name>
         <value>0x202003d4</value>
         <object_component_ref idref="oc-144"/>
      </symbol>
      <symbol id="sm-21b">
         <name>exit</name>
         <value>0xf2f9</value>
         <object_component_ref idref="oc-dc"/>
      </symbol>
      <symbol id="sm-224">
         <name>_nop</name>
         <value>0xf487</value>
         <object_component_ref idref="oc-185"/>
      </symbol>
      <symbol id="sm-225">
         <name>_lock</name>
         <value>0x202003ec</value>
         <object_component_ref idref="oc-142"/>
      </symbol>
      <symbol id="sm-226">
         <name>_unlock</name>
         <value>0x202003f0</value>
         <object_component_ref idref="oc-145"/>
      </symbol>
      <symbol id="sm-22e">
         <name>_ftable</name>
         <value>0x20200184</value>
         <object_component_ref idref="oc-123"/>
      </symbol>
      <symbol id="sm-22f">
         <name>__TI_ft_end</name>
         <value>0x202003e8</value>
         <object_component_ref idref="oc-169"/>
      </symbol>
      <symbol id="sm-230">
         <name>__TI_tmpnams</name>
         <value>0x20200738</value>
      </symbol>
      <symbol id="sm-251">
         <name>malloc</name>
         <value>0xf74d</value>
         <object_component_ref idref="oc-174"/>
      </symbol>
      <symbol id="sm-252">
         <name>aligned_alloc</name>
         <value>0xd739</value>
         <object_component_ref idref="oc-1ca"/>
      </symbol>
      <symbol id="sm-253">
         <name>free</name>
         <value>0xd98d</value>
         <object_component_ref idref="oc-172"/>
      </symbol>
      <symbol id="sm-254">
         <name>_sys_memory</name>
         <value>0x20200418</value>
         <object_component_ref idref="oc-27"/>
      </symbol>
      <symbol id="sm-255">
         <name>memalign</name>
         <value>0xd739</value>
         <object_component_ref idref="oc-1ca"/>
      </symbol>
      <symbol id="sm-260">
         <name>_c_int00_noargs</name>
         <value>0xf439</value>
         <object_component_ref idref="oc-5a"/>
      </symbol>
      <symbol id="sm-261">
         <name>__stack</name>
         <value>0x20207e00</value>
         <object_component_ref idref="oc-1a"/>
      </symbol>
      <symbol id="sm-26d">
         <name>__TI_auto_init_nobinit</name>
         <value>0xec5d</value>
         <object_component_ref idref="oc-e4"/>
      </symbol>
      <symbol id="sm-275">
         <name>_system_pre_init</name>
         <value>0xf795</value>
         <object_component_ref idref="oc-85"/>
      </symbol>
      <symbol id="sm-280">
         <name>__TI_zero_init_nomemset</name>
         <value>0xf6a5</value>
         <object_component_ref idref="oc-51"/>
      </symbol>
      <symbol id="sm-289">
         <name>__TI_decompress_none</name>
         <value>0xf6cb</value>
         <object_component_ref idref="oc-20"/>
      </symbol>
      <symbol id="sm-294">
         <name>__TI_decompress_lzss</name>
         <value>0xe9cd</value>
         <object_component_ref idref="oc-1c"/>
      </symbol>
      <symbol id="sm-2a4">
         <name>__TI_closefile</name>
         <value>0xe659</value>
         <object_component_ref idref="oc-16c"/>
      </symbol>
      <symbol id="sm-2ae">
         <name>__TI_doflush</name>
         <value>0xed51</value>
         <object_component_ref idref="oc-1b7"/>
      </symbol>
      <symbol id="sm-2ba">
         <name>write</name>
         <value>0xf411</value>
         <object_component_ref idref="oc-1f9"/>
      </symbol>
      <symbol id="sm-2bf">
         <name>_device</name>
         <value>0x20200274</value>
         <object_component_ref idref="oc-162"/>
      </symbol>
      <symbol id="sm-2c0">
         <name>_stream</name>
         <value>0x202002ec</value>
         <object_component_ref idref="oc-1f5"/>
      </symbol>
      <symbol id="sm-2c9">
         <name>remove</name>
         <value>0xf777</value>
         <object_component_ref idref="oc-1c1"/>
      </symbol>
      <symbol id="sm-2d5">
         <name>open</name>
         <value>0xdfa1</value>
         <object_component_ref idref="oc-1b3"/>
      </symbol>
      <symbol id="sm-2e0">
         <name>close</name>
         <value>0xeda1</value>
         <object_component_ref idref="oc-1bd"/>
      </symbol>
      <symbol id="sm-2ec">
         <name>add_device</name>
         <value>0xdb85</value>
         <object_component_ref idref="oc-10c"/>
      </symbol>
      <symbol id="sm-2f6">
         <name>unlink</name>
         <value>0xf3bd</value>
         <object_component_ref idref="oc-202"/>
      </symbol>
      <symbol id="sm-300">
         <name>HOSTclose</name>
         <value>0xedf1</value>
         <object_component_ref idref="oc-196"/>
      </symbol>
      <symbol id="sm-30a">
         <name>HOSTlseek</name>
         <value>0xe8fd</value>
         <object_component_ref idref="oc-1a2"/>
      </symbol>
      <symbol id="sm-314">
         <name>HOSTopen</name>
         <value>0xeafd</value>
         <object_component_ref idref="oc-192"/>
      </symbol>
      <symbol id="sm-315">
         <name>parmbuf</name>
         <value>0x202007e4</value>
      </symbol>
      <symbol id="sm-31f">
         <name>HOSTread</name>
         <value>0xeb59</value>
         <object_component_ref idref="oc-19a"/>
      </symbol>
      <symbol id="sm-330">
         <name>HOSTrename</name>
         <value>0xe965</value>
         <object_component_ref idref="oc-1aa"/>
      </symbol>
      <symbol id="sm-33a">
         <name>HOSTunlink</name>
         <value>0xee39</value>
         <object_component_ref idref="oc-1a6"/>
      </symbol>
      <symbol id="sm-344">
         <name>HOSTwrite</name>
         <value>0xebb1</value>
         <object_component_ref idref="oc-19e"/>
      </symbol>
      <symbol id="sm-352">
         <name>C$$IO$$</name>
         <value>0xf2ef</value>
         <object_component_ref idref="oc-1d5"/>
      </symbol>
      <symbol id="sm-353">
         <name>__TI_writemsg</name>
         <value>0xf2c5</value>
         <object_component_ref idref="oc-1d5"/>
      </symbol>
      <symbol id="sm-354">
         <name>__CIOBUF_</name>
         <value>0x20200618</value>
         <object_component_ref idref="oc-20f"/>
      </symbol>
      <symbol id="sm-355">
         <name>__TI_readmsg</name>
         <value>0xf291</value>
         <object_component_ref idref="oc-1db"/>
      </symbol>
      <symbol id="sm-356">
         <name>_CIOBUF_</name>
         <value>0x20200618</value>
         <object_component_ref idref="oc-20f"/>
      </symbol>
      <symbol id="sm-35c">
         <name>__aeabi_memcpy</name>
         <value>0xf781</value>
         <object_component_ref idref="oc-4a"/>
      </symbol>
      <symbol id="sm-35d">
         <name>__aeabi_memcpy4</name>
         <value>0xf781</value>
         <object_component_ref idref="oc-4a"/>
      </symbol>
      <symbol id="sm-35e">
         <name>__aeabi_memcpy8</name>
         <value>0xf781</value>
         <object_component_ref idref="oc-4a"/>
      </symbol>
      <symbol id="sm-364">
         <name>__aeabi_memset</name>
         <value>0xf5e9</value>
         <object_component_ref idref="oc-81"/>
      </symbol>
      <symbol id="sm-365">
         <name>__aeabi_memset4</name>
         <value>0xf5e9</value>
         <object_component_ref idref="oc-81"/>
      </symbol>
      <symbol id="sm-366">
         <name>__aeabi_memset8</name>
         <value>0xf5e9</value>
         <object_component_ref idref="oc-81"/>
      </symbol>
      <symbol id="sm-367">
         <name>__aeabi_memclr</name>
         <value>0xf5f9</value>
         <object_component_ref idref="oc-81"/>
      </symbol>
      <symbol id="sm-368">
         <name>__aeabi_memclr4</name>
         <value>0xf5f9</value>
         <object_component_ref idref="oc-81"/>
      </symbol>
      <symbol id="sm-369">
         <name>__aeabi_memclr8</name>
         <value>0xf5f9</value>
         <object_component_ref idref="oc-81"/>
      </symbol>
      <symbol id="sm-36f">
         <name>__aeabi_uidiv</name>
         <value>0xf0a1</value>
         <object_component_ref idref="oc-17e"/>
      </symbol>
      <symbol id="sm-370">
         <name>__aeabi_uidivmod</name>
         <value>0xf0a1</value>
         <object_component_ref idref="oc-17e"/>
      </symbol>
      <symbol id="sm-37b">
         <name>__aeabi_idiv0</name>
         <value>0xe8fb</value>
         <object_component_ref idref="oc-1cb"/>
      </symbol>
      <symbol id="sm-389">
         <name>finddevice</name>
         <value>0xf189</value>
         <object_component_ref idref="oc-15b"/>
      </symbol>
      <symbol id="sm-38a">
         <name>getdevice</name>
         <value>0xe825</value>
         <object_component_ref idref="oc-1f3"/>
      </symbol>
      <symbol id="sm-393">
         <name>TI_memcpy_small</name>
         <value>0xf6b9</value>
         <object_component_ref idref="oc-a2"/>
      </symbol>
      <symbol id="sm-39c">
         <name>TI_memset_small</name>
         <value>0xf727</value>
         <object_component_ref idref="oc-fd"/>
      </symbol>
      <symbol id="sm-39d">
         <name>__TI_static_base__</name>
         <value>0x0</value>
      </symbol>
      <symbol id="sm-3a0">
         <name>__mpu_init</name>
         <value>0x0</value>
      </symbol>
      <symbol id="sm-3a1">
         <name>_system_post_cinit</name>
         <value>0x0</value>
      </symbol>
   </symbol_table>
   <title>Link successful</title>
</link_info>
