******************************************************************************
            TI ARM Clang Linker Unix v2.1.3                    
******************************************************************************
>> Linked Wed May 29 14:44:14 2024

OUTPUT FILE NAME:   <ECE319K_Lab9H.out>
ENTRY POINT SYMBOL: "_c_int00_noargs"  address: 0000f521


MEMORY CONFIGURATION

         name            origin    length      used     unused   attr    fill
----------------------  --------  ---------  --------  --------  ----  --------
  FLASH                 00000000   00020000  0000f950  000106b0  R  X
  SRAM                  20200000   00008000  00000a3c  000075c4  RW X
  BCR_CONFIG            41c00000   00000080  00000000  00000080  R   
  BSL_CONFIG            41c00100   00000080  00000000  00000080  R   


SEGMENT ALLOCATION MAP

run origin  load origin   length   init length attrs members
----------  ----------- ---------- ----------- ----- -------
00000000    00000000    0000f950   0000f950    r-x
  00000000    00000000    000000c0   000000c0    r-- .intvecs
  000000c0    000000c0    0000cda8   0000cda8    r-- .rodata
  0000ce68    0000ce68    00002a50   00002a50    r-x .text
  0000f8b8    0000f8b8    00000008   00000008    r-- .init_array
  0000f8c0    0000f8c0    00000090   00000090    r-- .cinit
20200000    20200000    0000083f   00000000    rw-
  20200000    20200000    0000043d   00000000    rw- .data
  20200440    20200440    00000200   00000000    rw- .sysmem
  20200640    20200640    000001ff   00000000    rw- .bss
20207e00    20207e00    00000200   00000000    rw-
  20207e00    20207e00    00000200   00000000    rw- .stack


SECTION ALLOCATION MAP

 output                                  attributes/
section   page    origin      length       input sections
--------  ----  ----------  ----------   ----------------
.intvecs   0    00000000    000000c0     
                  00000000    000000c0     startup_mspm0g3507_ticlang.o (.intvecs)

.binit     0    00000000    00000000     

.text      0    0000ce68    00002a50     
                  0000ce68    0000022c     Lab9HMain.o (.text.main)
                  0000d094    00000210     ST7735.o (.text._Z17ST7735_DrawBitmapssPKtss)
                  0000d2a4    000001b4     Clock.o (.text._Z15Clock_Init80MHzi)
                  0000d458    000001a0     ST7735.o (.text._Z16ST7735_DrawCharSsscssh)
                  0000d5f8    0000013c     libc.a : fopen.c.obj (.text._openfile)
                  0000d734    0000013c            : memory.c.obj (.text.aligned_alloc)
                  0000d870    00000118     ST7735.o (.text._Z15ST7735_FillRectsssst)
                  0000d988    00000100     libc.a : memory.c.obj (.text.free)
                  0000da88    000000f8     SPI.o (.text._Z8SPI_Initv)
                  0000db80    000000e8     libsysbm.a : add_device.c.obj (.text.add_device)
                  0000dc68    000000e0     libc.a : setvbuf.c.obj (.text.setvbuf)
                  0000dd48    000000dc     Lab9HMain.o (.text.TIMG12_IRQHandler)
                  0000de24    000000d0     ST7735.o (.text._Z14ST7735_OutCharc)
                  0000def4    000000a8     Lab9HMain.o (.text._ZN6Arrows11target_zoneEv)
                  0000df9c    000000a8     libsysbm.a : open.c.obj (.text.open)
                  0000e044    000000a2     ST7735.o (.text._ZL11commandListPKh)
                  0000e0e6    00000002     Switch.o (.text._Z11Switch_Initv)
                  0000e0e8    0000009c     ST7735.o (.text._Z17ST7735_InitPrintfv)
                  0000e184    00000098     ST7735.o (.text._Z12ST7735_InitR10initRFlags)
                  0000e21c    00000098     Lab9HMain.o (.text._ZN6Arrows11Adjust_ListEv)
                  0000e2b4    00000094     Timer.o (.text._Z15TimerG12_IntArmjj)
                  0000e348    00000088     ST7735.o (.text._ZL13setAddrWindowhhhh)
                  0000e3d0    00000084     ST7735.o (.text._Z14ST7735_OutUDecj)
                  0000e454    00000084     ST7735.o (.text._Z17ST7735_DrawStringttPcs)
                  0000e4d8    00000084     libc.a : fopen.c.obj (.text.fopen)
                  0000e55c    0000007c     LaunchPad.o (.text._Z14LaunchPad_Initv)
                  0000e5d8    0000007c     SlidePot.o (.text._ZN8SlidePot4InitEv)
                  0000e654    0000007c     libc.a : fclose.c.obj (.text.__TI_closefile)
                  0000e6d0    00000070     Lab9HMain.o (.text.SysTick_Handler)
                  0000e740    00000070     diskio.o (.text._Z14disk_timerprocv)
                  0000e7b0    00000070     ST7735.o (.text._Z16ST7735_DrawPixelsst)
                  0000e820    0000006c     libc.a : getdevice.c.obj (.text.getdevice)
                  0000e88c    0000006a     Lab9HMain.o (.text._ZN10arrow_listC2Ev)
                  0000e8f6    00000002     LED.o (.text._Z8LED_Initv)
                  0000e8f8    00000068     libsysbm.a : hostlseek.c.obj (.text.HOSTlseek)
                  0000e960    00000068                : hostrename.c.obj (.text.HOSTrename)
                  0000e9c8    00000068     libc.a : copy_decompress_lzss.c.obj (.text:decompress:lzss)
                  0000ea30    00000066     FIFO2.o (.text._ZN5Queue3PutEc)
                  0000ea96    00000002     libclang_rt.builtins.a : aeabi_div0.c.obj (.text.__aeabi_idiv0)
                  0000ea98    00000064     Lab9HMain.o (.text._Z12random_arrowv)
                  0000eafc    00000064     libc.a : memory.c.obj (.text.split)
                  0000eb60    0000005c     libsysbm.a : hostopen.c.obj (.text.HOSTopen)
                  0000ebbc    00000058                : hostread.c.obj (.text.HOSTread)
                  0000ec14    00000058                : hostwrite.c.obj (.text.HOSTwrite)
                  0000ec6c    00000058     UART2.o (.text.UART2_IRQHandler)
                  0000ecc4    00000054     ST7735.o (.text._Z11fillmessagej)
                  0000ed18    00000054     libc.a : autoinit.c.obj (.text:__TI_auto_init_nobinit)
                  0000ed6c    00000050     Lab9HMain.o (.text._ZN6Arrows4moveEv)
                  0000edbc    00000050     Lab9HMain.o (.text._ZN6ArrowsaSERKS_)
                  0000ee0c    00000050     libc.a : fflush.c.obj (.text.__TI_doflush)
                  0000ee5c    00000050     libsysbm.a : close.c.obj (.text.close)
                  0000eeac    00000048                : hostclose.c.obj (.text.HOSTclose)
                  0000eef4    00000048                : hostunlink.c.obj (.text.HOSTunlink)
                  0000ef3c    00000048     SPI.o (.text._Z14SPI_OutCommandc)
                  0000ef84    00000048     Lab9HMain.o (.text._ZN6Arrows7pressedEv)
                  0000efcc    00000048     SlidePot.o (.text._ZN8SlidePot2InEv)
                  0000f014    00000044     Lab9HMain.o (.text._ZN6ArrowsC2EhPKthhh)
                  0000f058    00000044     Lab9HMain.o (.text.__cxx_global_var_init.5)
                  0000f09c    00000040     TExaS.o (.text.TIMG7_IRQHandler)
                  0000f0dc    00000040     SPI.o (.text._Z9SPI_Resetv)
                  0000f11c    00000040     Lab9HMain.o (.text._ZN6ArrowsC2ERS_)
                  0000f15c    00000040     libclang_rt.builtins.a : aeabi_uidivmod.S.obj (.text)
                  0000f19c    00000038     SPI.o (.text._Z11SPI_OutDatac)
                  0000f1d4    00000038     LaunchPad.o (.text._Z15ActivatePortA_Bv)
                  0000f20c    00000038     Lab9HMain.o (.text._Z8Key_Initv)
                  0000f244    00000038     libc.a : getdevice.c.obj (.text.finddevice)
                  0000f27c    00000034     ST7735.o (.text._Z12ST7735_writeiPKcj)
                  0000f2b0    00000034     Clock.o (.text._Z14Clock_Delay1msj)
                  0000f2e4    00000034     ST7735.o (.text._Z16ST7735_SetCursorjj)
                  0000f318    00000034     libc.a : fopen.c.obj (.text.__TI_cleanup)
                  0000f34c    00000034     libsysbm.a : trgmsg.c.obj (.text.__TI_readmsg)
                  0000f380    00000034                : trgmsg.c.obj (.text.__TI_writemsg)
                  0000f3b4    00000034     libc.a : exit.c.obj (.text.exit)
                  0000f3e8    00000034            : fopen.c.obj (.text.freopen)
                  0000f41c    00000030     ST7735.o (.text._ZL10commonInitPKh)
                  0000f44c    0000002c     ST7735.o (.text._Z17ST7735_FillScreent)
                  0000f478    0000002c     libsysbm.a : unlink.c.obj (.text.unlink)
                  0000f4a4    0000002a     FIFO2.o (.text._ZN5Queue6IsFullEv)
                  0000f4ce    00000002     libc.a : _lock.c.obj (.text._nop)
                  0000f4d0    00000028            : memory.c.obj (.text.free_list_insert)
                  0000f4f8    00000028     libsysbm.a : write.c.obj (.text.write)
                  0000f520    00000028     libc.a : boot_cortex_m.c.obj (.text:_c_int00_noargs)
                  0000f548    00000026     ST7735.o (.text._Z16ST7735_OutStringPc)
                  0000f56e    00000002     --HOLE-- [fill = 0]
                  0000f570    00000024     Lab9HMain.o (.text.__cxx_global_var_init.1)
                  0000f594    00000024     Lab9HMain.o (.text.__cxx_global_var_init.2)
                  0000f5b8    00000024     Lab9HMain.o (.text.__cxx_global_var_init.3)
                  0000f5dc    00000024     Lab9HMain.o (.text.__cxx_global_var_init.4)
                  0000f600    00000020     Lab9HMain.o (.text._GLOBAL__sub_I_Lab9HMain.cpp)
                  0000f620    00000020     Lab9HMain.o (.text._Z8Random32v)
                  0000f640    0000001e     ST7735.o (.text._ZL9pushColort)
                  0000f65e    00000002     --HOLE-- [fill = 0]
                  0000f660    0000001c     Lab9HMain.o (.text._Z6Key_Inv)
                  0000f67c    0000001c     Lab9HMain.o (.text._ZN6Arrows4drawEv)
                  0000f698    0000001c     Lab9HMain.o (.text._ZN6ArrowsC2Ev)
                  0000f6b4    0000001c     libc.a : memory.c.obj (.text.free_list_remove)
                  0000f6d0    0000001c     libclang_rt.builtins.a : aeabi_memset.S.obj (.text)
                  0000f6ec    00000018     diskio.o (.text.TIMG6_IRQHandler)
                  0000f704    00000018     Lab9HMain.o (.text._Z6Randomj)
                  0000f71c    00000018     FIFO2.o (.text._ZN5QueueC2Ev)
                  0000f734    00000018     Lab9HMain.o (.text.__cxx_global_var_init)
                  0000f74c    00000016     ST7735.o (.text._Z11ST7735_openPKcji)
                  0000f762    00000016     ST7735.o (.text._Z11ST7735_readiPcj)
                  0000f778    00000016     SlidePot.o (.text._ZN8SlidePotC2Ejj)
                  0000f78e    00000002     --HOLE-- [fill = 0]
                  0000f790    00000014     Lab9HMain.o (.text._Z7DAC_Outj)
                  0000f7a4    00000014     libc.a : copy_zero_init.c.obj (.text:decompress:ZI:__TI_zero_init_nomemset)
                  0000f7b8    00000012            : memcpy16.S.obj (.text:TI_memcpy_small)
                  0000f7ca    00000012            : copy_decompress_none.c.obj (.text:decompress:none)
                  0000f7dc    00000010     Clock.o (.text._Z11Clock_Delayj)
                  0000f7ec    00000010     Lab9HMain.o (.text.__cxx_global_var_init.6)
                  0000f7fc    00000010     UART2.o (.text.__cxx_global_var_init)
                  0000f80c    0000000e     ST7735.o (.text._Z12ST7735_lseekili)
                  0000f81a    0000000e     libsysbm.a : hostrename.c.obj (.text.strcpy)
                  0000f828    0000000e                : hostrename.c.obj (.text.strlen)
                  0000f836    0000000e     libc.a : memset16.S.obj (.text:TI_memset_small)
                  0000f844    0000000c     Clock.o (.text._Z10Clock_Freqv)
                  0000f850    0000000c     ST7735.o (.text._Z13ST7735_renamePKcS0_)
                  0000f85c    0000000c     libc.a : memory.c.obj (.text.malloc)
                  0000f868    0000000a     ST7735.o (.text._Z12ST7735_closei)
                  0000f872    0000000a     ST7735.o (.text._Z13ST7735_unlinkPKc)
                  0000f87c    0000000a     Lab9HMain.o (.text._Z8PLL_Initv)
                  0000f886    00000008     UART2.o (.text._GLOBAL__sub_I_UART2.cpp)
                  0000f88e    00000008     libsysbm.a : remove.c.obj (.text.remove)
                  0000f896    00000002     --HOLE-- [fill = 0]
                  0000f898    00000008     libclang_rt.builtins.a : aeabi_memcpy.S.obj (.text)
                  0000f8a0    00000004     startup_mspm0g3507_ticlang.o (.text.Default_Handler)
                  0000f8a4    00000004     startup_mspm0g3507_ticlang.o (.text.HardFault_Handler)
                  0000f8a8    00000004     startup_mspm0g3507_ticlang.o (.text.Reset_Handler)
                  0000f8ac    00000004     libc.a : pre_init.c.obj (.text._system_pre_init)
                  0000f8b0    00000004            : exit.c.obj (.text:abort)
                  0000f8b4    00000004     --HOLE-- [fill = 0]

.cinit     0    0000f8c0    00000090     
                  0000f8c0    00000066     (.cinit..data.load) [load image, compression = lzss]
                  0000f926    00000002     --HOLE-- [fill = 0]
                  0000f928    0000000c     (__TI_handler_table)
                  0000f934    00000008     (.cinit..bss.load) [load image, compression = zero_init]
                  0000f93c    00000010     (__TI_cinit_table)
                  0000f94c    00000004     --HOLE-- [fill = 0]

.rodata    0    000000c0    0000cda8     
                  000000c0    00004678     Lab9HMain.o (.rodata._ZL7endkirb)
                  00004738    00003000     Lab9HMain.o (.rodata._ZL11background2)
                  00007738    00001fb6     Lab9HMain.o (.rodata._ZL7DDRlogo)
                  000096ee    00000c98     Lab9HMain.o (.rodata._ZL8language)
                  0000a386    00000980     Lab9HMain.o (.rodata._ZL5right)
                  0000ad06    0000089c     Lab9HMain.o (.rodata._ZL2up)
                  0000b5a2    00000862     Lab9HMain.o (.rodata._ZL4down)
                  0000be04    00000828     Lab9HMain.o (.rodata._ZL4left)
                  0000c62c    000004fb     ST7735.o (.rodata._ZL4Font)
                  0000cb27    00000001     --HOLE-- [fill = 0]
                  0000cb28    00000264     Lab9HMain.o (.rodata._ZL14languageselect)
                  0000cd8c    0000003b     ST7735.o (.rodata._ZL5Rcmd1)
                  0000cdc7    0000002e     ST7735.o (.rodata.str1.1)
                  0000cdf5    0000002b     ST7735.o (.rodata._ZL5Rcmd3)
                  0000ce20    0000002b     Lab9HMain.o (.rodata.str1.1)
                  0000ce4b    0000000d     ST7735.o (.rodata._ZL10Rcmd2green)
                  0000ce58    0000000d     ST7735.o (.rodata._ZL8Rcmd2red)
                  0000ce65    00000003     --HOLE-- [fill = 0]

.init_array 
*          0    0000f8b8    00000008     
                  0000f8b8    00000004     UART2.o (.init_array)
                  0000f8bc    00000004     Lab9HMain.o (.init_array)

.data      0    20200000    0000043d     UNINITIALIZED
                  20200000    00000184     Lab9HMain.o (.data.active_arrows)
                  20200184    000000f0     libc.a : defs.c.obj (.data._ftable)
                  20200274    00000078     libsysbm.a : host_device.c.obj (.data._device)
                  202002ec    00000050                : host_device.c.obj (.data._stream)
                  2020033c    00000040     Lab9HMain.o (.data.directions)
                  2020037c    0000002c     UART2.o (.data.FIFO2)
                  202003a8    00000014     Lab9HMain.o (.data.Sensor)
                  202003bc    00000010     Lab9HMain.o (.data.down_arrow)
                  202003cc    00000010     Lab9HMain.o (.data.left_arrow)
                  202003dc    00000010     Lab9HMain.o (.data.right_arrow)
                  202003ec    00000010     Lab9HMain.o (.data.up_arrow)
                  202003fc    00000008     libc.a : exit.c.obj (.data..L_MergedGlobals)
                  20200404    00000004     Clock.o (.data.BusFreq)
                  20200408    00000004     Lab9HMain.o (.data.M)
                  2020040c    00000004     ST7735.o (.data.StX)
                  20200410    00000004     ST7735.o (.data.StY)
                  20200414    00000004     libc.a : defs.c.obj (.data.__TI_ft_end)
                  20200418    00000004            : _lock.c.obj (.data._lock)
                  2020041c    00000004            : _lock.c.obj (.data._unlock)
                  20200420    00000004     Lab9HMain.o (.data.count)
                  20200424    00000004     Lab9HMain.o (.data.score)
                  20200428    00000002     ST7735.o (.data.StTextColor)
                  2020042a    00000002     ST7735.o (.data._ZL6_width)
                  2020042c    00000002     ST7735.o (.data._ZL7_height)
                  2020042e    00000001     diskio.o (.data._ZL4Stat)
                  2020042f    00000001     Lab9HMain.o (.data.count2)
                  20200430    00000001     libc.a : fopen.c.obj (.data._search_fp.init)
                  20200431    00000001     Lab9HMain.o (.data.remove_arrow)
                  20200432    00000002     --HOLE--
                  20200434    00000001     libsysbm.a : add_device.c.obj (.data.add_device.device_init)
                  20200435    00000003     --HOLE--
                  20200438    00000001     libc.a : memory.c.obj (.data.memory_is_initialized)
                  20200439    00000003     --HOLE--
                  2020043c    00000001     libsysbm.a : open.c.obj (.data.open.stream_init)

.sysmem    0    20200440    00000200     UNINITIALIZED
                  20200440    00000010     libc.a : memory.c.obj (.sysmem)
                  20200450    000001f0     --HOLE--

.bss       0    20200640    000001ff     UNINITIALIZED
                  20200640    00000120     libsysbm.a : trgmsg.c.obj (.bss:_CIOBUF_)
                  20200760    000000a0     (.common:__TI_tmpnams)
                  20200800    0000000c     ST7735.o (.bss.Message)
                  2020080c    00000008     (.common:parmbuf)
                  20200814    00000004     Lab9HMain.o (.bss.Count8)
                  20200818    00000004     ST7735.o (.bss.Messageindex)
                  2020081c    00000004     TExaS.o (.bss.TExaSLogic)
                  20200820    00000004     TExaS.o (.bss.TExaSadc)
                  20200824    00000004     diskio.o (.bss._ZL6Timer1)
                  20200828    00000004     diskio.o (.bss._ZL6Timer2)
                  2020082c    00000004     Lab9HMain.o (.bss.back8)
                  20200830    00000004     Lab9HMain.o (.bss.flag8)
                  20200834    00000004     Lab9HMain.o (.bss.front8)
                  20200838    00000004     libc.a : memory.c.obj (.bss.sys_free)
                  2020083c    00000001     ST7735.o (.bss._ZL8ColStart)
                  2020083d    00000001     ST7735.o (.bss._ZL8RowStart)
                  2020083e    00000001     ST7735.o (.bss._ZL8TabColor)

.stack     0    20207e00    00000200     UNINITIALIZED
                  20207e00    00000004     libc.a : boot_cortex_m.c.obj (.stack)
                  20207e04    000001fc     --HOLE--

__llvm_prf_cnts 
*          0    20200000    00000000     UNINITIALIZED

__llvm_prf_bits 
*          0    20200000    00000000     UNINITIALIZED

MODULE SUMMARY

       Module                         code    ro data   rw data
       ------                         ----    -------   -------
    ./
       Lab9HMain.o                    2288    51199     566    
       ST7735.o                       2852    1449      33     
       Clock.o                        516     0         4      
       SPI.o                          440     0         0      
       SlidePot.o                     218     0         0      
       LaunchPad.o                    180     0         0      
       FIFO2.o                        168     0         0      
       UART2.o                        112     4         44     
       Timer.o                        148     0         0      
       diskio.o                       136     0         9      
       TExaS.o                        64      0         8      
       LED.o                          2       0         0      
       Switch.o                       2       0         0      
    +--+------------------------------+-------+---------+---------+
       Total:                         7126    52652     664    
                                                               
    ./ticlang/
       startup_mspm0g3507_ticlang.o   12      192       0      
    +--+------------------------------+-------+---------+---------+
       Total:                         12      192       0      
                                                               
    /Applications/ti/ccs1240/ccs/tools/compiler/ti-cgt-armllvm_2.1.3.LTS/lib/armv6m-ti-none-eabi/c/libc.a
       memory.c.obj                   752     0         5      
       fopen.c.obj                    552     0         1      
       defs.c.obj                     0       0         404    
       setvbuf.c.obj                  224     0         0      
       getdevice.c.obj                164     0         0      
       fclose.c.obj                   124     0         0      
       copy_decompress_lzss.c.obj     104     0         0      
       autoinit.c.obj                 84      0         0      
       fflush.c.obj                   80      0         0      
       exit.c.obj                     56      0         8      
       boot_cortex_m.c.obj            40      0         0      
       copy_zero_init.c.obj           20      0         0      
       copy_decompress_none.c.obj     18      0         0      
       memcpy16.S.obj                 18      0         0      
       memset16.S.obj                 14      0         0      
       _lock.c.obj                    2       0         8      
       pre_init.c.obj                 4       0         0      
    +--+------------------------------+-------+---------+---------+
       Total:                         2256    0         426    
                                                               
    /Applications/ti/ccs1240/ccs/tools/compiler/ti-cgt-armllvm_2.1.3.LTS/lib/armv6m-ti-none-eabi/c/libsysbm.a
       trgmsg.c.obj                   104     0         288    
       add_device.c.obj               232     0         1      
       host_device.c.obj              0       0         200    
       open.c.obj                     168     0         1      
       hostrename.c.obj               132     0         0      
       hostlseek.c.obj                104     0         0      
       hostopen.c.obj                 92      0         8      
       hostread.c.obj                 88      0         0      
       hostwrite.c.obj                88      0         0      
       close.c.obj                    80      0         0      
       hostclose.c.obj                72      0         0      
       hostunlink.c.obj               72      0         0      
       unlink.c.obj                   44      0         0      
       write.c.obj                    40      0         0      
       remove.c.obj                   8       0         0      
    +--+------------------------------+-------+---------+---------+
       Total:                         1324    0         498    
                                                               
    /Applications/ti/ccs1240/ccs/tools/compiler/ti-cgt-armllvm_2.1.3.LTS/lib/clang/14.0.6/lib/armv6m-ti-none-eabi/libclang_rt.builtins.a
       aeabi_uidivmod.S.obj           64      0         0      
       aeabi_memset.S.obj             28      0         0      
       aeabi_memcpy.S.obj             8       0         0      
       aeabi_div0.c.obj               2       0         0      
    +--+------------------------------+-------+---------+---------+
       Total:                         102     0         0      
                                                               
       Heap:                          0       0         512    
       Stack:                         0       0         512    
       Linker Generated:              0       138       0      
    +--+------------------------------+-------+---------+---------+
       Grand Total:                   10820   52982     2612   


LINKER GENERATED COPY TABLES

__TI_cinit_table @ 0000f93c records: 2, size/record: 8, table size: 16
	.data: load addr=0000f8c0, load size=00000066 bytes, run addr=20200000, run size=0000043d bytes, compression=lzss
	.bss: load addr=0000f934, load size=00000008 bytes, run addr=20200640, run size=000001ff bytes, compression=zero_init


LINKER GENERATED HANDLER TABLE

__TI_handler_table @ 0000f928 records: 3, size/record: 4, table size: 12
	index: 0, handler: __TI_decompress_lzss
	index: 1, handler: __TI_decompress_none
	index: 2, handler: __TI_zero_init


GLOBAL SYMBOLS: SORTED ALPHABETICALLY BY Name 

address   name                        
-------   ----                        
0000f8a1  ADC0_IRQHandler             
0000f8a1  ADC1_IRQHandler             
0000f8a1  AES_IRQHandler              
20200404  BusFreq                     
0000f8b0  C$$EXIT                     
0000f3ab  C$$IO$$                     
0000f8a1  CANFD0_IRQHandler           
20200814  Count8                      
0000f8a1  DAC0_IRQHandler             
0000f8a1  DMA_IRQHandler              
0000f8a1  Default_Handler             
2020037c  FIFO2                       
0000f8a1  GROUP0_IRQHandler           
0000f8a1  GROUP1_IRQHandler           
0000eead  HOSTclose                   
0000e8f9  HOSTlseek                   
0000eb61  HOSTopen                    
0000ebbd  HOSTread                    
0000e961  HOSTrename                  
0000eef5  HOSTunlink                  
0000ec15  HOSTwrite                   
0000f8a5  HardFault_Handler           
0000f8a1  I2C0_IRQHandler             
0000f8a1  I2C1_IRQHandler             
20200408  M                           
20200800  Message                     
20200818  Messageindex                
0000f8a1  NMI_Handler                 
0000f8a1  PendSV_Handler              
0000f8a1  RTC_IRQHandler              
0000f8a9  Reset_Handler               
0000f8b8  SHT$$INIT_ARRAY$$Base       
0000f8c0  SHT$$INIT_ARRAY$$Limit      
0000f8a1  SPI0_IRQHandler             
0000f8a1  SPI1_IRQHandler             
0000f8a1  SVC_Handler                 
202003a8  Sensor                      
20200428  StTextColor                 
2020040c  StX                         
20200410  StY                         
0000e6d1  SysTick_Handler             
2020081c  TExaSLogic                  
20200820  TExaSadc                    
0000f8a1  TIMA0_IRQHandler            
0000f8a1  TIMA1_IRQHandler            
0000f8a1  TIMG0_IRQHandler            
0000dd49  TIMG12_IRQHandler           
0000f6ed  TIMG6_IRQHandler            
0000f09d  TIMG7_IRQHandler            
0000f8a1  TIMG8_IRQHandler            
0000f7b9  TI_memcpy_small             
0000f837  TI_memset_small             
0000f8a1  UART0_IRQHandler            
0000f8a1  UART1_IRQHandler            
0000ec6d  UART2_IRQHandler            
0000f8a1  UART3_IRQHandler            
20200640  _CIOBUF_                    
0000f845  _Z10Clock_Freqv             
0000f7dd  _Z11Clock_Delayj            
0000f19d  _Z11SPI_OutDatac            
0000f74d  _Z11ST7735_openPKcji        
0000f763  _Z11ST7735_readiPcj         
0000e0e7  _Z11Switch_Initv            
0000ecc5  _Z11fillmessagej            
0000e185  _Z12ST7735_InitR10initRFlags
0000f869  _Z12ST7735_closei           
0000f80d  _Z12ST7735_lseekili         
0000f27d  _Z12ST7735_writeiPKcj       
0000ea99  _Z12random_arrowv           
0000f851  _Z13ST7735_renamePKcS0_     
0000f873  _Z13ST7735_unlinkPKc        
0000f2b1  _Z14Clock_Delay1msj         
0000e55d  _Z14LaunchPad_Initv         
0000ef3d  _Z14SPI_OutCommandc         
0000de25  _Z14ST7735_OutCharc         
0000e3d1  _Z14ST7735_OutUDecj         
0000e741  _Z14disk_timerprocv         
0000f1d5  _Z15ActivatePortA_Bv        
0000d2a5  _Z15Clock_Init80MHzi        
0000d871  _Z15ST7735_FillRectsssst    
0000e2b5  _Z15TimerG12_IntArmjj       
0000d459  _Z16ST7735_DrawCharSsscssh  
0000e7b1  _Z16ST7735_DrawPixelsst     
0000f549  _Z16ST7735_OutStringPc      
0000f2e5  _Z16ST7735_SetCursorjj      
0000d095  _Z17ST7735_DrawBitmapssPKtss
0000e455  _Z17ST7735_DrawStringttPcs  
0000f44d  _Z17ST7735_FillScreent      
0000e0e9  _Z17ST7735_InitPrintfv      
0000f661  _Z6Key_Inv                  
0000f705  _Z6Randomj                  
0000f791  _Z7DAC_Outj                 
0000f20d  _Z8Key_Initv                
0000e8f7  _Z8LED_Initv                
0000f87d  _Z8PLL_Initv                
0000f621  _Z8Random32v                
0000da89  _Z8SPI_Initv                
0000f0dd  _Z9SPI_Resetv               
0000e88d  _ZN10arrow_listC2Ev         
0000ea31  _ZN5Queue3PutEc             
0000f4a5  _ZN5Queue6IsFullEv          
0000f71d  _ZN5QueueC1Ev               
0000f71d  _ZN5QueueC2Ev               
0000e21d  _ZN6Arrows11Adjust_ListEv   
0000def5  _ZN6Arrows11target_zoneEv   
0000f67d  _ZN6Arrows4drawEv           
0000ed6d  _ZN6Arrows4moveEv           
0000ef85  _ZN6Arrows7pressedEv        
0000f11d  _ZN6ArrowsC2ERS_            
0000f015  _ZN6ArrowsC2EhPKthhh        
0000f699  _ZN6ArrowsC2Ev              
0000edbd  _ZN6ArrowsaSERKS_           
0000efcd  _ZN8SlidePot2InEv           
0000e5d9  _ZN8SlidePot4InitEv         
0000f779  _ZN8SlidePotC1Ejj           
0000f779  _ZN8SlidePotC2Ejj           
20200640  __CIOBUF_                   
20208000  __STACK_END                 
00000200  __STACK_SIZE                
00000200  __SYSMEM_SIZE               
0000f93c  __TI_CINIT_Base             
0000f94c  __TI_CINIT_Limit            
0000f94c  __TI_CINIT_Warm             
0000f928  __TI_Handler_Table_Base     
0000f934  __TI_Handler_Table_Limit    
0000ed19  __TI_auto_init_nobinit      
0000f319  __TI_cleanup                
202003fc  __TI_cleanup_ptr            
0000e655  __TI_closefile              
0000e9c9  __TI_decompress_lzss        
0000f7cb  __TI_decompress_none        
0000ee0d  __TI_doflush                
20200400  __TI_dtors_ptr              
20200414  __TI_ft_end                 
ffffffff  __TI_pprof_out_hndl         
ffffffff  __TI_prof_data_size         
ffffffff  __TI_prof_data_start        
0000f34d  __TI_readmsg                
00000000  __TI_static_base__          
20200760  __TI_tmpnams                
0000f381  __TI_writemsg               
0000f7a5  __TI_zero_init_nomemset     
0000ea97  __aeabi_idiv0               
0000f6e1  __aeabi_memclr              
0000f6e1  __aeabi_memclr4             
0000f6e1  __aeabi_memclr8             
0000f899  __aeabi_memcpy              
0000f899  __aeabi_memcpy4             
0000f899  __aeabi_memcpy8             
0000f6d1  __aeabi_memset              
0000f6d1  __aeabi_memset4             
0000f6d1  __aeabi_memset8             
0000f15d  __aeabi_uidiv               
0000f15d  __aeabi_uidivmod            
ffffffff  __binit__                   
UNDEFED   __mpu_init                  
20207e00  __stack                     
20200000  __start___llvm_prf_bits     
20200000  __start___llvm_prf_cnts     
20200000  __stop___llvm_prf_bits      
20200000  __stop___llvm_prf_cnts      
0000f521  _c_int00_noargs             
20200274  _device                     
20200184  _ftable                     
20200418  _lock                       
0000f4cf  _nop                        
202002ec  _stream                     
20200440  _sys_memory                 
UNDEFED   _system_post_cinit          
0000f8ad  _system_pre_init            
2020041c  _unlock                     
0000f8b1  abort                       
20200000  active_arrows               
0000db81  add_device                  
0000d735  aligned_alloc               
2020082c  back8                       
ffffffff  binit                       
0000ee5d  close                       
20200420  count                       
2020042f  count2                      
2020033c  directions                  
202003bc  down_arrow                  
0000f3b5  exit                        
0000f245  finddevice                  
20200830  flag8                       
0000e4d9  fopen                       
0000d989  free                        
0000f3e9  freopen                     
20200834  front8                      
0000e821  getdevice                   
00000000  interruptVectors            
202003cc  left_arrow                  
0000ce69  main                        
0000f85d  malloc                      
0000d735  memalign                    
0000df9d  open                        
2020080c  parmbuf                     
0000f88f  remove                      
20200431  remove_arrow                
202003dc  right_arrow                 
20200424  score                       
0000dc69  setvbuf                     
0000f479  unlink                      
202003ec  up_arrow                    
0000f4f9  write                       


GLOBAL SYMBOLS: SORTED BY Symbol Address 

address   name                        
-------   ----                        
00000000  __TI_static_base__          
00000000  interruptVectors            
00000200  __STACK_SIZE                
00000200  __SYSMEM_SIZE               
0000ce69  main                        
0000d095  _Z17ST7735_DrawBitmapssPKtss
0000d2a5  _Z15Clock_Init80MHzi        
0000d459  _Z16ST7735_DrawCharSsscssh  
0000d735  aligned_alloc               
0000d735  memalign                    
0000d871  _Z15ST7735_FillRectsssst    
0000d989  free                        
0000da89  _Z8SPI_Initv                
0000db81  add_device                  
0000dc69  setvbuf                     
0000dd49  TIMG12_IRQHandler           
0000de25  _Z14ST7735_OutCharc         
0000def5  _ZN6Arrows11target_zoneEv   
0000df9d  open                        
0000e0e7  _Z11Switch_Initv            
0000e0e9  _Z17ST7735_InitPrintfv      
0000e185  _Z12ST7735_InitR10initRFlags
0000e21d  _ZN6Arrows11Adjust_ListEv   
0000e2b5  _Z15TimerG12_IntArmjj       
0000e3d1  _Z14ST7735_OutUDecj         
0000e455  _Z17ST7735_DrawStringttPcs  
0000e4d9  fopen                       
0000e55d  _Z14LaunchPad_Initv         
0000e5d9  _ZN8SlidePot4InitEv         
0000e655  __TI_closefile              
0000e6d1  SysTick_Handler             
0000e741  _Z14disk_timerprocv         
0000e7b1  _Z16ST7735_DrawPixelsst     
0000e821  getdevice                   
0000e88d  _ZN10arrow_listC2Ev         
0000e8f7  _Z8LED_Initv                
0000e8f9  HOSTlseek                   
0000e961  HOSTrename                  
0000e9c9  __TI_decompress_lzss        
0000ea31  _ZN5Queue3PutEc             
0000ea97  __aeabi_idiv0               
0000ea99  _Z12random_arrowv           
0000eb61  HOSTopen                    
0000ebbd  HOSTread                    
0000ec15  HOSTwrite                   
0000ec6d  UART2_IRQHandler            
0000ecc5  _Z11fillmessagej            
0000ed19  __TI_auto_init_nobinit      
0000ed6d  _ZN6Arrows4moveEv           
0000edbd  _ZN6ArrowsaSERKS_           
0000ee0d  __TI_doflush                
0000ee5d  close                       
0000eead  HOSTclose                   
0000eef5  HOSTunlink                  
0000ef3d  _Z14SPI_OutCommandc         
0000ef85  _ZN6Arrows7pressedEv        
0000efcd  _ZN8SlidePot2InEv           
0000f015  _ZN6ArrowsC2EhPKthhh        
0000f09d  TIMG7_IRQHandler            
0000f0dd  _Z9SPI_Resetv               
0000f11d  _ZN6ArrowsC2ERS_            
0000f15d  __aeabi_uidiv               
0000f15d  __aeabi_uidivmod            
0000f19d  _Z11SPI_OutDatac            
0000f1d5  _Z15ActivatePortA_Bv        
0000f20d  _Z8Key_Initv                
0000f245  finddevice                  
0000f27d  _Z12ST7735_writeiPKcj       
0000f2b1  _Z14Clock_Delay1msj         
0000f2e5  _Z16ST7735_SetCursorjj      
0000f319  __TI_cleanup                
0000f34d  __TI_readmsg                
0000f381  __TI_writemsg               
0000f3ab  C$$IO$$                     
0000f3b5  exit                        
0000f3e9  freopen                     
0000f44d  _Z17ST7735_FillScreent      
0000f479  unlink                      
0000f4a5  _ZN5Queue6IsFullEv          
0000f4cf  _nop                        
0000f4f9  write                       
0000f521  _c_int00_noargs             
0000f549  _Z16ST7735_OutStringPc      
0000f621  _Z8Random32v                
0000f661  _Z6Key_Inv                  
0000f67d  _ZN6Arrows4drawEv           
0000f699  _ZN6ArrowsC2Ev              
0000f6d1  __aeabi_memset              
0000f6d1  __aeabi_memset4             
0000f6d1  __aeabi_memset8             
0000f6e1  __aeabi_memclr              
0000f6e1  __aeabi_memclr4             
0000f6e1  __aeabi_memclr8             
0000f6ed  TIMG6_IRQHandler            
0000f705  _Z6Randomj                  
0000f71d  _ZN5QueueC1Ev               
0000f71d  _ZN5QueueC2Ev               
0000f74d  _Z11ST7735_openPKcji        
0000f763  _Z11ST7735_readiPcj         
0000f779  _ZN8SlidePotC1Ejj           
0000f779  _ZN8SlidePotC2Ejj           
0000f791  _Z7DAC_Outj                 
0000f7a5  __TI_zero_init_nomemset     
0000f7b9  TI_memcpy_small             
0000f7cb  __TI_decompress_none        
0000f7dd  _Z11Clock_Delayj            
0000f80d  _Z12ST7735_lseekili         
0000f837  TI_memset_small             
0000f845  _Z10Clock_Freqv             
0000f851  _Z13ST7735_renamePKcS0_     
0000f85d  malloc                      
0000f869  _Z12ST7735_closei           
0000f873  _Z13ST7735_unlinkPKc        
0000f87d  _Z8PLL_Initv                
0000f88f  remove                      
0000f899  __aeabi_memcpy              
0000f899  __aeabi_memcpy4             
0000f899  __aeabi_memcpy8             
0000f8a1  ADC0_IRQHandler             
0000f8a1  ADC1_IRQHandler             
0000f8a1  AES_IRQHandler              
0000f8a1  CANFD0_IRQHandler           
0000f8a1  DAC0_IRQHandler             
0000f8a1  DMA_IRQHandler              
0000f8a1  Default_Handler             
0000f8a1  GROUP0_IRQHandler           
0000f8a1  GROUP1_IRQHandler           
0000f8a1  I2C0_IRQHandler             
0000f8a1  I2C1_IRQHandler             
0000f8a1  NMI_Handler                 
0000f8a1  PendSV_Handler              
0000f8a1  RTC_IRQHandler              
0000f8a1  SPI0_IRQHandler             
0000f8a1  SPI1_IRQHandler             
0000f8a1  SVC_Handler                 
0000f8a1  TIMA0_IRQHandler            
0000f8a1  TIMA1_IRQHandler            
0000f8a1  TIMG0_IRQHandler            
0000f8a1  TIMG8_IRQHandler            
0000f8a1  UART0_IRQHandler            
0000f8a1  UART1_IRQHandler            
0000f8a1  UART3_IRQHandler            
0000f8a5  HardFault_Handler           
0000f8a9  Reset_Handler               
0000f8ad  _system_pre_init            
0000f8b0  C$$EXIT                     
0000f8b1  abort                       
0000f8b8  SHT$$INIT_ARRAY$$Base       
0000f8c0  SHT$$INIT_ARRAY$$Limit      
0000f928  __TI_Handler_Table_Base     
0000f934  __TI_Handler_Table_Limit    
0000f93c  __TI_CINIT_Base             
0000f94c  __TI_CINIT_Limit            
0000f94c  __TI_CINIT_Warm             
20200000  __start___llvm_prf_bits     
20200000  __start___llvm_prf_cnts     
20200000  __stop___llvm_prf_bits      
20200000  __stop___llvm_prf_cnts      
20200000  active_arrows               
20200184  _ftable                     
20200274  _device                     
202002ec  _stream                     
2020033c  directions                  
2020037c  FIFO2                       
202003a8  Sensor                      
202003bc  down_arrow                  
202003cc  left_arrow                  
202003dc  right_arrow                 
202003ec  up_arrow                    
202003fc  __TI_cleanup_ptr            
20200400  __TI_dtors_ptr              
20200404  BusFreq                     
20200408  M                           
2020040c  StX                         
20200410  StY                         
20200414  __TI_ft_end                 
20200418  _lock                       
2020041c  _unlock                     
20200420  count                       
20200424  score                       
20200428  StTextColor                 
2020042f  count2                      
20200431  remove_arrow                
20200440  _sys_memory                 
20200640  _CIOBUF_                    
20200640  __CIOBUF_                   
20200760  __TI_tmpnams                
20200800  Message                     
2020080c  parmbuf                     
20200814  Count8                      
20200818  Messageindex                
2020081c  TExaSLogic                  
20200820  TExaSadc                    
2020082c  back8                       
20200830  flag8                       
20200834  front8                      
20207e00  __stack                     
20208000  __STACK_END                 
ffffffff  __TI_pprof_out_hndl         
ffffffff  __TI_prof_data_size         
ffffffff  __TI_prof_data_start        
ffffffff  __binit__                   
ffffffff  binit                       
UNDEFED   __mpu_init                  
UNDEFED   _system_post_cinit          

[205 symbols]
