******************************************************************************
            TI ARM Clang Linker Unix v2.1.3                    
******************************************************************************
>> Linked Mon Jun  3 23:09:44 2024

OUTPUT FILE NAME:   <ECE319K_Lab9H.out>
ENTRY POINT SYMBOL: "_c_int00_noargs"  address: 0000f459


MEMORY CONFIGURATION

         name            origin    length      used     unused   attr    fill
----------------------  --------  ---------  --------  --------  ----  --------
  FLASH                 00000000   00020000  0000f870  00010790  R  X
  SRAM                  20200000   00008000  00000a10  000075f0  RW X
  BCR_CONFIG            41c00000   00000080  00000000  00000080  R   
  BSL_CONFIG            41c00100   00000080  00000000  00000080  R   


SEGMENT ALLOCATION MAP

run origin  load origin   length   init length attrs members
----------  ----------- ---------- ----------- ----- -------
00000000    00000000    0000f870   0000f870    r-x
  00000000    00000000    000000c0   000000c0    r-- .intvecs
  000000c0    000000c0    0000cda8   0000cda8    r-- .rodata
  0000ce68    0000ce68    00002970   00002970    r-x .text
  0000f7d8    0000f7d8    00000008   00000008    r-- .init_array
  0000f7e0    0000f7e0    00000090   00000090    r-- .cinit
20200000    20200000    00000817   00000000    rw-
  20200000    20200000    00000411   00000000    rw- .data
  20200418    20200418    00000200   00000000    rw- .sysmem
  20200618    20200618    000001ff   00000000    rw- .bss
20207e00    20207e00    00000200   00000000    rw-
  20207e00    20207e00    00000200   00000000    rw- .stack


SECTION ALLOCATION MAP

 output                                  attributes/
section   page    origin      length       input sections
--------  ----  ----------  ----------   ----------------
.intvecs   0    00000000    000000c0     
                  00000000    000000c0     startup_mspm0g3507_ticlang.o (.intvecs)

.binit     0    00000000    00000000     

.text      0    0000ce68    00002970     
                  0000ce68    0000022c     Lab9HMain.o (.text.main)
                  0000d094    00000210     ST7735.o (.text._Z17ST7735_DrawBitmapssPKtss)
                  0000d2a4    000001b4     Clock.o (.text._Z15Clock_Init80MHzi)
                  0000d458    000001a0     ST7735.o (.text._Z16ST7735_DrawCharSsscssh)
                  0000d5f8    0000013c     libc.a : fopen.c.obj (.text._openfile)
                  0000d734    0000013c            : memory.c.obj (.text.aligned_alloc)
                  0000d870    00000118     ST7735.o (.text._Z15ST7735_FillRectsssst)
                  0000d988    00000100     libc.a : memory.c.obj (.text.free)
                  0000da88    000000f8     SPI.o (.text._Z8SPI_Initv)
                  0000db80    000000e8     libsysbm.a : add_device.c.obj (.text.add_device)
                  0000dc68    000000e0     libc.a : setvbuf.c.obj (.text.setvbuf)
                  0000dd48    000000d8     Lab9HMain.o (.text.TIMG12_IRQHandler)
                  0000de20    000000d0     ST7735.o (.text._Z14ST7735_OutCharc)
                  0000def0    000000c0     Lab9HMain.o (.text._Z13adjust_arrowsv)
                  0000dfb0    000000a8     Arrows.o (.text._ZN6Arrows11target_zoneEv)
                  0000e058    000000a8     libsysbm.a : open.c.obj (.text.open)
                  0000e100    000000a2     ST7735.o (.text._ZL11commandListPKh)
                  0000e1a2    00000002     libclang_rt.builtins.a : aeabi_div0.c.obj (.text.__aeabi_idiv0)
                  0000e1a4    0000009c     ST7735.o (.text._Z17ST7735_InitPrintfv)
                  0000e240    00000098     ST7735.o (.text._Z12ST7735_InitR10initRFlags)
                  0000e2d8    00000094     Timer.o (.text._Z15TimerG12_IntArmjj)
                  0000e36c    00000088     ST7735.o (.text._ZL13setAddrWindowhhhh)
                  0000e3f4    00000084     ST7735.o (.text._Z14ST7735_OutUDecj)
                  0000e478    00000084     ST7735.o (.text._Z17ST7735_DrawStringttPcs)
                  0000e4fc    00000084     libc.a : fopen.c.obj (.text.fopen)
                  0000e580    0000007c     LaunchPad.o (.text._Z14LaunchPad_Initv)
                  0000e5fc    0000007c     SlidePot.o (.text._ZN8SlidePot4InitEv)
                  0000e678    0000007c     libc.a : fclose.c.obj (.text.__TI_closefile)
                  0000e6f4    00000070     Lab9HMain.o (.text.SysTick_Handler)
                  0000e764    00000070     diskio.o (.text._Z14disk_timerprocv)
                  0000e7d4    00000070     ST7735.o (.text._Z16ST7735_DrawPixelsst)
                  0000e844    0000006c     libc.a : getdevice.c.obj (.text.getdevice)
                  0000e8b0    0000006a     Lab9HMain.o (.text._ZN10arrow_listC2Ev)
                  0000e91a    00000002     libc.a : _lock.c.obj (.text._nop)
                  0000e91c    00000068     libsysbm.a : hostlseek.c.obj (.text.HOSTlseek)
                  0000e984    00000068                : hostrename.c.obj (.text.HOSTrename)
                  0000e9ec    00000068     libc.a : copy_decompress_lzss.c.obj (.text:decompress:lzss)
                  0000ea54    00000064     Lab9HMain.o (.text._Z12random_arrowv)
                  0000eab8    00000064     libc.a : memory.c.obj (.text.split)
                  0000eb1c    0000005c     libsysbm.a : hostopen.c.obj (.text.HOSTopen)
                  0000eb78    00000058                : hostread.c.obj (.text.HOSTread)
                  0000ebd0    00000058                : hostwrite.c.obj (.text.HOSTwrite)
                  0000ec28    00000054     ST7735.o (.text._Z11fillmessagej)
                  0000ec7c    00000054     libc.a : autoinit.c.obj (.text:__TI_auto_init_nobinit)
                  0000ecd0    00000050     Arrows.o (.text._ZN6Arrows4moveEv)
                  0000ed20    00000050     Arrows.o (.text._ZN6ArrowsaSERKS_)
                  0000ed70    00000050     libc.a : fflush.c.obj (.text.__TI_doflush)
                  0000edc0    00000050     libsysbm.a : close.c.obj (.text.close)
                  0000ee10    00000048                : hostclose.c.obj (.text.HOSTclose)
                  0000ee58    00000048                : hostunlink.c.obj (.text.HOSTunlink)
                  0000eea0    00000048     SPI.o (.text._Z14SPI_OutCommandc)
                  0000eee8    00000048     Arrows.o (.text._ZN6Arrows7pressedEv)
                  0000ef30    00000048     SlidePot.o (.text._ZN8SlidePot2InEv)
                  0000ef78    00000044     Arrows.o (.text._ZN6ArrowsC2EhPKthhh)
                  0000efbc    00000044     Lab9HMain.o (.text.__cxx_global_var_init.6)
                  0000f000    00000040     TExaS.o (.text.TIMG7_IRQHandler)
                  0000f040    00000040     SPI.o (.text._Z9SPI_Resetv)
                  0000f080    00000040     Arrows.o (.text._ZN6ArrowsC2ERS_)
                  0000f0c0    00000040     libclang_rt.builtins.a : aeabi_uidivmod.S.obj (.text)
                  0000f100    00000038     SPI.o (.text._Z11SPI_OutDatac)
                  0000f138    00000038     LaunchPad.o (.text._Z15ActivatePortA_Bv)
                  0000f170    00000038     Switch.o (.text._Z8Key_Initv)
                  0000f1a8    00000038     libc.a : getdevice.c.obj (.text.finddevice)
                  0000f1e0    00000034     ST7735.o (.text._Z12ST7735_writeiPKcj)
                  0000f214    00000034     Clock.o (.text._Z14Clock_Delay1msj)
                  0000f248    00000034     ST7735.o (.text._Z16ST7735_SetCursorjj)
                  0000f27c    00000034     libc.a : fopen.c.obj (.text.__TI_cleanup)
                  0000f2b0    00000034     libsysbm.a : trgmsg.c.obj (.text.__TI_readmsg)
                  0000f2e4    00000034                : trgmsg.c.obj (.text.__TI_writemsg)
                  0000f318    00000034     libc.a : exit.c.obj (.text.exit)
                  0000f34c    00000034            : fopen.c.obj (.text.freopen)
                  0000f380    00000030     ST7735.o (.text._ZL10commonInitPKh)
                  0000f3b0    0000002c     ST7735.o (.text._Z17ST7735_FillScreent)
                  0000f3dc    0000002c     libsysbm.a : unlink.c.obj (.text.unlink)
                  0000f408    00000028     libc.a : memory.c.obj (.text.free_list_insert)
                  0000f430    00000028     libsysbm.a : write.c.obj (.text.write)
                  0000f458    00000028     libc.a : boot_cortex_m.c.obj (.text:_c_int00_noargs)
                  0000f480    00000026     ST7735.o (.text._Z16ST7735_OutStringPc)
                  0000f4a6    00000002     --HOLE-- [fill = 0]
                  0000f4a8    00000024     Lab9HMain.o (.text.__cxx_global_var_init.2)
                  0000f4cc    00000024     Lab9HMain.o (.text.__cxx_global_var_init.3)
                  0000f4f0    00000024     Lab9HMain.o (.text.__cxx_global_var_init.4)
                  0000f514    00000024     Lab9HMain.o (.text.__cxx_global_var_init.5)
                  0000f538    00000020     Lab9HMain.o (.text._GLOBAL__sub_I_Lab9HMain.cpp)
                  0000f558    00000020     Lab9HMain.o (.text._Z8Random32v)
                  0000f578    0000001e     ST7735.o (.text._ZL9pushColort)
                  0000f596    00000002     --HOLE-- [fill = 0]
                  0000f598    0000001c     Switch.o (.text._Z6Key_Inv)
                  0000f5b4    0000001c     Arrows.o (.text._ZN6Arrows4drawEv)
                  0000f5d0    0000001c     Arrows.o (.text._ZN6ArrowsC2Ev)
                  0000f5ec    0000001c     libc.a : memory.c.obj (.text.free_list_remove)
                  0000f608    0000001c     libclang_rt.builtins.a : aeabi_memset.S.obj (.text)
                  0000f624    00000018     diskio.o (.text.TIMG6_IRQHandler)
                  0000f63c    00000018     Lab9HMain.o (.text._Z6Randomj)
                  0000f654    00000018     Lab9HMain.o (.text.__cxx_global_var_init)
                  0000f66c    00000016     ST7735.o (.text._Z11ST7735_openPKcji)
                  0000f682    00000016     ST7735.o (.text._Z11ST7735_readiPcj)
                  0000f698    00000016     SlidePot.o (.text._ZN8SlidePotC2Ejj)
                  0000f6ae    00000002     --HOLE-- [fill = 0]
                  0000f6b0    00000014     Lab9HMain.o (.text._Z7DAC_Outj)
                  0000f6c4    00000014     libc.a : copy_zero_init.c.obj (.text:decompress:ZI:__TI_zero_init_nomemset)
                  0000f6d8    00000012            : memcpy16.S.obj (.text:TI_memcpy_small)
                  0000f6ea    00000012            : copy_decompress_none.c.obj (.text:decompress:none)
                  0000f6fc    00000010     Clock.o (.text._Z11Clock_Delayj)
                  0000f70c    00000010     Arrows.o (.text._ZN6Arrows16get_remove_stateEv)
                  0000f71c    00000010     Lab9HMain.o (.text.__cxx_global_var_init.1)
                  0000f72c    0000000e     ST7735.o (.text._Z12ST7735_lseekili)
                  0000f73a    0000000e     libsysbm.a : hostrename.c.obj (.text.strcpy)
                  0000f748    0000000e                : hostrename.c.obj (.text.strlen)
                  0000f756    0000000e     libc.a : memset16.S.obj (.text:TI_memset_small)
                  0000f764    0000000c     Clock.o (.text._Z10Clock_Freqv)
                  0000f770    0000000c     ST7735.o (.text._Z13ST7735_renamePKcS0_)
                  0000f77c    0000000c     Arrows.o (.text._ZN6Arrows9get_scoreEv)
                  0000f788    0000000c     libc.a : memory.c.obj (.text.malloc)
                  0000f794    0000000a     ST7735.o (.text._Z12ST7735_closei)
                  0000f79e    0000000a     ST7735.o (.text._Z13ST7735_unlinkPKc)
                  0000f7a8    0000000a     Lab9HMain.o (.text._Z8PLL_Initv)
                  0000f7b2    00000008     libsysbm.a : remove.c.obj (.text.remove)
                  0000f7ba    00000002     --HOLE-- [fill = 0]
                  0000f7bc    00000008     libclang_rt.builtins.a : aeabi_memcpy.S.obj (.text)
                  0000f7c4    00000004     startup_mspm0g3507_ticlang.o (.text.Default_Handler)
                  0000f7c8    00000004     startup_mspm0g3507_ticlang.o (.text.HardFault_Handler)
                  0000f7cc    00000004     startup_mspm0g3507_ticlang.o (.text.Reset_Handler)
                  0000f7d0    00000004     libc.a : pre_init.c.obj (.text._system_pre_init)
                  0000f7d4    00000004            : exit.c.obj (.text:abort)

.cinit     0    0000f7e0    00000090     
                  0000f7e0    00000067     (.cinit..data.load) [load image, compression = lzss]
                  0000f847    00000001     --HOLE-- [fill = 0]
                  0000f848    0000000c     (__TI_handler_table)
                  0000f854    00000008     (.cinit..bss.load) [load image, compression = zero_init]
                  0000f85c    00000010     (__TI_cinit_table)
                  0000f86c    00000004     --HOLE-- [fill = 0]

.rodata    0    000000c0    0000cda8     
                  000000c0    00004678     Lab9HMain.o (.rodata._ZL7endkirb)
                  00004738    00003000     Lab9HMain.o (.rodata._ZL11background2)
                  00007738    00001fb6     Lab9HMain.o (.rodata._ZL7DDRlogo)
                  000096ee    00000c98     Lab9HMain.o (.rodata._ZL8language)
                  0000a386    00000980     Lab9HMain.o (.rodata._ZL5right)
                  0000ad06    0000089c     Lab9HMain.o (.rodata._ZL2up)
                  0000b5a2    00000862     Lab9HMain.o (.rodata._ZL4down)
                  0000be04    00000828     Lab9HMain.o (.rodata._ZL4left)
                  0000c62c    000004fb     ST7735.o (.rodata._ZL4Font)
                  0000cb27    00000001     --HOLE-- [fill = 0]
                  0000cb28    00000264     Lab9HMain.o (.rodata._ZL14languageselect)
                  0000cd8c    0000003b     ST7735.o (.rodata._ZL5Rcmd1)
                  0000cdc7    0000002e     ST7735.o (.rodata.str1.1)
                  0000cdf5    0000002b     ST7735.o (.rodata._ZL5Rcmd3)
                  0000ce20    0000002b     Lab9HMain.o (.rodata.str1.1)
                  0000ce4b    0000000d     ST7735.o (.rodata._ZL10Rcmd2green)
                  0000ce58    0000000d     ST7735.o (.rodata._ZL8Rcmd2red)
                  0000ce65    00000003     --HOLE-- [fill = 0]

.init_array 
*          0    0000f7d8    00000008     
                  0000f7d8    00000004     Lab9HMain.o (.init_array)
                  0000f7dc    00000004     --HOLE-- [fill = 0]

.data      0    20200000    00000411     UNINITIALIZED
                  20200000    00000184     Lab9HMain.o (.data.active_arrows)
                  20200184    000000f0     libc.a : defs.c.obj (.data._ftable)
                  20200274    00000078     libsysbm.a : host_device.c.obj (.data._device)
                  202002ec    00000050                : host_device.c.obj (.data._stream)
                  2020033c    00000040     Lab9HMain.o (.data.directions)
                  2020037c    00000014     Lab9HMain.o (.data.Sensor)
                  20200390    00000010     Lab9HMain.o (.data.down_arrow)
                  202003a0    00000010     Lab9HMain.o (.data.left_arrow)
                  202003b0    00000010     Lab9HMain.o (.data.right_arrow)
                  202003c0    00000010     Lab9HMain.o (.data.up_arrow)
                  202003d0    00000008     libc.a : exit.c.obj (.data..L_MergedGlobals)
                  202003d8    00000004     Clock.o (.data.BusFreq)
                  202003dc    00000004     Lab9HMain.o (.data.M)
                  202003e0    00000004     ST7735.o (.data.StX)
                  202003e4    00000004     ST7735.o (.data.StY)
                  202003e8    00000004     libc.a : defs.c.obj (.data.__TI_ft_end)
                  202003ec    00000004            : _lock.c.obj (.data._lock)
                  202003f0    00000004            : _lock.c.obj (.data._unlock)
                  202003f4    00000004     Lab9HMain.o (.data.score)
                  202003f8    00000004     Lab9HMain.o (.data.time_counter)
                  202003fc    00000002     ST7735.o (.data.StTextColor)
                  202003fe    00000002     ST7735.o (.data._ZL6_width)
                  20200400    00000002     ST7735.o (.data._ZL7_height)
                  20200402    00000001     diskio.o (.data._ZL4Stat)
                  20200403    00000001     Lab9HMain.o (.data.remove_arrow)
                  20200404    00000001     libc.a : fopen.c.obj (.data._search_fp.init)
                  20200405    00000001     Lab9HMain.o (.data.rndm_arrow_cntr)
                  20200406    00000002     --HOLE--
                  20200408    00000001     libsysbm.a : add_device.c.obj (.data.add_device.device_init)
                  20200409    00000003     --HOLE--
                  2020040c    00000001     libc.a : memory.c.obj (.data.memory_is_initialized)
                  2020040d    00000003     --HOLE--
                  20200410    00000001     libsysbm.a : open.c.obj (.data.open.stream_init)

.sysmem    0    20200418    00000200     UNINITIALIZED
                  20200418    00000010     libc.a : memory.c.obj (.sysmem)
                  20200428    000001f0     --HOLE--

.bss       0    20200618    000001ff     UNINITIALIZED
                  20200618    00000120     libsysbm.a : trgmsg.c.obj (.bss:_CIOBUF_)
                  20200738    000000a0     (.common:__TI_tmpnams)
                  202007d8    0000000c     ST7735.o (.bss.Message)
                  202007e4    00000008     (.common:parmbuf)
                  202007ec    00000004     Lab9HMain.o (.bss.Count8)
                  202007f0    00000004     ST7735.o (.bss.Messageindex)
                  202007f4    00000004     TExaS.o (.bss.TExaSLogic)
                  202007f8    00000004     TExaS.o (.bss.TExaSadc)
                  202007fc    00000004     diskio.o (.bss._ZL6Timer1)
                  20200800    00000004     diskio.o (.bss._ZL6Timer2)
                  20200804    00000004     Lab9HMain.o (.bss.back8)
                  20200808    00000004     Lab9HMain.o (.bss.flag8)
                  2020080c    00000004     Lab9HMain.o (.bss.front8)
                  20200810    00000004     libc.a : memory.c.obj (.bss.sys_free)
                  20200814    00000001     ST7735.o (.bss._ZL8ColStart)
                  20200815    00000001     ST7735.o (.bss._ZL8RowStart)
                  20200816    00000001     ST7735.o (.bss._ZL8TabColor)

.stack     0    20207e00    00000200     UNINITIALIZED
                  20207e00    00000004     libc.a : boot_cortex_m.c.obj (.stack)
                  20207e04    000001fc     --HOLE--

__llvm_prf_cnts 
*          0    20200000    00000000     UNINITIALIZED

__llvm_prf_bits 
*          0    20200000    00000000     UNINITIALIZED

MODULE SUMMARY

       Module                         code    ro data   rw data
       ------                         ----    -------   -------
    ./
       Lab9HMain.o                    1652    51199     566    
       ST7735.o                       2852    1449      33     
       Arrows.o                       616     0         0      
       Clock.o                        516     0         4      
       SPI.o                          440     0         0      
       SlidePot.o                     218     0         0      
       LaunchPad.o                    180     0         0      
       Timer.o                        148     0         0      
       diskio.o                       136     0         9      
       Switch.o                       84      0         0      
       TExaS.o                        64      0         8      
    +--+------------------------------+-------+---------+---------+
       Total:                         6906    52648     620    
                                                               
    ./ticlang/
       startup_mspm0g3507_ticlang.o   12      192       0      
    +--+------------------------------+-------+---------+---------+
       Total:                         12      192       0      
                                                               
    /Applications/ti/ccs1240/ccs/tools/compiler/ti-cgt-armllvm_2.1.3.LTS/lib/armv6m-ti-none-eabi/c/libc.a
       memory.c.obj                   752     0         5      
       fopen.c.obj                    552     0         1      
       defs.c.obj                     0       0         404    
       setvbuf.c.obj                  224     0         0      
       getdevice.c.obj                164     0         0      
       fclose.c.obj                   124     0         0      
       copy_decompress_lzss.c.obj     104     0         0      
       autoinit.c.obj                 84      0         0      
       fflush.c.obj                   80      0         0      
       exit.c.obj                     56      0         8      
       boot_cortex_m.c.obj            40      0         0      
       copy_zero_init.c.obj           20      0         0      
       copy_decompress_none.c.obj     18      0         0      
       memcpy16.S.obj                 18      0         0      
       memset16.S.obj                 14      0         0      
       _lock.c.obj                    2       0         8      
       pre_init.c.obj                 4       0         0      
    +--+------------------------------+-------+---------+---------+
       Total:                         2256    0         426    
                                                               
    /Applications/ti/ccs1240/ccs/tools/compiler/ti-cgt-armllvm_2.1.3.LTS/lib/armv6m-ti-none-eabi/c/libsysbm.a
       trgmsg.c.obj                   104     0         288    
       add_device.c.obj               232     0         1      
       host_device.c.obj              0       0         200    
       open.c.obj                     168     0         1      
       hostrename.c.obj               132     0         0      
       hostlseek.c.obj                104     0         0      
       hostopen.c.obj                 92      0         8      
       hostread.c.obj                 88      0         0      
       hostwrite.c.obj                88      0         0      
       close.c.obj                    80      0         0      
       hostclose.c.obj                72      0         0      
       hostunlink.c.obj               72      0         0      
       unlink.c.obj                   44      0         0      
       write.c.obj                    40      0         0      
       remove.c.obj                   8       0         0      
    +--+------------------------------+-------+---------+---------+
       Total:                         1324    0         498    
                                                               
    /Applications/ti/ccs1240/ccs/tools/compiler/ti-cgt-armllvm_2.1.3.LTS/lib/clang/14.0.6/lib/armv6m-ti-none-eabi/libclang_rt.builtins.a
       aeabi_uidivmod.S.obj           64      0         0      
       aeabi_memset.S.obj             28      0         0      
       aeabi_memcpy.S.obj             8       0         0      
       aeabi_div0.c.obj               2       0         0      
    +--+------------------------------+-------+---------+---------+
       Total:                         102     0         0      
                                                               
       Heap:                          0       0         512    
       Stack:                         0       0         512    
       Linker Generated:              0       139       0      
    +--+------------------------------+-------+---------+---------+
       Grand Total:                   10600   52979     2568   


LINKER GENERATED COPY TABLES

__TI_cinit_table @ 0000f85c records: 2, size/record: 8, table size: 16
	.data: load addr=0000f7e0, load size=00000067 bytes, run addr=20200000, run size=00000411 bytes, compression=lzss
	.bss: load addr=0000f854, load size=00000008 bytes, run addr=20200618, run size=000001ff bytes, compression=zero_init


LINKER GENERATED HANDLER TABLE

__TI_handler_table @ 0000f848 records: 3, size/record: 4, table size: 12
	index: 0, handler: __TI_decompress_lzss
	index: 1, handler: __TI_decompress_none
	index: 2, handler: __TI_zero_init


GLOBAL SYMBOLS: SORTED ALPHABETICALLY BY Name 

address   name                          
-------   ----                          
0000f7c5  ADC0_IRQHandler               
0000f7c5  ADC1_IRQHandler               
0000f7c5  AES_IRQHandler                
202003d8  BusFreq                       
0000f7d4  C$$EXIT                       
0000f30f  C$$IO$$                       
0000f7c5  CANFD0_IRQHandler             
202007ec  Count8                        
0000f7c5  DAC0_IRQHandler               
0000f7c5  DMA_IRQHandler                
0000f7c5  Default_Handler               
0000f7c5  GROUP0_IRQHandler             
0000f7c5  GROUP1_IRQHandler             
0000ee11  HOSTclose                     
0000e91d  HOSTlseek                     
0000eb1d  HOSTopen                      
0000eb79  HOSTread                      
0000e985  HOSTrename                    
0000ee59  HOSTunlink                    
0000ebd1  HOSTwrite                     
0000f7c9  HardFault_Handler             
0000f7c5  I2C0_IRQHandler               
0000f7c5  I2C1_IRQHandler               
202003dc  M                             
202007d8  Message                       
202007f0  Messageindex                  
0000f7c5  NMI_Handler                   
0000f7c5  PendSV_Handler                
0000f7c5  RTC_IRQHandler                
0000f7cd  Reset_Handler                 
0000f7d8  SHT$$INIT_ARRAY$$Base         
0000f7dc  SHT$$INIT_ARRAY$$Limit        
0000f7c5  SPI0_IRQHandler               
0000f7c5  SPI1_IRQHandler               
0000f7c5  SVC_Handler                   
2020037c  Sensor                        
202003fc  StTextColor                   
202003e0  StX                           
202003e4  StY                           
0000e6f5  SysTick_Handler               
202007f4  TExaSLogic                    
202007f8  TExaSadc                      
0000f7c5  TIMA0_IRQHandler              
0000f7c5  TIMA1_IRQHandler              
0000f7c5  TIMG0_IRQHandler              
0000dd49  TIMG12_IRQHandler             
0000f625  TIMG6_IRQHandler              
0000f001  TIMG7_IRQHandler              
0000f7c5  TIMG8_IRQHandler              
0000f6d9  TI_memcpy_small               
0000f757  TI_memset_small               
0000f7c5  UART0_IRQHandler              
0000f7c5  UART1_IRQHandler              
0000f7c5  UART2_IRQHandler              
0000f7c5  UART3_IRQHandler              
20200618  _CIOBUF_                      
0000f765  _Z10Clock_Freqv               
0000f6fd  _Z11Clock_Delayj              
0000f101  _Z11SPI_OutDatac              
0000f66d  _Z11ST7735_openPKcji          
0000f683  _Z11ST7735_readiPcj           
0000ec29  _Z11fillmessagej              
0000e241  _Z12ST7735_InitR10initRFlags  
0000f795  _Z12ST7735_closei             
0000f72d  _Z12ST7735_lseekili           
0000f1e1  _Z12ST7735_writeiPKcj         
0000ea55  _Z12random_arrowv             
0000f771  _Z13ST7735_renamePKcS0_       
0000f79f  _Z13ST7735_unlinkPKc          
0000def1  _Z13adjust_arrowsv            
0000f215  _Z14Clock_Delay1msj           
0000e581  _Z14LaunchPad_Initv           
0000eea1  _Z14SPI_OutCommandc           
0000de21  _Z14ST7735_OutCharc           
0000e3f5  _Z14ST7735_OutUDecj           
0000e765  _Z14disk_timerprocv           
0000f139  _Z15ActivatePortA_Bv          
0000d2a5  _Z15Clock_Init80MHzi          
0000d871  _Z15ST7735_FillRectsssst      
0000e2d9  _Z15TimerG12_IntArmjj         
0000d459  _Z16ST7735_DrawCharSsscssh    
0000e7d5  _Z16ST7735_DrawPixelsst       
0000f481  _Z16ST7735_OutStringPc        
0000f249  _Z16ST7735_SetCursorjj        
0000d095  _Z17ST7735_DrawBitmapssPKtss  
0000e479  _Z17ST7735_DrawStringttPcs    
0000f3b1  _Z17ST7735_FillScreent        
0000e1a5  _Z17ST7735_InitPrintfv        
0000f599  _Z6Key_Inv                    
0000f63d  _Z6Randomj                    
0000f6b1  _Z7DAC_Outj                   
0000f171  _Z8Key_Initv                  
0000f7a9  _Z8PLL_Initv                  
0000f559  _Z8Random32v                  
0000da89  _Z8SPI_Initv                  
0000f041  _Z9SPI_Resetv                 
0000e8b1  _ZN10arrow_listC2Ev           
0000dfb1  _ZN6Arrows11target_zoneEv     
0000f70d  _ZN6Arrows16get_remove_stateEv
0000f5b5  _ZN6Arrows4drawEv             
0000ecd1  _ZN6Arrows4moveEv             
0000eee9  _ZN6Arrows7pressedEv          
0000f77d  _ZN6Arrows9get_scoreEv        
0000f081  _ZN6ArrowsC1ERS_              
0000ef79  _ZN6ArrowsC1EhPKthhh          
0000f5d1  _ZN6ArrowsC1Ev                
0000f081  _ZN6ArrowsC2ERS_              
0000ef79  _ZN6ArrowsC2EhPKthhh          
0000f5d1  _ZN6ArrowsC2Ev                
0000ed21  _ZN6ArrowsaSERKS_             
0000ef31  _ZN8SlidePot2InEv             
0000e5fd  _ZN8SlidePot4InitEv           
0000f699  _ZN8SlidePotC1Ejj             
0000f699  _ZN8SlidePotC2Ejj             
20200618  __CIOBUF_                     
20208000  __STACK_END                   
00000200  __STACK_SIZE                  
00000200  __SYSMEM_SIZE                 
0000f85c  __TI_CINIT_Base               
0000f86c  __TI_CINIT_Limit              
0000f86c  __TI_CINIT_Warm               
0000f848  __TI_Handler_Table_Base       
0000f854  __TI_Handler_Table_Limit      
0000ec7d  __TI_auto_init_nobinit        
0000f27d  __TI_cleanup                  
202003d0  __TI_cleanup_ptr              
0000e679  __TI_closefile                
0000e9ed  __TI_decompress_lzss          
0000f6eb  __TI_decompress_none          
0000ed71  __TI_doflush                  
202003d4  __TI_dtors_ptr                
202003e8  __TI_ft_end                   
ffffffff  __TI_pprof_out_hndl           
ffffffff  __TI_prof_data_size           
ffffffff  __TI_prof_data_start          
0000f2b1  __TI_readmsg                  
00000000  __TI_static_base__            
20200738  __TI_tmpnams                  
0000f2e5  __TI_writemsg                 
0000f6c5  __TI_zero_init_nomemset       
0000e1a3  __aeabi_idiv0                 
0000f619  __aeabi_memclr                
0000f619  __aeabi_memclr4               
0000f619  __aeabi_memclr8               
0000f7bd  __aeabi_memcpy                
0000f7bd  __aeabi_memcpy4               
0000f7bd  __aeabi_memcpy8               
0000f609  __aeabi_memset                
0000f609  __aeabi_memset4               
0000f609  __aeabi_memset8               
0000f0c1  __aeabi_uidiv                 
0000f0c1  __aeabi_uidivmod              
ffffffff  __binit__                     
UNDEFED   __mpu_init                    
20207e00  __stack                       
20200000  __start___llvm_prf_bits       
20200000  __start___llvm_prf_cnts       
20200000  __stop___llvm_prf_bits        
20200000  __stop___llvm_prf_cnts        
0000f459  _c_int00_noargs               
20200274  _device                       
20200184  _ftable                       
202003ec  _lock                         
0000e91b  _nop                          
202002ec  _stream                       
20200418  _sys_memory                   
UNDEFED   _system_post_cinit            
0000f7d1  _system_pre_init              
202003f0  _unlock                       
0000f7d5  abort                         
20200000  active_arrows                 
0000db81  add_device                    
0000d735  aligned_alloc                 
20200804  back8                         
ffffffff  binit                         
0000edc1  close                         
2020033c  directions                    
20200390  down_arrow                    
0000f319  exit                          
0000f1a9  finddevice                    
20200808  flag8                         
0000e4fd  fopen                         
0000d989  free                          
0000f34d  freopen                       
2020080c  front8                        
0000e845  getdevice                     
00000000  interruptVectors              
202003a0  left_arrow                    
0000ce69  main                          
0000f789  malloc                        
0000d735  memalign                      
0000e059  open                          
202007e4  parmbuf                       
0000f7b3  remove                        
20200403  remove_arrow                  
202003b0  right_arrow                   
20200405  rndm_arrow_cntr               
202003f4  score                         
0000dc69  setvbuf                       
202003f8  time_counter                  
0000f3dd  unlink                        
202003c0  up_arrow                      
0000f431  write                         


GLOBAL SYMBOLS: SORTED BY Symbol Address 

address   name                          
-------   ----                          
00000000  __TI_static_base__            
00000000  interruptVectors              
00000200  __STACK_SIZE                  
00000200  __SYSMEM_SIZE                 
0000ce69  main                          
0000d095  _Z17ST7735_DrawBitmapssPKtss  
0000d2a5  _Z15Clock_Init80MHzi          
0000d459  _Z16ST7735_DrawCharSsscssh    
0000d735  aligned_alloc                 
0000d735  memalign                      
0000d871  _Z15ST7735_FillRectsssst      
0000d989  free                          
0000da89  _Z8SPI_Initv                  
0000db81  add_device                    
0000dc69  setvbuf                       
0000dd49  TIMG12_IRQHandler             
0000de21  _Z14ST7735_OutCharc           
0000def1  _Z13adjust_arrowsv            
0000dfb1  _ZN6Arrows11target_zoneEv     
0000e059  open                          
0000e1a3  __aeabi_idiv0                 
0000e1a5  _Z17ST7735_InitPrintfv        
0000e241  _Z12ST7735_InitR10initRFlags  
0000e2d9  _Z15TimerG12_IntArmjj         
0000e3f5  _Z14ST7735_OutUDecj           
0000e479  _Z17ST7735_DrawStringttPcs    
0000e4fd  fopen                         
0000e581  _Z14LaunchPad_Initv           
0000e5fd  _ZN8SlidePot4InitEv           
0000e679  __TI_closefile                
0000e6f5  SysTick_Handler               
0000e765  _Z14disk_timerprocv           
0000e7d5  _Z16ST7735_DrawPixelsst       
0000e845  getdevice                     
0000e8b1  _ZN10arrow_listC2Ev           
0000e91b  _nop                          
0000e91d  HOSTlseek                     
0000e985  HOSTrename                    
0000e9ed  __TI_decompress_lzss          
0000ea55  _Z12random_arrowv             
0000eb1d  HOSTopen                      
0000eb79  HOSTread                      
0000ebd1  HOSTwrite                     
0000ec29  _Z11fillmessagej              
0000ec7d  __TI_auto_init_nobinit        
0000ecd1  _ZN6Arrows4moveEv             
0000ed21  _ZN6ArrowsaSERKS_             
0000ed71  __TI_doflush                  
0000edc1  close                         
0000ee11  HOSTclose                     
0000ee59  HOSTunlink                    
0000eea1  _Z14SPI_OutCommandc           
0000eee9  _ZN6Arrows7pressedEv          
0000ef31  _ZN8SlidePot2InEv             
0000ef79  _ZN6ArrowsC1EhPKthhh          
0000ef79  _ZN6ArrowsC2EhPKthhh          
0000f001  TIMG7_IRQHandler              
0000f041  _Z9SPI_Resetv                 
0000f081  _ZN6ArrowsC1ERS_              
0000f081  _ZN6ArrowsC2ERS_              
0000f0c1  __aeabi_uidiv                 
0000f0c1  __aeabi_uidivmod              
0000f101  _Z11SPI_OutDatac              
0000f139  _Z15ActivatePortA_Bv          
0000f171  _Z8Key_Initv                  
0000f1a9  finddevice                    
0000f1e1  _Z12ST7735_writeiPKcj         
0000f215  _Z14Clock_Delay1msj           
0000f249  _Z16ST7735_SetCursorjj        
0000f27d  __TI_cleanup                  
0000f2b1  __TI_readmsg                  
0000f2e5  __TI_writemsg                 
0000f30f  C$$IO$$                       
0000f319  exit                          
0000f34d  freopen                       
0000f3b1  _Z17ST7735_FillScreent        
0000f3dd  unlink                        
0000f431  write                         
0000f459  _c_int00_noargs               
0000f481  _Z16ST7735_OutStringPc        
0000f559  _Z8Random32v                  
0000f599  _Z6Key_Inv                    
0000f5b5  _ZN6Arrows4drawEv             
0000f5d1  _ZN6ArrowsC1Ev                
0000f5d1  _ZN6ArrowsC2Ev                
0000f609  __aeabi_memset                
0000f609  __aeabi_memset4               
0000f609  __aeabi_memset8               
0000f619  __aeabi_memclr                
0000f619  __aeabi_memclr4               
0000f619  __aeabi_memclr8               
0000f625  TIMG6_IRQHandler              
0000f63d  _Z6Randomj                    
0000f66d  _Z11ST7735_openPKcji          
0000f683  _Z11ST7735_readiPcj           
0000f699  _ZN8SlidePotC1Ejj             
0000f699  _ZN8SlidePotC2Ejj             
0000f6b1  _Z7DAC_Outj                   
0000f6c5  __TI_zero_init_nomemset       
0000f6d9  TI_memcpy_small               
0000f6eb  __TI_decompress_none          
0000f6fd  _Z11Clock_Delayj              
0000f70d  _ZN6Arrows16get_remove_stateEv
0000f72d  _Z12ST7735_lseekili           
0000f757  TI_memset_small               
0000f765  _Z10Clock_Freqv               
0000f771  _Z13ST7735_renamePKcS0_       
0000f77d  _ZN6Arrows9get_scoreEv        
0000f789  malloc                        
0000f795  _Z12ST7735_closei             
0000f79f  _Z13ST7735_unlinkPKc          
0000f7a9  _Z8PLL_Initv                  
0000f7b3  remove                        
0000f7bd  __aeabi_memcpy                
0000f7bd  __aeabi_memcpy4               
0000f7bd  __aeabi_memcpy8               
0000f7c5  ADC0_IRQHandler               
0000f7c5  ADC1_IRQHandler               
0000f7c5  AES_IRQHandler                
0000f7c5  CANFD0_IRQHandler             
0000f7c5  DAC0_IRQHandler               
0000f7c5  DMA_IRQHandler                
0000f7c5  Default_Handler               
0000f7c5  GROUP0_IRQHandler             
0000f7c5  GROUP1_IRQHandler             
0000f7c5  I2C0_IRQHandler               
0000f7c5  I2C1_IRQHandler               
0000f7c5  NMI_Handler                   
0000f7c5  PendSV_Handler                
0000f7c5  RTC_IRQHandler                
0000f7c5  SPI0_IRQHandler               
0000f7c5  SPI1_IRQHandler               
0000f7c5  SVC_Handler                   
0000f7c5  TIMA0_IRQHandler              
0000f7c5  TIMA1_IRQHandler              
0000f7c5  TIMG0_IRQHandler              
0000f7c5  TIMG8_IRQHandler              
0000f7c5  UART0_IRQHandler              
0000f7c5  UART1_IRQHandler              
0000f7c5  UART2_IRQHandler              
0000f7c5  UART3_IRQHandler              
0000f7c9  HardFault_Handler             
0000f7cd  Reset_Handler                 
0000f7d1  _system_pre_init              
0000f7d4  C$$EXIT                       
0000f7d5  abort                         
0000f7d8  SHT$$INIT_ARRAY$$Base         
0000f7dc  SHT$$INIT_ARRAY$$Limit        
0000f848  __TI_Handler_Table_Base       
0000f854  __TI_Handler_Table_Limit      
0000f85c  __TI_CINIT_Base               
0000f86c  __TI_CINIT_Limit              
0000f86c  __TI_CINIT_Warm               
20200000  __start___llvm_prf_bits       
20200000  __start___llvm_prf_cnts       
20200000  __stop___llvm_prf_bits        
20200000  __stop___llvm_prf_cnts        
20200000  active_arrows                 
20200184  _ftable                       
20200274  _device                       
202002ec  _stream                       
2020033c  directions                    
2020037c  Sensor                        
20200390  down_arrow                    
202003a0  left_arrow                    
202003b0  right_arrow                   
202003c0  up_arrow                      
202003d0  __TI_cleanup_ptr              
202003d4  __TI_dtors_ptr                
202003d8  BusFreq                       
202003dc  M                             
202003e0  StX                           
202003e4  StY                           
202003e8  __TI_ft_end                   
202003ec  _lock                         
202003f0  _unlock                       
202003f4  score                         
202003f8  time_counter                  
202003fc  StTextColor                   
20200403  remove_arrow                  
20200405  rndm_arrow_cntr               
20200418  _sys_memory                   
20200618  _CIOBUF_                      
20200618  __CIOBUF_                     
20200738  __TI_tmpnams                  
202007d8  Message                       
202007e4  parmbuf                       
202007ec  Count8                        
202007f0  Messageindex                  
202007f4  TExaSLogic                    
202007f8  TExaSadc                      
20200804  back8                         
20200808  flag8                         
2020080c  front8                        
20207e00  __stack                       
20208000  __STACK_END                   
ffffffff  __TI_pprof_out_hndl           
ffffffff  __TI_prof_data_size           
ffffffff  __TI_prof_data_start          
ffffffff  __binit__                     
ffffffff  binit                         
UNDEFED   __mpu_init                    
UNDEFED   _system_post_cinit            

[203 symbols]
