<?xml version="1.0" encoding="ISO-8859-1" ?>
<link_info>
   <banner>TI ARM Clang Linker Unix v2.1.3.LTS</banner>
   <copyright>Copyright (c) 1996-2018 Texas Instruments Incorporated</copyright>
   <link_time>0x662df68d</link_time>
   <link_errors>0x0</link_errors>
   <output_file>ECE319K_Lab9H.out</output_file>
   <entry_point>
      <name>_c_int00_noargs</name>
      <address>0xf4f9</address>
   </entry_point>
   <input_file_list>
      <input_file id="fl-1">
         <path>./</path>
         <kind>object</kind>
         <file>Clock.o</file>
         <name>Clock.o</name>
      </input_file>
      <input_file id="fl-2">
         <path>./</path>
         <kind>object</kind>
         <file>DAC5.o</file>
         <name>DAC5.o</name>
      </input_file>
      <input_file id="fl-3">
         <path>./</path>
         <kind>object</kind>
         <file>FIFO2.o</file>
         <name>FIFO2.o</name>
      </input_file>
      <input_file id="fl-4">
         <path>./</path>
         <kind>object</kind>
         <file>IRxmt.o</file>
         <name>IRxmt.o</name>
      </input_file>
      <input_file id="fl-5">
         <path>./</path>
         <kind>object</kind>
         <file>LED.o</file>
         <name>LED.o</name>
      </input_file>
      <input_file id="fl-6">
         <path>./</path>
         <kind>object</kind>
         <file>Lab9HMain.o</file>
         <name>Lab9HMain.o</name>
      </input_file>
      <input_file id="fl-7">
         <path>./</path>
         <kind>object</kind>
         <file>LaunchPad.o</file>
         <name>LaunchPad.o</name>
      </input_file>
      <input_file id="fl-8">
         <path>./</path>
         <kind>object</kind>
         <file>SPI.o</file>
         <name>SPI.o</name>
      </input_file>
      <input_file id="fl-9">
         <path>./</path>
         <kind>object</kind>
         <file>ST7735.o</file>
         <name>ST7735.o</name>
      </input_file>
      <input_file id="fl-a">
         <path>./</path>
         <kind>object</kind>
         <file>SlidePot.o</file>
         <name>SlidePot.o</name>
      </input_file>
      <input_file id="fl-b">
         <path>./</path>
         <kind>object</kind>
         <file>SmallFont.o</file>
         <name>SmallFont.o</name>
      </input_file>
      <input_file id="fl-c">
         <path>./</path>
         <kind>object</kind>
         <file>Sound.o</file>
         <name>Sound.o</name>
      </input_file>
      <input_file id="fl-d">
         <path>./</path>
         <kind>object</kind>
         <file>Switch.o</file>
         <name>Switch.o</name>
      </input_file>
      <input_file id="fl-e">
         <path>./</path>
         <kind>object</kind>
         <file>TExaS.o</file>
         <name>TExaS.o</name>
      </input_file>
      <input_file id="fl-f">
         <path>./</path>
         <kind>object</kind>
         <file>Timer.o</file>
         <name>Timer.o</name>
      </input_file>
      <input_file id="fl-10">
         <path>./</path>
         <kind>object</kind>
         <file>UART2.o</file>
         <name>UART2.o</name>
      </input_file>
      <input_file id="fl-11">
         <path>./</path>
         <kind>object</kind>
         <file>diskio.o</file>
         <name>diskio.o</name>
      </input_file>
      <input_file id="fl-12">
         <path>./</path>
         <kind>object</kind>
         <file>ff.o</file>
         <name>ff.o</name>
      </input_file>
      <input_file id="fl-13">
         <path>./images/pipedreams/</path>
         <kind>object</kind>
         <file>PipeSound.o</file>
         <name>PipeSound.o</name>
      </input_file>
      <input_file id="fl-14">
         <path>./ticlang/</path>
         <kind>object</kind>
         <file>startup_mspm0g3507_ticlang.o</file>
         <name>startup_mspm0g3507_ticlang.o</name>
      </input_file>
      <input_file id="fl-20">
         <kind>object</kind>
         <file>&lt;internal&gt;</file>
         <name>&lt;internal&gt;</name>
      </input_file>
      <input_file id="fl-2c">
         <path>/Applications/ti/ccs1240/ccs/tools/compiler/ti-cgt-armllvm_2.1.3.LTS/lib/armv6m-ti-none-eabi/c/</path>
         <kind>archive</kind>
         <file>libc.a</file>
         <name>printf.c.obj</name>
      </input_file>
      <input_file id="fl-2d">
         <path>/Applications/ti/ccs1240/ccs/tools/compiler/ti-cgt-armllvm_2.1.3.LTS/lib/armv6m-ti-none-eabi/c/</path>
         <kind>archive</kind>
         <file>libc.a</file>
         <name>_printfi.c.obj</name>
      </input_file>
      <input_file id="fl-2e">
         <path>/Applications/ti/ccs1240/ccs/tools/compiler/ti-cgt-armllvm_2.1.3.LTS/lib/armv6m-ti-none-eabi/c/</path>
         <kind>archive</kind>
         <file>libc.a</file>
         <name>fopen.c.obj</name>
      </input_file>
      <input_file id="fl-2f">
         <path>/Applications/ti/ccs1240/ccs/tools/compiler/ti-cgt-armllvm_2.1.3.LTS/lib/armv6m-ti-none-eabi/c/</path>
         <kind>archive</kind>
         <file>libc.a</file>
         <name>fputc.c.obj</name>
      </input_file>
      <input_file id="fl-30">
         <path>/Applications/ti/ccs1240/ccs/tools/compiler/ti-cgt-armllvm_2.1.3.LTS/lib/armv6m-ti-none-eabi/c/</path>
         <kind>archive</kind>
         <file>libc.a</file>
         <name>fputs.c.obj</name>
      </input_file>
      <input_file id="fl-31">
         <path>/Applications/ti/ccs1240/ccs/tools/compiler/ti-cgt-armllvm_2.1.3.LTS/lib/armv6m-ti-none-eabi/c/</path>
         <kind>archive</kind>
         <file>libc.a</file>
         <name>_io_perm.c.obj</name>
      </input_file>
      <input_file id="fl-32">
         <path>/Applications/ti/ccs1240/ccs/tools/compiler/ti-cgt-armllvm_2.1.3.LTS/lib/armv6m-ti-none-eabi/c/</path>
         <kind>archive</kind>
         <file>libc.a</file>
         <name>setvbuf.c.obj</name>
      </input_file>
      <input_file id="fl-33">
         <path>/Applications/ti/ccs1240/ccs/tools/compiler/ti-cgt-armllvm_2.1.3.LTS/lib/armv6m-ti-none-eabi/c/</path>
         <kind>archive</kind>
         <file>libc.a</file>
         <name>aeabi_portable.c.obj</name>
      </input_file>
      <input_file id="fl-34">
         <path>/Applications/ti/ccs1240/ccs/tools/compiler/ti-cgt-armllvm_2.1.3.LTS/lib/armv6m-ti-none-eabi/c/</path>
         <kind>archive</kind>
         <file>libc.a</file>
         <name>exit.c.obj</name>
      </input_file>
      <input_file id="fl-35">
         <path>/Applications/ti/ccs1240/ccs/tools/compiler/ti-cgt-armllvm_2.1.3.LTS/lib/armv6m-ti-none-eabi/c/</path>
         <kind>archive</kind>
         <file>libc.a</file>
         <name>_lock.c.obj</name>
      </input_file>
      <input_file id="fl-36">
         <path>/Applications/ti/ccs1240/ccs/tools/compiler/ti-cgt-armllvm_2.1.3.LTS/lib/armv6m-ti-none-eabi/c/</path>
         <kind>archive</kind>
         <file>libc.a</file>
         <name>_ltoa.c.obj</name>
      </input_file>
      <input_file id="fl-37">
         <path>/Applications/ti/ccs1240/ccs/tools/compiler/ti-cgt-armllvm_2.1.3.LTS/lib/armv6m-ti-none-eabi/c/</path>
         <kind>archive</kind>
         <file>libc.a</file>
         <name>assert.c.obj</name>
      </input_file>
      <input_file id="fl-38">
         <path>/Applications/ti/ccs1240/ccs/tools/compiler/ti-cgt-armllvm_2.1.3.LTS/lib/armv6m-ti-none-eabi/c/</path>
         <kind>archive</kind>
         <file>libc.a</file>
         <name>atoi.c.obj</name>
      </input_file>
      <input_file id="fl-39">
         <path>/Applications/ti/ccs1240/ccs/tools/compiler/ti-cgt-armllvm_2.1.3.LTS/lib/armv6m-ti-none-eabi/c/</path>
         <kind>archive</kind>
         <file>libc.a</file>
         <name>defs.c.obj</name>
      </input_file>
      <input_file id="fl-3a">
         <path>/Applications/ti/ccs1240/ccs/tools/compiler/ti-cgt-armllvm_2.1.3.LTS/lib/armv6m-ti-none-eabi/c/</path>
         <kind>archive</kind>
         <file>libc.a</file>
         <name>memccpy.c.obj</name>
      </input_file>
      <input_file id="fl-3b">
         <path>/Applications/ti/ccs1240/ccs/tools/compiler/ti-cgt-armllvm_2.1.3.LTS/lib/armv6m-ti-none-eabi/c/</path>
         <kind>archive</kind>
         <file>libc.a</file>
         <name>memory.c.obj</name>
      </input_file>
      <input_file id="fl-3c">
         <path>/Applications/ti/ccs1240/ccs/tools/compiler/ti-cgt-armllvm_2.1.3.LTS/lib/armv6m-ti-none-eabi/c/</path>
         <kind>archive</kind>
         <file>libc.a</file>
         <name>boot_cortex_m.c.obj</name>
      </input_file>
      <input_file id="fl-3d">
         <path>/Applications/ti/ccs1240/ccs/tools/compiler/ti-cgt-armllvm_2.1.3.LTS/lib/armv6m-ti-none-eabi/c/</path>
         <kind>archive</kind>
         <file>libc.a</file>
         <name>mathacl_init.c.obj</name>
      </input_file>
      <input_file id="fl-3e">
         <path>/Applications/ti/ccs1240/ccs/tools/compiler/ti-cgt-armllvm_2.1.3.LTS/lib/armv6m-ti-none-eabi/c/</path>
         <kind>archive</kind>
         <file>libc.a</file>
         <name>autoinit.c.obj</name>
      </input_file>
      <input_file id="fl-3f">
         <path>/Applications/ti/ccs1240/ccs/tools/compiler/ti-cgt-armllvm_2.1.3.LTS/lib/armv6m-ti-none-eabi/c/</path>
         <kind>archive</kind>
         <file>libc.a</file>
         <name>pre_init.c.obj</name>
      </input_file>
      <input_file id="fl-40">
         <path>/Applications/ti/ccs1240/ccs/tools/compiler/ti-cgt-armllvm_2.1.3.LTS/lib/armv6m-ti-none-eabi/c/</path>
         <kind>archive</kind>
         <file>libc.a</file>
         <name>cpy_tbl.c.obj</name>
      </input_file>
      <input_file id="fl-41">
         <path>/Applications/ti/ccs1240/ccs/tools/compiler/ti-cgt-armllvm_2.1.3.LTS/lib/armv6m-ti-none-eabi/c/</path>
         <kind>archive</kind>
         <file>libc.a</file>
         <name>copy_zero_init.c.obj</name>
      </input_file>
      <input_file id="fl-42">
         <path>/Applications/ti/ccs1240/ccs/tools/compiler/ti-cgt-armllvm_2.1.3.LTS/lib/armv6m-ti-none-eabi/c/</path>
         <kind>archive</kind>
         <file>libc.a</file>
         <name>copy_decompress_none.c.obj</name>
      </input_file>
      <input_file id="fl-43">
         <path>/Applications/ti/ccs1240/ccs/tools/compiler/ti-cgt-armllvm_2.1.3.LTS/lib/armv6m-ti-none-eabi/c/</path>
         <kind>archive</kind>
         <file>libc.a</file>
         <name>copy_decompress_lzss.c.obj</name>
      </input_file>
      <input_file id="fl-44">
         <path>/Applications/ti/ccs1240/ccs/tools/compiler/ti-cgt-armllvm_2.1.3.LTS/lib/armv6m-ti-none-eabi/c/</path>
         <kind>archive</kind>
         <file>libc.a</file>
         <name>abs.c.obj</name>
      </input_file>
      <input_file id="fl-45">
         <path>/Applications/ti/ccs1240/ccs/tools/compiler/ti-cgt-armllvm_2.1.3.LTS/lib/armv6m-ti-none-eabi/c/</path>
         <kind>archive</kind>
         <file>libc.a</file>
         <name>wcslen.c.obj</name>
      </input_file>
      <input_file id="fl-46">
         <path>/Applications/ti/ccs1240/ccs/tools/compiler/ti-cgt-armllvm_2.1.3.LTS/lib/armv6m-ti-none-eabi/c/</path>
         <kind>archive</kind>
         <file>libc.a</file>
         <name>s_frexp.c.obj</name>
      </input_file>
      <input_file id="fl-47">
         <path>/Applications/ti/ccs1240/ccs/tools/compiler/ti-cgt-armllvm_2.1.3.LTS/lib/armv6m-ti-none-eabi/c/</path>
         <kind>archive</kind>
         <file>libc.a</file>
         <name>s_scalbn.c.obj</name>
      </input_file>
      <input_file id="fl-48">
         <path>/Applications/ti/ccs1240/ccs/tools/compiler/ti-cgt-armllvm_2.1.3.LTS/lib/armv6m-ti-none-eabi/c/</path>
         <kind>archive</kind>
         <file>libc.a</file>
         <name>sprintf.c.obj</name>
      </input_file>
      <input_file id="fl-49">
         <path>/Applications/ti/ccs1240/ccs/tools/compiler/ti-cgt-armllvm_2.1.3.LTS/lib/armv6m-ti-none-eabi/c/</path>
         <kind>archive</kind>
         <file>libc.a</file>
         <name>fclose.c.obj</name>
      </input_file>
      <input_file id="fl-4a">
         <path>/Applications/ti/ccs1240/ccs/tools/compiler/ti-cgt-armllvm_2.1.3.LTS/lib/armv6m-ti-none-eabi/c/</path>
         <kind>archive</kind>
         <file>libc.a</file>
         <name>fflush.c.obj</name>
      </input_file>
      <input_file id="fl-4b">
         <path>/Applications/ti/ccs1240/ccs/tools/compiler/ti-cgt-armllvm_2.1.3.LTS/lib/armv6m-ti-none-eabi/c/</path>
         <kind>archive</kind>
         <file>libc.a</file>
         <name>fseek.c.obj</name>
      </input_file>
      <input_file id="fl-4c">
         <path>/Applications/ti/ccs1240/ccs/tools/compiler/ti-cgt-armllvm_2.1.3.LTS/lib/armv6m-ti-none-eabi/c/</path>
         <kind>archive</kind>
         <file>libc.a</file>
         <name>aeabi_ctype.S.obj</name>
      </input_file>
      <input_file id="fl-4d">
         <path>/Applications/ti/ccs1240/ccs/tools/compiler/ti-cgt-armllvm_2.1.3.LTS/lib/armv6m-ti-none-eabi/c/</path>
         <kind>archive</kind>
         <file>libc.a</file>
         <name>args_main.c.obj</name>
      </input_file>
      <input_file id="fl-86">
         <path>/Applications/ti/ccs1240/ccs/tools/compiler/ti-cgt-armllvm_2.1.3.LTS/lib/armv6m-ti-none-eabi/c/</path>
         <kind>archive</kind>
         <file>libsysbm.a</file>
         <name>write.c.obj</name>
      </input_file>
      <input_file id="fl-87">
         <path>/Applications/ti/ccs1240/ccs/tools/compiler/ti-cgt-armllvm_2.1.3.LTS/lib/armv6m-ti-none-eabi/c/</path>
         <kind>archive</kind>
         <file>libsysbm.a</file>
         <name>host_device.c.obj</name>
      </input_file>
      <input_file id="fl-88">
         <path>/Applications/ti/ccs1240/ccs/tools/compiler/ti-cgt-armllvm_2.1.3.LTS/lib/armv6m-ti-none-eabi/c/</path>
         <kind>archive</kind>
         <file>libsysbm.a</file>
         <name>remove.c.obj</name>
      </input_file>
      <input_file id="fl-89">
         <path>/Applications/ti/ccs1240/ccs/tools/compiler/ti-cgt-armllvm_2.1.3.LTS/lib/armv6m-ti-none-eabi/c/</path>
         <kind>archive</kind>
         <file>libsysbm.a</file>
         <name>open.c.obj</name>
      </input_file>
      <input_file id="fl-8a">
         <path>/Applications/ti/ccs1240/ccs/tools/compiler/ti-cgt-armllvm_2.1.3.LTS/lib/armv6m-ti-none-eabi/c/</path>
         <kind>archive</kind>
         <file>libsysbm.a</file>
         <name>lseek.c.obj</name>
      </input_file>
      <input_file id="fl-8b">
         <path>/Applications/ti/ccs1240/ccs/tools/compiler/ti-cgt-armllvm_2.1.3.LTS/lib/armv6m-ti-none-eabi/c/</path>
         <kind>archive</kind>
         <file>libsysbm.a</file>
         <name>close.c.obj</name>
      </input_file>
      <input_file id="fl-8c">
         <path>/Applications/ti/ccs1240/ccs/tools/compiler/ti-cgt-armllvm_2.1.3.LTS/lib/armv6m-ti-none-eabi/c/</path>
         <kind>archive</kind>
         <file>libsysbm.a</file>
         <name>add_device.c.obj</name>
      </input_file>
      <input_file id="fl-8d">
         <path>/Applications/ti/ccs1240/ccs/tools/compiler/ti-cgt-armllvm_2.1.3.LTS/lib/armv6m-ti-none-eabi/c/</path>
         <kind>archive</kind>
         <file>libsysbm.a</file>
         <name>unlink.c.obj</name>
      </input_file>
      <input_file id="fl-8e">
         <path>/Applications/ti/ccs1240/ccs/tools/compiler/ti-cgt-armllvm_2.1.3.LTS/lib/armv6m-ti-none-eabi/c/</path>
         <kind>archive</kind>
         <file>libsysbm.a</file>
         <name>hostclose.c.obj</name>
      </input_file>
      <input_file id="fl-8f">
         <path>/Applications/ti/ccs1240/ccs/tools/compiler/ti-cgt-armllvm_2.1.3.LTS/lib/armv6m-ti-none-eabi/c/</path>
         <kind>archive</kind>
         <file>libsysbm.a</file>
         <name>hostlseek.c.obj</name>
      </input_file>
      <input_file id="fl-90">
         <path>/Applications/ti/ccs1240/ccs/tools/compiler/ti-cgt-armllvm_2.1.3.LTS/lib/armv6m-ti-none-eabi/c/</path>
         <kind>archive</kind>
         <file>libsysbm.a</file>
         <name>hostopen.c.obj</name>
      </input_file>
      <input_file id="fl-91">
         <path>/Applications/ti/ccs1240/ccs/tools/compiler/ti-cgt-armllvm_2.1.3.LTS/lib/armv6m-ti-none-eabi/c/</path>
         <kind>archive</kind>
         <file>libsysbm.a</file>
         <name>hostread.c.obj</name>
      </input_file>
      <input_file id="fl-92">
         <path>/Applications/ti/ccs1240/ccs/tools/compiler/ti-cgt-armllvm_2.1.3.LTS/lib/armv6m-ti-none-eabi/c/</path>
         <kind>archive</kind>
         <file>libsysbm.a</file>
         <name>hostrename.c.obj</name>
      </input_file>
      <input_file id="fl-93">
         <path>/Applications/ti/ccs1240/ccs/tools/compiler/ti-cgt-armllvm_2.1.3.LTS/lib/armv6m-ti-none-eabi/c/</path>
         <kind>archive</kind>
         <file>libsysbm.a</file>
         <name>hostunlink.c.obj</name>
      </input_file>
      <input_file id="fl-94">
         <path>/Applications/ti/ccs1240/ccs/tools/compiler/ti-cgt-armllvm_2.1.3.LTS/lib/armv6m-ti-none-eabi/c/</path>
         <kind>archive</kind>
         <file>libsysbm.a</file>
         <name>hostwrite.c.obj</name>
      </input_file>
      <input_file id="fl-95">
         <path>/Applications/ti/ccs1240/ccs/tools/compiler/ti-cgt-armllvm_2.1.3.LTS/lib/armv6m-ti-none-eabi/c/</path>
         <kind>archive</kind>
         <file>libsysbm.a</file>
         <name>trgmsg.c.obj</name>
      </input_file>
      <input_file id="fl-96">
         <path>/Applications/ti/ccs1240/ccs/tools/compiler/ti-cgt-armllvm_2.1.3.LTS/lib/clang/14.0.6/lib/armv6m-ti-none-eabi/</path>
         <kind>archive</kind>
         <file>libclang_rt.builtins.a</file>
         <name>adddf3.S.obj</name>
      </input_file>
      <input_file id="fl-97">
         <path>/Applications/ti/ccs1240/ccs/tools/compiler/ti-cgt-armllvm_2.1.3.LTS/lib/clang/14.0.6/lib/armv6m-ti-none-eabi/</path>
         <kind>archive</kind>
         <file>libclang_rt.builtins.a</file>
         <name>muldf3.S.obj</name>
      </input_file>
      <input_file id="fl-98">
         <path>/Applications/ti/ccs1240/ccs/tools/compiler/ti-cgt-armllvm_2.1.3.LTS/lib/clang/14.0.6/lib/armv6m-ti-none-eabi/</path>
         <kind>archive</kind>
         <file>libclang_rt.builtins.a</file>
         <name>muldsi3.S.obj</name>
      </input_file>
      <input_file id="fl-99">
         <path>/Applications/ti/ccs1240/ccs/tools/compiler/ti-cgt-armllvm_2.1.3.LTS/lib/clang/14.0.6/lib/armv6m-ti-none-eabi/</path>
         <kind>archive</kind>
         <file>libclang_rt.builtins.a</file>
         <name>divdf3.S.obj</name>
      </input_file>
      <input_file id="fl-9a">
         <path>/Applications/ti/ccs1240/ccs/tools/compiler/ti-cgt-armllvm_2.1.3.LTS/lib/clang/14.0.6/lib/armv6m-ti-none-eabi/</path>
         <kind>archive</kind>
         <file>libclang_rt.builtins.a</file>
         <name>fixdfsi.S.obj</name>
      </input_file>
      <input_file id="fl-9b">
         <path>/Applications/ti/ccs1240/ccs/tools/compiler/ti-cgt-armllvm_2.1.3.LTS/lib/clang/14.0.6/lib/armv6m-ti-none-eabi/</path>
         <kind>archive</kind>
         <file>libclang_rt.builtins.a</file>
         <name>floatsidf.S.obj</name>
      </input_file>
      <input_file id="fl-9c">
         <path>/Applications/ti/ccs1240/ccs/tools/compiler/ti-cgt-armllvm_2.1.3.LTS/lib/clang/14.0.6/lib/armv6m-ti-none-eabi/</path>
         <kind>archive</kind>
         <file>libclang_rt.builtins.a</file>
         <name>floatunsidf.S.obj</name>
      </input_file>
      <input_file id="fl-9d">
         <path>/Applications/ti/ccs1240/ccs/tools/compiler/ti-cgt-armllvm_2.1.3.LTS/lib/clang/14.0.6/lib/armv6m-ti-none-eabi/</path>
         <kind>archive</kind>
         <file>libclang_rt.builtins.a</file>
         <name>muldi3.S.obj</name>
      </input_file>
      <input_file id="fl-9e">
         <path>/Applications/ti/ccs1240/ccs/tools/compiler/ti-cgt-armllvm_2.1.3.LTS/lib/clang/14.0.6/lib/armv6m-ti-none-eabi/</path>
         <kind>archive</kind>
         <file>libclang_rt.builtins.a</file>
         <name>truncdfsf2.S.obj</name>
      </input_file>
      <input_file id="fl-9f">
         <path>/Applications/ti/ccs1240/ccs/tools/compiler/ti-cgt-armllvm_2.1.3.LTS/lib/clang/14.0.6/lib/armv6m-ti-none-eabi/</path>
         <kind>archive</kind>
         <file>libclang_rt.builtins.a</file>
         <name>aeabi_dcmp.S.obj</name>
      </input_file>
      <input_file id="fl-a0">
         <path>/Applications/ti/ccs1240/ccs/tools/compiler/ti-cgt-armllvm_2.1.3.LTS/lib/clang/14.0.6/lib/armv6m-ti-none-eabi/</path>
         <kind>archive</kind>
         <file>libclang_rt.builtins.a</file>
         <name>aeabi_idivmod.S.obj</name>
      </input_file>
      <input_file id="fl-a1">
         <path>/Applications/ti/ccs1240/ccs/tools/compiler/ti-cgt-armllvm_2.1.3.LTS/lib/clang/14.0.6/lib/armv6m-ti-none-eabi/</path>
         <kind>archive</kind>
         <file>libclang_rt.builtins.a</file>
         <name>aeabi_memcpy.S.obj</name>
      </input_file>
      <input_file id="fl-a2">
         <path>/Applications/ti/ccs1240/ccs/tools/compiler/ti-cgt-armllvm_2.1.3.LTS/lib/clang/14.0.6/lib/armv6m-ti-none-eabi/</path>
         <kind>archive</kind>
         <file>libclang_rt.builtins.a</file>
         <name>aeabi_memset.S.obj</name>
      </input_file>
      <input_file id="fl-a3">
         <path>/Applications/ti/ccs1240/ccs/tools/compiler/ti-cgt-armllvm_2.1.3.LTS/lib/clang/14.0.6/lib/armv6m-ti-none-eabi/</path>
         <kind>archive</kind>
         <file>libclang_rt.builtins.a</file>
         <name>aeabi_uidivmod.S.obj</name>
      </input_file>
      <input_file id="fl-a4">
         <path>/Applications/ti/ccs1240/ccs/tools/compiler/ti-cgt-armllvm_2.1.3.LTS/lib/clang/14.0.6/lib/armv6m-ti-none-eabi/</path>
         <kind>archive</kind>
         <file>libclang_rt.builtins.a</file>
         <name>aeabi_uldivmod.S.obj</name>
      </input_file>
      <input_file id="fl-a5">
         <path>/Applications/ti/ccs1240/ccs/tools/compiler/ti-cgt-armllvm_2.1.3.LTS/lib/clang/14.0.6/lib/armv6m-ti-none-eabi/</path>
         <kind>archive</kind>
         <file>libclang_rt.builtins.a</file>
         <name>udivmoddi4.S.obj</name>
      </input_file>
      <input_file id="fl-a6">
         <path>/Applications/ti/ccs1240/ccs/tools/compiler/ti-cgt-armllvm_2.1.3.LTS/lib/clang/14.0.6/lib/armv6m-ti-none-eabi/</path>
         <kind>archive</kind>
         <file>libclang_rt.builtins.a</file>
         <name>ashldi3.S.obj</name>
      </input_file>
      <input_file id="fl-a7">
         <path>/Applications/ti/ccs1240/ccs/tools/compiler/ti-cgt-armllvm_2.1.3.LTS/lib/clang/14.0.6/lib/armv6m-ti-none-eabi/</path>
         <kind>archive</kind>
         <file>libclang_rt.builtins.a</file>
         <name>comparedf2.c.obj</name>
      </input_file>
      <input_file id="fl-a8">
         <path>/Applications/ti/ccs1240/ccs/tools/compiler/ti-cgt-armllvm_2.1.3.LTS/lib/clang/14.0.6/lib/armv6m-ti-none-eabi/</path>
         <kind>archive</kind>
         <file>libclang_rt.builtins.a</file>
         <name>aeabi_div0.c.obj</name>
      </input_file>
      <input_file id="fl-a9">
         <path>/Applications/ti/ccs1240/ccs/tools/compiler/ti-cgt-armllvm_2.1.3.LTS/lib/armv6m-ti-none-eabi/c/</path>
         <kind>archive</kind>
         <file>libc.a</file>
         <name>getdevice.c.obj</name>
      </input_file>
      <input_file id="fl-aa">
         <path>/Applications/ti/ccs1240/ccs/tools/compiler/ti-cgt-armllvm_2.1.3.LTS/lib/armv6m-ti-none-eabi/c/</path>
         <kind>archive</kind>
         <file>libc.a</file>
         <name>memcpy16.S.obj</name>
      </input_file>
      <input_file id="fl-ab">
         <path>/Applications/ti/ccs1240/ccs/tools/compiler/ti-cgt-armllvm_2.1.3.LTS/lib/armv6m-ti-none-eabi/c/</path>
         <kind>archive</kind>
         <file>libc.a</file>
         <name>memset16.S.obj</name>
      </input_file>
   </input_file_list>
   <object_component_list>
      <object_component id="oc-18">
         <name>.intvecs</name>
         <load_address>0x0</load_address>
         <run_address>0x0</run_address>
         <size>0xc0</size>
         <input_file_ref idref="fl-14"/>
      </object_component>
      <object_component id="oc-da">
         <name>.text._Z17ST7735_DrawBitmapssPKtss</name>
         <load_address>0xce68</load_address>
         <run_address>0xce68</run_address>
         <size>0x210</size>
         <input_file_ref idref="fl-9"/>
      </object_component>
      <object_component id="oc-98">
         <name>.text.main</name>
         <load_address>0xd078</load_address>
         <run_address>0xd078</run_address>
         <size>0x20c</size>
         <input_file_ref idref="fl-6"/>
      </object_component>
      <object_component id="oc-11b">
         <name>.text._Z15Clock_Init80MHzi</name>
         <load_address>0xd284</load_address>
         <run_address>0xd284</run_address>
         <size>0x1b4</size>
         <input_file_ref idref="fl-1"/>
      </object_component>
      <object_component id="oc-155">
         <name>.text._Z16ST7735_DrawCharSsscssh</name>
         <load_address>0xd438</load_address>
         <run_address>0xd438</run_address>
         <size>0x1a0</size>
         <input_file_ref idref="fl-9"/>
      </object_component>
      <object_component id="oc-181">
         <name>.text._openfile</name>
         <load_address>0xd5d8</load_address>
         <run_address>0xd5d8</run_address>
         <size>0x13c</size>
         <input_file_ref idref="fl-2e"/>
      </object_component>
      <object_component id="oc-1e4">
         <name>.text.aligned_alloc</name>
         <load_address>0xd714</load_address>
         <run_address>0xd714</run_address>
         <size>0x13c</size>
         <input_file_ref idref="fl-3b"/>
      </object_component>
      <object_component id="oc-dc">
         <name>.text._Z15ST7735_FillRectsssst</name>
         <load_address>0xd850</load_address>
         <run_address>0xd850</run_address>
         <size>0x118</size>
         <input_file_ref idref="fl-9"/>
      </object_component>
      <object_component id="oc-18c">
         <name>.text.free</name>
         <load_address>0xd968</load_address>
         <run_address>0xd968</run_address>
         <size>0x100</size>
         <input_file_ref idref="fl-3b"/>
      </object_component>
      <object_component id="oc-1a8">
         <name>.text._Z8SPI_Initv</name>
         <load_address>0xda68</load_address>
         <run_address>0xda68</run_address>
         <size>0xf8</size>
         <input_file_ref idref="fl-8"/>
      </object_component>
      <object_component id="oc-124">
         <name>.text.add_device</name>
         <load_address>0xdb60</load_address>
         <run_address>0xdb60</run_address>
         <size>0xe8</size>
         <input_file_ref idref="fl-8c"/>
      </object_component>
      <object_component id="oc-12f">
         <name>.text.setvbuf</name>
         <load_address>0xdc48</load_address>
         <run_address>0xdc48</run_address>
         <size>0xe0</size>
         <input_file_ref idref="fl-32"/>
      </object_component>
      <object_component id="oc-44">
         <name>.text.TIMG12_IRQHandler</name>
         <load_address>0xdd28</load_address>
         <run_address>0xdd28</run_address>
         <size>0xdc</size>
         <input_file_ref idref="fl-6"/>
      </object_component>
      <object_component id="oc-152">
         <name>.text._Z14ST7735_OutCharc</name>
         <load_address>0xde04</load_address>
         <run_address>0xde04</run_address>
         <size>0xd0</size>
         <input_file_ref idref="fl-9"/>
      </object_component>
      <object_component id="oc-b2">
         <name>.text._ZN6Arrows11target_zoneEv</name>
         <load_address>0xded4</load_address>
         <run_address>0xded4</run_address>
         <size>0xa8</size>
         <input_file_ref idref="fl-6"/>
      </object_component>
      <object_component id="oc-1cd">
         <name>.text.open</name>
         <load_address>0xdf7c</load_address>
         <run_address>0xdf7c</run_address>
         <size>0xa8</size>
         <input_file_ref idref="fl-89"/>
      </object_component>
      <object_component id="oc-16c">
         <name>.text._ZL11commandListPKh</name>
         <load_address>0xe024</load_address>
         <run_address>0xe024</run_address>
         <size>0xa2</size>
         <input_file_ref idref="fl-9"/>
      </object_component>
      <object_component id="oc-cf">
         <name>.text._Z11Switch_Initv</name>
         <load_address>0xe0c6</load_address>
         <run_address>0xe0c6</run_address>
         <size>0x2</size>
         <input_file_ref idref="fl-d"/>
      </object_component>
      <object_component id="oc-c4">
         <name>.text._Z17ST7735_InitPrintfv</name>
         <load_address>0xe0c8</load_address>
         <run_address>0xe0c8</run_address>
         <size>0x9c</size>
         <input_file_ref idref="fl-9"/>
      </object_component>
      <object_component id="oc-123">
         <name>.text._Z12ST7735_InitR10initRFlags</name>
         <load_address>0xe164</load_address>
         <run_address>0xe164</run_address>
         <size>0x98</size>
         <input_file_ref idref="fl-9"/>
      </object_component>
      <object_component id="oc-86">
         <name>.text._ZN6Arrows11Adjust_ListEv</name>
         <load_address>0xe1fc</load_address>
         <run_address>0xe1fc</run_address>
         <size>0x98</size>
         <input_file_ref idref="fl-6"/>
      </object_component>
      <object_component id="oc-dd">
         <name>.text._Z15TimerG12_IntArmjj</name>
         <load_address>0xe294</load_address>
         <run_address>0xe294</run_address>
         <size>0x94</size>
         <input_file_ref idref="fl-f"/>
      </object_component>
      <object_component id="oc-148">
         <name>.text._ZL13setAddrWindowhhhh</name>
         <load_address>0xe328</load_address>
         <run_address>0xe328</run_address>
         <size>0x88</size>
         <input_file_ref idref="fl-9"/>
      </object_component>
      <object_component id="oc-e5">
         <name>.text._Z14ST7735_OutUDecj</name>
         <load_address>0xe3b0</load_address>
         <run_address>0xe3b0</run_address>
         <size>0x84</size>
         <input_file_ref idref="fl-9"/>
      </object_component>
      <object_component id="oc-154">
         <name>.text._Z17ST7735_DrawStringttPcs</name>
         <load_address>0xe434</load_address>
         <run_address>0xe434</run_address>
         <size>0x84</size>
         <input_file_ref idref="fl-9"/>
      </object_component>
      <object_component id="oc-128">
         <name>.text.fopen</name>
         <load_address>0xe4b8</load_address>
         <run_address>0xe4b8</run_address>
         <size>0x84</size>
         <input_file_ref idref="fl-2e"/>
      </object_component>
      <object_component id="oc-bf">
         <name>.text._Z14LaunchPad_Initv</name>
         <load_address>0xe53c</load_address>
         <run_address>0xe53c</run_address>
         <size>0x7c</size>
         <input_file_ref idref="fl-7"/>
      </object_component>
      <object_component id="oc-ca">
         <name>.text._ZN8SlidePot4InitEv</name>
         <load_address>0xe5b8</load_address>
         <run_address>0xe5b8</run_address>
         <size>0x7c</size>
         <input_file_ref idref="fl-a"/>
      </object_component>
      <object_component id="oc-186">
         <name>.text.__TI_closefile</name>
         <load_address>0xe634</load_address>
         <run_address>0xe634</run_address>
         <size>0x7c</size>
         <input_file_ref idref="fl-49"/>
      </object_component>
      <object_component id="oc-30">
         <name>.text.SysTick_Handler</name>
         <load_address>0xe6b0</load_address>
         <run_address>0xe6b0</run_address>
         <size>0x70</size>
         <input_file_ref idref="fl-6"/>
      </object_component>
      <object_component id="oc-7d">
         <name>.text._Z14disk_timerprocv</name>
         <load_address>0xe720</load_address>
         <run_address>0xe720</run_address>
         <size>0x70</size>
         <input_file_ref idref="fl-11"/>
      </object_component>
      <object_component id="oc-19c">
         <name>.text._Z16ST7735_DrawPixelsst</name>
         <load_address>0xe790</load_address>
         <run_address>0xe790</run_address>
         <size>0x70</size>
         <input_file_ref idref="fl-9"/>
      </object_component>
      <object_component id="oc-20d">
         <name>.text.getdevice</name>
         <load_address>0xe800</load_address>
         <run_address>0xe800</run_address>
         <size>0x6c</size>
         <input_file_ref idref="fl-a9"/>
      </object_component>
      <object_component id="oc-112">
         <name>.text._ZN10arrow_listC2Ev</name>
         <load_address>0xe86c</load_address>
         <run_address>0xe86c</run_address>
         <size>0x6a</size>
         <input_file_ref idref="fl-6"/>
      </object_component>
      <object_component id="oc-d4">
         <name>.text._Z8LED_Initv</name>
         <load_address>0xe8d6</load_address>
         <run_address>0xe8d6</run_address>
         <size>0x2</size>
         <input_file_ref idref="fl-5"/>
      </object_component>
      <object_component id="oc-1bc">
         <name>.text.HOSTlseek</name>
         <load_address>0xe8d8</load_address>
         <run_address>0xe8d8</run_address>
         <size>0x68</size>
         <input_file_ref idref="fl-8f"/>
      </object_component>
      <object_component id="oc-1c4">
         <name>.text.HOSTrename</name>
         <load_address>0xe940</load_address>
         <run_address>0xe940</run_address>
         <size>0x68</size>
         <input_file_ref idref="fl-92"/>
      </object_component>
      <object_component id="oc-1c">
         <name>.text:decompress:lzss</name>
         <load_address>0xe9a8</load_address>
         <run_address>0xe9a8</run_address>
         <size>0x68</size>
         <input_file_ref idref="fl-43"/>
      </object_component>
      <object_component id="oc-75">
         <name>.text._ZN5Queue3PutEc</name>
         <load_address>0xea10</load_address>
         <run_address>0xea10</run_address>
         <size>0x66</size>
         <input_file_ref idref="fl-3"/>
      </object_component>
      <object_component id="oc-1e5">
         <name>.text.__aeabi_idiv0</name>
         <load_address>0xea76</load_address>
         <run_address>0xea76</run_address>
         <size>0x2</size>
         <input_file_ref idref="fl-a8"/>
      </object_component>
      <object_component id="oc-e6">
         <name>.text._Z12random_arrowv</name>
         <load_address>0xea78</load_address>
         <run_address>0xea78</run_address>
         <size>0x64</size>
         <input_file_ref idref="fl-6"/>
      </object_component>
      <object_component id="oc-224">
         <name>.text.split</name>
         <load_address>0xeadc</load_address>
         <run_address>0xeadc</run_address>
         <size>0x64</size>
         <input_file_ref idref="fl-3b"/>
      </object_component>
      <object_component id="oc-1ac">
         <name>.text.HOSTopen</name>
         <load_address>0xeb40</load_address>
         <run_address>0xeb40</run_address>
         <size>0x5c</size>
         <input_file_ref idref="fl-90"/>
      </object_component>
      <object_component id="oc-1b4">
         <name>.text.HOSTread</name>
         <load_address>0xeb9c</load_address>
         <run_address>0xeb9c</run_address>
         <size>0x58</size>
         <input_file_ref idref="fl-91"/>
      </object_component>
      <object_component id="oc-1b8">
         <name>.text.HOSTwrite</name>
         <load_address>0xebf4</load_address>
         <run_address>0xebf4</run_address>
         <size>0x58</size>
         <input_file_ref idref="fl-94"/>
      </object_component>
      <object_component id="oc-35">
         <name>.text.UART2_IRQHandler</name>
         <load_address>0xec4c</load_address>
         <run_address>0xec4c</run_address>
         <size>0x58</size>
         <input_file_ref idref="fl-10"/>
      </object_component>
      <object_component id="oc-153">
         <name>.text._Z11fillmessagej</name>
         <load_address>0xeca4</load_address>
         <run_address>0xeca4</run_address>
         <size>0x54</size>
         <input_file_ref idref="fl-9"/>
      </object_component>
      <object_component id="oc-fb">
         <name>.text:__TI_auto_init_nobinit</name>
         <load_address>0xecf8</load_address>
         <run_address>0xecf8</run_address>
         <size>0x54</size>
         <input_file_ref idref="fl-3e"/>
      </object_component>
      <object_component id="oc-85">
         <name>.text._ZN6Arrows4moveEv</name>
         <load_address>0xed4c</load_address>
         <run_address>0xed4c</run_address>
         <size>0x50</size>
         <input_file_ref idref="fl-6"/>
      </object_component>
      <object_component id="oc-87">
         <name>.text._ZN6ArrowsaSERKS_</name>
         <load_address>0xed9c</load_address>
         <run_address>0xed9c</run_address>
         <size>0x50</size>
         <input_file_ref idref="fl-6"/>
      </object_component>
      <object_component id="oc-1d1">
         <name>.text.__TI_doflush</name>
         <load_address>0xedec</load_address>
         <run_address>0xedec</run_address>
         <size>0x50</size>
         <input_file_ref idref="fl-4a"/>
      </object_component>
      <object_component id="oc-1d7">
         <name>.text.close</name>
         <load_address>0xee3c</load_address>
         <run_address>0xee3c</run_address>
         <size>0x50</size>
         <input_file_ref idref="fl-8b"/>
      </object_component>
      <object_component id="oc-1b0">
         <name>.text.HOSTclose</name>
         <load_address>0xee8c</load_address>
         <run_address>0xee8c</run_address>
         <size>0x48</size>
         <input_file_ref idref="fl-8e"/>
      </object_component>
      <object_component id="oc-1c0">
         <name>.text.HOSTunlink</name>
         <load_address>0xeed4</load_address>
         <run_address>0xeed4</run_address>
         <size>0x48</size>
         <input_file_ref idref="fl-93"/>
      </object_component>
      <object_component id="oc-16d">
         <name>.text._Z14SPI_OutCommandc</name>
         <load_address>0xef1c</load_address>
         <run_address>0xef1c</run_address>
         <size>0x48</size>
         <input_file_ref idref="fl-8"/>
      </object_component>
      <object_component id="oc-db">
         <name>.text._ZN8SlidePot2InEv</name>
         <load_address>0xef64</load_address>
         <run_address>0xef64</run_address>
         <size>0x48</size>
         <input_file_ref idref="fl-a"/>
      </object_component>
      <object_component id="oc-108">
         <name>.text._ZN6ArrowsC2EhPKthhh</name>
         <load_address>0xefac</load_address>
         <run_address>0xefac</run_address>
         <size>0x44</size>
         <input_file_ref idref="fl-6"/>
      </object_component>
      <object_component id="oc-a8">
         <name>.text.__cxx_global_var_init.5</name>
         <load_address>0xeff0</load_address>
         <run_address>0xeff0</run_address>
         <size>0x44</size>
         <input_file_ref idref="fl-6"/>
      </object_component>
      <object_component id="oc-3f">
         <name>.text.TIMG7_IRQHandler</name>
         <load_address>0xf034</load_address>
         <run_address>0xf034</run_address>
         <size>0x40</size>
         <input_file_ref idref="fl-e"/>
      </object_component>
      <object_component id="oc-1ee">
         <name>.text._Z9SPI_Resetv</name>
         <load_address>0xf074</load_address>
         <run_address>0xf074</run_address>
         <size>0x40</size>
         <input_file_ref idref="fl-8"/>
      </object_component>
      <object_component id="oc-110">
         <name>.text._ZN6ArrowsC2ERS_</name>
         <load_address>0xf0b4</load_address>
         <run_address>0xf0b4</run_address>
         <size>0x40</size>
         <input_file_ref idref="fl-6"/>
      </object_component>
      <object_component id="oc-198">
         <name>.text</name>
         <load_address>0xf0f4</load_address>
         <run_address>0xf0f4</run_address>
         <size>0x40</size>
         <input_file_ref idref="fl-a3"/>
      </object_component>
      <object_component id="oc-84">
         <name>.text._ZN6Arrows7pressedEv</name>
         <load_address>0xf134</load_address>
         <run_address>0xf134</run_address>
         <size>0x3e</size>
         <input_file_ref idref="fl-6"/>
      </object_component>
      <object_component id="oc-19f">
         <name>.text._nop</name>
         <load_address>0xf172</load_address>
         <run_address>0xf172</run_address>
         <size>0x2</size>
         <input_file_ref idref="fl-35"/>
      </object_component>
      <object_component id="oc-149">
         <name>.text._Z11SPI_OutDatac</name>
         <load_address>0xf174</load_address>
         <run_address>0xf174</run_address>
         <size>0x38</size>
         <input_file_ref idref="fl-8"/>
      </object_component>
      <object_component id="oc-120">
         <name>.text._Z15ActivatePortA_Bv</name>
         <load_address>0xf1ac</load_address>
         <run_address>0xf1ac</run_address>
         <size>0x38</size>
         <input_file_ref idref="fl-7"/>
      </object_component>
      <object_component id="oc-d9">
         <name>.text._Z8Key_Initv</name>
         <load_address>0xf1e4</load_address>
         <run_address>0xf1e4</run_address>
         <size>0x38</size>
         <input_file_ref idref="fl-6"/>
      </object_component>
      <object_component id="oc-175">
         <name>.text.finddevice</name>
         <load_address>0xf21c</load_address>
         <run_address>0xf21c</run_address>
         <size>0x38</size>
         <input_file_ref idref="fl-a9"/>
      </object_component>
      <object_component id="oc-136">
         <name>.text._Z12ST7735_writeiPKcj</name>
         <load_address>0xf254</load_address>
         <run_address>0xf254</run_address>
         <size>0x34</size>
         <input_file_ref idref="fl-9"/>
      </object_component>
      <object_component id="oc-1a9">
         <name>.text._Z14Clock_Delay1msj</name>
         <load_address>0xf288</load_address>
         <run_address>0xf288</run_address>
         <size>0x34</size>
         <input_file_ref idref="fl-1"/>
      </object_component>
      <object_component id="oc-e3">
         <name>.text._Z16ST7735_SetCursorjj</name>
         <load_address>0xf2bc</load_address>
         <run_address>0xf2bc</run_address>
         <size>0x34</size>
         <input_file_ref idref="fl-9"/>
      </object_component>
      <object_component id="oc-18f">
         <name>.text.__TI_cleanup</name>
         <load_address>0xf2f0</load_address>
         <run_address>0xf2f0</run_address>
         <size>0x34</size>
         <input_file_ref idref="fl-2e"/>
      </object_component>
      <object_component id="oc-1f5">
         <name>.text.__TI_readmsg</name>
         <load_address>0xf324</load_address>
         <run_address>0xf324</run_address>
         <size>0x34</size>
         <input_file_ref idref="fl-95"/>
      </object_component>
      <object_component id="oc-1ef">
         <name>.text.__TI_writemsg</name>
         <load_address>0xf358</load_address>
         <run_address>0xf358</run_address>
         <size>0x34</size>
         <input_file_ref idref="fl-95"/>
      </object_component>
      <object_component id="oc-f3">
         <name>.text.exit</name>
         <load_address>0xf38c</load_address>
         <run_address>0xf38c</run_address>
         <size>0x34</size>
         <input_file_ref idref="fl-34"/>
      </object_component>
      <object_component id="oc-12e">
         <name>.text.freopen</name>
         <load_address>0xf3c0</load_address>
         <run_address>0xf3c0</run_address>
         <size>0x34</size>
         <input_file_ref idref="fl-2e"/>
      </object_component>
      <object_component id="oc-16b">
         <name>.text._ZL10commonInitPKh</name>
         <load_address>0xf3f4</load_address>
         <run_address>0xf3f4</run_address>
         <size>0x30</size>
         <input_file_ref idref="fl-9"/>
      </object_component>
      <object_component id="oc-c9">
         <name>.text._Z17ST7735_FillScreent</name>
         <load_address>0xf424</load_address>
         <run_address>0xf424</run_address>
         <size>0x2c</size>
         <input_file_ref idref="fl-9"/>
      </object_component>
      <object_component id="oc-21c">
         <name>.text.unlink</name>
         <load_address>0xf450</load_address>
         <run_address>0xf450</run_address>
         <size>0x2c</size>
         <input_file_ref idref="fl-8d"/>
      </object_component>
      <object_component id="oc-ab">
         <name>.text._ZN5Queue6IsFullEv</name>
         <load_address>0xf47c</load_address>
         <run_address>0xf47c</run_address>
         <size>0x2a</size>
         <input_file_ref idref="fl-3"/>
      </object_component>
      <object_component id="oc-1e3">
         <name>.text.free_list_insert</name>
         <load_address>0xf4a8</load_address>
         <run_address>0xf4a8</run_address>
         <size>0x28</size>
         <input_file_ref idref="fl-3b"/>
      </object_component>
      <object_component id="oc-213">
         <name>.text.write</name>
         <load_address>0xf4d0</load_address>
         <run_address>0xf4d0</run_address>
         <size>0x28</size>
         <input_file_ref idref="fl-86"/>
      </object_component>
      <object_component id="oc-60">
         <name>.text:_c_int00_noargs</name>
         <load_address>0xf4f8</load_address>
         <run_address>0xf4f8</run_address>
         <size>0x28</size>
         <input_file_ref idref="fl-3c"/>
      </object_component>
      <object_component id="oc-e4">
         <name>.text._Z16ST7735_OutStringPc</name>
         <load_address>0xf520</load_address>
         <run_address>0xf520</run_address>
         <size>0x26</size>
         <input_file_ref idref="fl-9"/>
      </object_component>
      <object_component id="oc-a4">
         <name>.text.__cxx_global_var_init.1</name>
         <load_address>0xf548</load_address>
         <run_address>0xf548</run_address>
         <size>0x24</size>
         <input_file_ref idref="fl-6"/>
      </object_component>
      <object_component id="oc-a5">
         <name>.text.__cxx_global_var_init.2</name>
         <load_address>0xf56c</load_address>
         <run_address>0xf56c</run_address>
         <size>0x24</size>
         <input_file_ref idref="fl-6"/>
      </object_component>
      <object_component id="oc-a6">
         <name>.text.__cxx_global_var_init.3</name>
         <load_address>0xf590</load_address>
         <run_address>0xf590</run_address>
         <size>0x24</size>
         <input_file_ref idref="fl-6"/>
      </object_component>
      <object_component id="oc-a7">
         <name>.text.__cxx_global_var_init.4</name>
         <load_address>0xf5b4</load_address>
         <run_address>0xf5b4</run_address>
         <size>0x24</size>
         <input_file_ref idref="fl-6"/>
      </object_component>
      <object_component id="oc-67">
         <name>.text._GLOBAL__sub_I_Lab9HMain.cpp</name>
         <load_address>0xf5d8</load_address>
         <run_address>0xf5d8</run_address>
         <size>0x20</size>
         <input_file_ref idref="fl-6"/>
      </object_component>
      <object_component id="oc-19e">
         <name>.text._Z8Random32v</name>
         <load_address>0xf5f8</load_address>
         <run_address>0xf5f8</run_address>
         <size>0x20</size>
         <input_file_ref idref="fl-6"/>
      </object_component>
      <object_component id="oc-1eb">
         <name>.text._ZL9pushColort</name>
         <load_address>0xf618</load_address>
         <run_address>0xf618</run_address>
         <size>0x1e</size>
         <input_file_ref idref="fl-9"/>
      </object_component>
      <object_component id="oc-b1">
         <name>.text._Z6Key_Inv</name>
         <load_address>0xf638</load_address>
         <run_address>0xf638</run_address>
         <size>0x1c</size>
         <input_file_ref idref="fl-6"/>
      </object_component>
      <object_component id="oc-e2">
         <name>.text._ZN6Arrows4drawEv</name>
         <load_address>0xf654</load_address>
         <run_address>0xf654</run_address>
         <size>0x1c</size>
         <input_file_ref idref="fl-6"/>
      </object_component>
      <object_component id="oc-166">
         <name>.text._ZN6ArrowsC2Ev</name>
         <load_address>0xf670</load_address>
         <run_address>0xf670</run_address>
         <size>0x1c</size>
         <input_file_ref idref="fl-6"/>
      </object_component>
      <object_component id="oc-1e2">
         <name>.text.free_list_remove</name>
         <load_address>0xf68c</load_address>
         <run_address>0xf68c</run_address>
         <size>0x1c</size>
         <input_file_ref idref="fl-3b"/>
      </object_component>
      <object_component id="oc-90">
         <name>.text</name>
         <load_address>0xf6a8</load_address>
         <run_address>0xf6a8</run_address>
         <size>0x1c</size>
         <input_file_ref idref="fl-a2"/>
      </object_component>
      <object_component id="oc-3a">
         <name>.text.TIMG6_IRQHandler</name>
         <load_address>0xf6c4</load_address>
         <run_address>0xf6c4</run_address>
         <size>0x18</size>
         <input_file_ref idref="fl-11"/>
      </object_component>
      <object_component id="oc-159">
         <name>.text._Z6Randomj</name>
         <load_address>0xf6dc</load_address>
         <run_address>0xf6dc</run_address>
         <size>0x18</size>
         <input_file_ref idref="fl-6"/>
      </object_component>
      <object_component id="oc-113">
         <name>.text._ZN5QueueC2Ev</name>
         <load_address>0xf6f4</load_address>
         <run_address>0xf6f4</run_address>
         <size>0x18</size>
         <input_file_ref idref="fl-3"/>
      </object_component>
      <object_component id="oc-a3">
         <name>.text.__cxx_global_var_init</name>
         <load_address>0xf70c</load_address>
         <run_address>0xf70c</run_address>
         <size>0x18</size>
         <input_file_ref idref="fl-6"/>
      </object_component>
      <object_component id="oc-139">
         <name>.text._Z11ST7735_openPKcji</name>
         <load_address>0xf724</load_address>
         <run_address>0xf724</run_address>
         <size>0x16</size>
         <input_file_ref idref="fl-9"/>
      </object_component>
      <object_component id="oc-137">
         <name>.text._Z11ST7735_readiPcj</name>
         <load_address>0xf73a</load_address>
         <run_address>0xf73a</run_address>
         <size>0x16</size>
         <input_file_ref idref="fl-9"/>
      </object_component>
      <object_component id="oc-107">
         <name>.text._ZN8SlidePotC2Ejj</name>
         <load_address>0xf750</load_address>
         <run_address>0xf750</run_address>
         <size>0x16</size>
         <input_file_ref idref="fl-a"/>
      </object_component>
      <object_component id="oc-6e">
         <name>.text._Z7DAC_Outj</name>
         <load_address>0xf768</load_address>
         <run_address>0xf768</run_address>
         <size>0x14</size>
         <input_file_ref idref="fl-6"/>
      </object_component>
      <object_component id="oc-57">
         <name>.text:decompress:ZI:__TI_zero_init_nomemset</name>
         <load_address>0xf77c</load_address>
         <run_address>0xf77c</run_address>
         <size>0x14</size>
         <input_file_ref idref="fl-41"/>
      </object_component>
      <object_component id="oc-b4">
         <name>.text:TI_memcpy_small</name>
         <load_address>0xf790</load_address>
         <run_address>0xf790</run_address>
         <size>0x12</size>
         <input_file_ref idref="fl-aa"/>
      </object_component>
      <object_component id="oc-20">
         <name>.text:decompress:none</name>
         <load_address>0xf7a2</load_address>
         <run_address>0xf7a2</run_address>
         <size>0x12</size>
         <input_file_ref idref="fl-42"/>
      </object_component>
      <object_component id="oc-141">
         <name>.text._Z11Clock_Delayj</name>
         <load_address>0xf7b4</load_address>
         <run_address>0xf7b4</run_address>
         <size>0x10</size>
         <input_file_ref idref="fl-1"/>
      </object_component>
      <object_component id="oc-a9">
         <name>.text.__cxx_global_var_init.6</name>
         <load_address>0xf7c4</load_address>
         <run_address>0xf7c4</run_address>
         <size>0x10</size>
         <input_file_ref idref="fl-6"/>
      </object_component>
      <object_component id="oc-aa">
         <name>.text.__cxx_global_var_init</name>
         <load_address>0xf7d4</load_address>
         <run_address>0xf7d4</run_address>
         <size>0x10</size>
         <input_file_ref idref="fl-10"/>
      </object_component>
      <object_component id="oc-135">
         <name>.text._Z12ST7735_lseekili</name>
         <load_address>0xf7e4</load_address>
         <run_address>0xf7e4</run_address>
         <size>0xe</size>
         <input_file_ref idref="fl-9"/>
      </object_component>
      <object_component id="oc-209">
         <name>.text.strcpy</name>
         <load_address>0xf7f2</load_address>
         <run_address>0xf7f2</run_address>
         <size>0xe</size>
         <input_file_ref idref="fl-92"/>
      </object_component>
      <object_component id="oc-20a">
         <name>.text.strlen</name>
         <load_address>0xf800</load_address>
         <run_address>0xf800</run_address>
         <size>0xe</size>
         <input_file_ref idref="fl-92"/>
      </object_component>
      <object_component id="oc-115">
         <name>.text:TI_memset_small</name>
         <load_address>0xf80e</load_address>
         <run_address>0xf80e</run_address>
         <size>0xe</size>
         <input_file_ref idref="fl-ab"/>
      </object_component>
      <object_component id="oc-1ed">
         <name>.text._Z10Clock_Freqv</name>
         <load_address>0xf81c</load_address>
         <run_address>0xf81c</run_address>
         <size>0xc</size>
         <input_file_ref idref="fl-1"/>
      </object_component>
      <object_component id="oc-133">
         <name>.text._Z13ST7735_renamePKcS0_</name>
         <load_address>0xf828</load_address>
         <run_address>0xf828</run_address>
         <size>0xc</size>
         <input_file_ref idref="fl-9"/>
      </object_component>
      <object_component id="oc-18e">
         <name>.text.malloc</name>
         <load_address>0xf834</load_address>
         <run_address>0xf834</run_address>
         <size>0xc</size>
         <input_file_ref idref="fl-3b"/>
      </object_component>
      <object_component id="oc-13a">
         <name>.text._Z12ST7735_closei</name>
         <load_address>0xf840</load_address>
         <run_address>0xf840</run_address>
         <size>0xa</size>
         <input_file_ref idref="fl-9"/>
      </object_component>
      <object_component id="oc-134">
         <name>.text._Z13ST7735_unlinkPKc</name>
         <load_address>0xf84a</load_address>
         <run_address>0xf84a</run_address>
         <size>0xa</size>
         <input_file_ref idref="fl-9"/>
      </object_component>
      <object_component id="oc-be">
         <name>.text._Z8PLL_Initv</name>
         <load_address>0xf854</load_address>
         <run_address>0xf854</run_address>
         <size>0xa</size>
         <input_file_ref idref="fl-6"/>
      </object_component>
      <object_component id="oc-68">
         <name>.text._GLOBAL__sub_I_UART2.cpp</name>
         <load_address>0xf85e</load_address>
         <run_address>0xf85e</run_address>
         <size>0x8</size>
         <input_file_ref idref="fl-10"/>
      </object_component>
      <object_component id="oc-1db">
         <name>.text.remove</name>
         <load_address>0xf866</load_address>
         <run_address>0xf866</run_address>
         <size>0x8</size>
         <input_file_ref idref="fl-88"/>
      </object_component>
      <object_component id="oc-50">
         <name>.text</name>
         <load_address>0xf870</load_address>
         <run_address>0xf870</run_address>
         <size>0x8</size>
         <input_file_ref idref="fl-a1"/>
      </object_component>
      <object_component id="oc-2e">
         <name>.text.Default_Handler</name>
         <load_address>0xf878</load_address>
         <run_address>0xf878</run_address>
         <size>0x4</size>
         <input_file_ref idref="fl-14"/>
      </object_component>
      <object_component id="oc-2f">
         <name>.text.HardFault_Handler</name>
         <load_address>0xf87c</load_address>
         <run_address>0xf87c</run_address>
         <size>0x4</size>
         <input_file_ref idref="fl-14"/>
      </object_component>
      <object_component id="oc-2a">
         <name>.text.Reset_Handler</name>
         <load_address>0xf880</load_address>
         <run_address>0xf880</run_address>
         <size>0x4</size>
         <input_file_ref idref="fl-14"/>
      </object_component>
      <object_component id="oc-94">
         <name>.text._system_pre_init</name>
         <load_address>0xf884</load_address>
         <run_address>0xf884</run_address>
         <size>0x4</size>
         <input_file_ref idref="fl-3f"/>
      </object_component>
      <object_component id="oc-ee">
         <name>.text:abort</name>
         <load_address>0xf888</load_address>
         <run_address>0xf888</run_address>
         <size>0x4</size>
         <input_file_ref idref="fl-34"/>
      </object_component>
      <object_component id="oc-26d">
         <name>.cinit..data.load</name>
         <load_address>0xf898</load_address>
         <run_address>0xf898</run_address>
         <size>0x65</size>
      </object_component>
      <object_component id="oc-26b">
         <name>__TI_handler_table</name>
         <load_address>0xf900</load_address>
         <run_address>0xf900</run_address>
         <size>0xc</size>
      </object_component>
      <object_component id="oc-26e">
         <name>.cinit..bss.load</name>
         <load_address>0xf90c</load_address>
         <run_address>0xf90c</run_address>
         <size>0x8</size>
      </object_component>
      <object_component id="oc-26c">
         <name>__TI_cinit_table</name>
         <load_address>0xf914</load_address>
         <run_address>0xf914</run_address>
         <size>0x10</size>
      </object_component>
      <object_component id="oc-ea">
         <name>.rodata._ZL7endkirb</name>
         <load_address>0xc0</load_address>
         <run_address>0xc0</run_address>
         <size>0x4678</size>
         <input_file_ref idref="fl-6"/>
      </object_component>
      <object_component id="oc-e8">
         <name>.rodata._ZL11background2</name>
         <load_address>0x4738</load_address>
         <run_address>0x4738</run_address>
         <size>0x3000</size>
         <input_file_ref idref="fl-6"/>
      </object_component>
      <object_component id="oc-eb">
         <name>.rodata._ZL7DDRlogo</name>
         <load_address>0x7738</load_address>
         <run_address>0x7738</run_address>
         <size>0x1fb6</size>
         <input_file_ref idref="fl-6"/>
      </object_component>
      <object_component id="oc-ec">
         <name>.rodata._ZL8language</name>
         <load_address>0x96ee</load_address>
         <run_address>0x96ee</run_address>
         <size>0xc98</size>
         <input_file_ref idref="fl-6"/>
      </object_component>
      <object_component id="oc-109">
         <name>.rodata._ZL5right</name>
         <load_address>0xa386</load_address>
         <run_address>0xa386</run_address>
         <size>0x980</size>
         <input_file_ref idref="fl-6"/>
      </object_component>
      <object_component id="oc-10d">
         <name>.rodata._ZL2up</name>
         <load_address>0xad06</load_address>
         <run_address>0xad06</run_address>
         <size>0x89c</size>
         <input_file_ref idref="fl-6"/>
      </object_component>
      <object_component id="oc-10f">
         <name>.rodata._ZL4down</name>
         <load_address>0xb5a2</load_address>
         <run_address>0xb5a2</run_address>
         <size>0x862</size>
         <input_file_ref idref="fl-6"/>
      </object_component>
      <object_component id="oc-10b">
         <name>.rodata._ZL4left</name>
         <load_address>0xbe04</load_address>
         <run_address>0xbe04</run_address>
         <size>0x828</size>
         <input_file_ref idref="fl-6"/>
      </object_component>
      <object_component id="oc-19d">
         <name>.rodata._ZL4Font</name>
         <load_address>0xc62c</load_address>
         <run_address>0xc62c</run_address>
         <size>0x4fb</size>
         <input_file_ref idref="fl-9"/>
      </object_component>
      <object_component id="oc-ed">
         <name>.rodata._ZL14languageselect</name>
         <load_address>0xcb28</load_address>
         <run_address>0xcb28</run_address>
         <size>0x264</size>
         <input_file_ref idref="fl-6"/>
      </object_component>
      <object_component id="oc-16e">
         <name>.rodata._ZL5Rcmd1</name>
         <load_address>0xcd8c</load_address>
         <run_address>0xcd8c</run_address>
         <size>0x3b</size>
         <input_file_ref idref="fl-9"/>
      </object_component>
      <object_component id="oc-138">
         <name>.rodata.str1.1</name>
         <load_address>0xcdc7</load_address>
         <run_address>0xcdc7</run_address>
         <size>0x2e</size>
         <input_file_ref idref="fl-9"/>
      </object_component>
      <object_component id="oc-173">
         <name>.rodata._ZL5Rcmd3</name>
         <load_address>0xcdf5</load_address>
         <run_address>0xcdf5</run_address>
         <size>0x2b</size>
         <input_file_ref idref="fl-9"/>
      </object_component>
      <object_component id="oc-e9">
         <name>.rodata.str1.1</name>
         <load_address>0xce20</load_address>
         <run_address>0xce20</run_address>
         <size>0x2b</size>
         <input_file_ref idref="fl-6"/>
      </object_component>
      <object_component id="oc-170">
         <name>.rodata._ZL10Rcmd2green</name>
         <load_address>0xce4b</load_address>
         <run_address>0xce4b</run_address>
         <size>0xd</size>
         <input_file_ref idref="fl-9"/>
      </object_component>
      <object_component id="oc-16f">
         <name>.rodata._ZL8Rcmd2red</name>
         <load_address>0xce58</load_address>
         <run_address>0xce58</run_address>
         <size>0xd</size>
         <input_file_ref idref="fl-9"/>
      </object_component>
      <object_component id="oc-27">
         <name>.init_array</name>
         <load_address>0xf890</load_address>
         <run_address>0xf890</run_address>
         <size>0x4</size>
         <input_file_ref idref="fl-10"/>
      </object_component>
      <object_component id="oc-26">
         <name>.init_array</name>
         <load_address>0xf894</load_address>
         <run_address>0xf894</run_address>
         <size>0x4</size>
         <input_file_ref idref="fl-6"/>
      </object_component>
      <object_component id="oc-26f">
         <name>SHT$$INIT_ARRAY$$Limit</name>
         <load_address>0xf898</load_address>
         <run_address>0xf898</run_address>
         <size>0x0</size>
      </object_component>
      <object_component id="oc-238">
         <name>.binit</name>
         <load_address>0x0</load_address>
         <run_address>0x0</run_address>
         <size>0x0</size>
      </object_component>
      <object_component id="oc-168">
         <name>.data.BusFreq</name>
         <load_address>0x20200404</load_address>
         <run_address>0x20200404</run_address>
         <size>0x4</size>
         <input_file_ref idref="fl-1"/>
      </object_component>
      <object_component id="oc-1ec">
         <name>.data.M</name>
         <load_address>0x20200408</load_address>
         <run_address>0x20200408</run_address>
         <size>0x4</size>
         <input_file_ref idref="fl-6"/>
      </object_component>
      <object_component id="oc-e7">
         <name>.data.Sensor</name>
         <load_address>0x202003a8</load_address>
         <run_address>0x202003a8</run_address>
         <size>0x14</size>
         <input_file_ref idref="fl-6"/>
      </object_component>
      <object_component id="oc-89">
         <name>.data.right_arrow</name>
         <load_address>0x202003dc</load_address>
         <run_address>0x202003dc</run_address>
         <size>0x10</size>
         <input_file_ref idref="fl-6"/>
      </object_component>
      <object_component id="oc-10a">
         <name>.data.left_arrow</name>
         <load_address>0x202003cc</load_address>
         <run_address>0x202003cc</run_address>
         <size>0x10</size>
         <input_file_ref idref="fl-6"/>
      </object_component>
      <object_component id="oc-10c">
         <name>.data.up_arrow</name>
         <load_address>0x202003ec</load_address>
         <run_address>0x202003ec</run_address>
         <size>0x10</size>
         <input_file_ref idref="fl-6"/>
      </object_component>
      <object_component id="oc-10e">
         <name>.data.down_arrow</name>
         <load_address>0x202003bc</load_address>
         <run_address>0x202003bc</run_address>
         <size>0x10</size>
         <input_file_ref idref="fl-6"/>
      </object_component>
      <object_component id="oc-111">
         <name>.data.directions</name>
         <load_address>0x2020033c</load_address>
         <run_address>0x2020033c</run_address>
         <size>0x40</size>
         <input_file_ref idref="fl-6"/>
      </object_component>
      <object_component id="oc-8a">
         <name>.data.count</name>
         <load_address>0x20200420</load_address>
         <run_address>0x20200420</run_address>
         <size>0x4</size>
         <input_file_ref idref="fl-6"/>
      </object_component>
      <object_component id="oc-8b">
         <name>.data.count2</name>
         <load_address>0x2020042f</load_address>
         <run_address>0x2020042f</run_address>
         <size>0x1</size>
         <input_file_ref idref="fl-6"/>
      </object_component>
      <object_component id="oc-b3">
         <name>.data.score</name>
         <load_address>0x20200424</load_address>
         <run_address>0x20200424</run_address>
         <size>0x4</size>
         <input_file_ref idref="fl-6"/>
      </object_component>
      <object_component id="oc-88">
         <name>.data.active_arrows</name>
         <load_address>0x20200000</load_address>
         <run_address>0x20200000</run_address>
         <size>0x184</size>
         <input_file_ref idref="fl-6"/>
      </object_component>
      <object_component id="oc-150">
         <name>.data.StX</name>
         <load_address>0x2020040c</load_address>
         <run_address>0x2020040c</run_address>
         <size>0x4</size>
         <input_file_ref idref="fl-9"/>
      </object_component>
      <object_component id="oc-151">
         <name>.data.StY</name>
         <load_address>0x20200410</load_address>
         <run_address>0x20200410</run_address>
         <size>0x4</size>
         <input_file_ref idref="fl-9"/>
      </object_component>
      <object_component id="oc-158">
         <name>.data.StTextColor</name>
         <load_address>0x20200428</load_address>
         <run_address>0x20200428</run_address>
         <size>0x2</size>
         <input_file_ref idref="fl-9"/>
      </object_component>
      <object_component id="oc-13f">
         <name>.data._ZL6_width</name>
         <load_address>0x2020042a</load_address>
         <run_address>0x2020042a</run_address>
         <size>0x2</size>
         <input_file_ref idref="fl-9"/>
      </object_component>
      <object_component id="oc-140">
         <name>.data._ZL7_height</name>
         <load_address>0x2020042c</load_address>
         <run_address>0x2020042c</run_address>
         <size>0x2</size>
         <input_file_ref idref="fl-9"/>
      </object_component>
      <object_component id="oc-7a">
         <name>.data.FIFO2</name>
         <load_address>0x2020037c</load_address>
         <run_address>0x2020037c</run_address>
         <size>0x2c</size>
         <input_file_ref idref="fl-10"/>
      </object_component>
      <object_component id="oc-b0">
         <name>.data._ZL4Stat</name>
         <load_address>0x2020042e</load_address>
         <run_address>0x2020042e</run_address>
         <size>0x1</size>
         <input_file_ref idref="fl-11"/>
      </object_component>
      <object_component id="oc-182">
         <name>.data._search_fp.init</name>
         <load_address>0x20200430</load_address>
         <run_address>0x20200430</run_address>
         <size>0x1</size>
         <input_file_ref idref="fl-2e"/>
      </object_component>
      <object_component id="oc-15e">
         <name>.data..L_MergedGlobals</name>
         <load_address>0x202003fc</load_address>
         <run_address>0x202003fc</run_address>
         <size>0x8</size>
         <input_file_ref idref="fl-34"/>
      </object_component>
      <object_component id="oc-15c">
         <name>.data._lock</name>
         <load_address>0x20200418</load_address>
         <run_address>0x20200418</run_address>
         <size>0x4</size>
         <input_file_ref idref="fl-35"/>
      </object_component>
      <object_component id="oc-15f">
         <name>.data._unlock</name>
         <load_address>0x2020041c</load_address>
         <run_address>0x2020041c</run_address>
         <size>0x4</size>
         <input_file_ref idref="fl-35"/>
      </object_component>
      <object_component id="oc-13b">
         <name>.data._ftable</name>
         <load_address>0x20200184</load_address>
         <run_address>0x20200184</run_address>
         <size>0xf0</size>
         <input_file_ref idref="fl-39"/>
      </object_component>
      <object_component id="oc-183">
         <name>.data.__TI_ft_end</name>
         <load_address>0x20200414</load_address>
         <run_address>0x20200414</run_address>
         <size>0x4</size>
         <input_file_ref idref="fl-39"/>
      </object_component>
      <object_component id="oc-225">
         <name>.data.memory_is_initialized</name>
         <load_address>0x20200438</load_address>
         <run_address>0x20200438</run_address>
         <size>0x1</size>
         <input_file_ref idref="fl-3b"/>
      </object_component>
      <object_component id="oc-17c">
         <name>.data._device</name>
         <load_address>0x20200274</load_address>
         <run_address>0x20200274</run_address>
         <size>0x78</size>
         <input_file_ref idref="fl-87"/>
      </object_component>
      <object_component id="oc-20f">
         <name>.data._stream</name>
         <load_address>0x202002ec</load_address>
         <run_address>0x202002ec</run_address>
         <size>0x50</size>
         <input_file_ref idref="fl-87"/>
      </object_component>
      <object_component id="oc-20e">
         <name>.data.open.stream_init</name>
         <load_address>0x2020043c</load_address>
         <run_address>0x2020043c</run_address>
         <size>0x1</size>
         <input_file_ref idref="fl-89"/>
      </object_component>
      <object_component id="oc-17b">
         <name>.data.add_device.device_init</name>
         <load_address>0x20200434</load_address>
         <run_address>0x20200434</run_address>
         <size>0x1</size>
         <input_file_ref idref="fl-8c"/>
      </object_component>
      <object_component id="oc-70">
         <name>.bss.Count8</name>
         <uninitialized>true</uninitialized>
         <run_address>0x20200814</run_address>
         <size>0x4</size>
         <input_file_ref idref="fl-6"/>
      </object_component>
      <object_component id="oc-6f">
         <name>.bss.front8</name>
         <uninitialized>true</uninitialized>
         <run_address>0x20200834</run_address>
         <size>0x4</size>
         <input_file_ref idref="fl-6"/>
      </object_component>
      <object_component id="oc-71">
         <name>.bss.back8</name>
         <uninitialized>true</uninitialized>
         <run_address>0x2020082c</run_address>
         <size>0x4</size>
         <input_file_ref idref="fl-6"/>
      </object_component>
      <object_component id="oc-72">
         <name>.bss.flag8</name>
         <uninitialized>true</uninitialized>
         <run_address>0x20200830</run_address>
         <size>0x4</size>
         <input_file_ref idref="fl-6"/>
      </object_component>
      <object_component id="oc-171">
         <name>.bss._ZL8ColStart</name>
         <uninitialized>true</uninitialized>
         <run_address>0x2020083c</run_address>
         <size>0x1</size>
         <input_file_ref idref="fl-9"/>
      </object_component>
      <object_component id="oc-172">
         <name>.bss._ZL8RowStart</name>
         <uninitialized>true</uninitialized>
         <run_address>0x2020083d</run_address>
         <size>0x1</size>
         <input_file_ref idref="fl-9"/>
      </object_component>
      <object_component id="oc-174">
         <name>.bss._ZL8TabColor</name>
         <uninitialized>true</uninitialized>
         <run_address>0x2020083e</run_address>
         <size>0x1</size>
         <input_file_ref idref="fl-9"/>
      </object_component>
      <object_component id="oc-157">
         <name>.bss.Message</name>
         <uninitialized>true</uninitialized>
         <run_address>0x20200800</run_address>
         <size>0xc</size>
         <input_file_ref idref="fl-9"/>
      </object_component>
      <object_component id="oc-156">
         <name>.bss.Messageindex</name>
         <uninitialized>true</uninitialized>
         <run_address>0x20200818</run_address>
         <size>0x4</size>
         <input_file_ref idref="fl-9"/>
      </object_component>
      <object_component id="oc-81">
         <name>.bss.TExaSLogic</name>
         <uninitialized>true</uninitialized>
         <run_address>0x2020081c</run_address>
         <size>0x4</size>
         <input_file_ref idref="fl-e"/>
      </object_component>
      <object_component id="oc-80">
         <name>.bss.TExaSadc</name>
         <uninitialized>true</uninitialized>
         <run_address>0x20200820</run_address>
         <size>0x4</size>
         <input_file_ref idref="fl-e"/>
      </object_component>
      <object_component id="oc-ae">
         <name>.bss._ZL6Timer1</name>
         <uninitialized>true</uninitialized>
         <run_address>0x20200824</run_address>
         <size>0x4</size>
         <input_file_ref idref="fl-11"/>
      </object_component>
      <object_component id="oc-af">
         <name>.bss._ZL6Timer2</name>
         <uninitialized>true</uninitialized>
         <run_address>0x20200828</run_address>
         <size>0x4</size>
         <input_file_ref idref="fl-11"/>
      </object_component>
      <object_component id="oc-223">
         <name>.bss.sys_free</name>
         <uninitialized>true</uninitialized>
         <run_address>0x20200838</run_address>
         <size>0x4</size>
         <input_file_ref idref="fl-3b"/>
      </object_component>
      <object_component id="oc-229">
         <name>.bss:_CIOBUF_</name>
         <uninitialized>true</uninitialized>
         <run_address>0x20200640</run_address>
         <size>0x120</size>
         <input_file_ref idref="fl-95"/>
      </object_component>
      <object_component id="oc-1df">
         <name>.common:__TI_tmpnams</name>
         <uninitialized>true</uninitialized>
         <run_address>0x20200760</run_address>
         <size>0xa0</size>
      </object_component>
      <object_component id="oc-1f6">
         <name>.common:parmbuf</name>
         <uninitialized>true</uninitialized>
         <run_address>0x2020080c</run_address>
         <size>0x8</size>
      </object_component>
      <object_component id="oc-28">
         <name>.sysmem</name>
         <uninitialized>true</uninitialized>
         <run_address>0x20200440</run_address>
         <size>0x10</size>
         <input_file_ref idref="fl-3b"/>
      </object_component>
      <object_component id="oc-272">
         <name>.sysmem</name>
         <uninitialized>true</uninitialized>
         <run_address>0x20200440</run_address>
         <size>0x0</size>
      </object_component>
      <object_component id="oc-1a">
         <name>.stack</name>
         <uninitialized>true</uninitialized>
         <run_address>0x20207e00</run_address>
         <size>0x4</size>
         <input_file_ref idref="fl-3c"/>
      </object_component>
      <object_component id="oc-271">
         <name>.stack</name>
         <uninitialized>true</uninitialized>
         <run_address>0x20207e00</run_address>
         <size>0x0</size>
      </object_component>
      <object_component id="oc-169">
         <name>.debug_abbrev</name>
         <load_address>0x0</load_address>
         <run_address>0x0</run_address>
         <size>0x195</size>
         <input_file_ref idref="fl-1"/>
      </object_component>
      <object_component id="oc-ac">
         <name>.debug_abbrev</name>
         <load_address>0x195</load_address>
         <run_address>0x195</run_address>
         <size>0x118</size>
         <input_file_ref idref="fl-3"/>
      </object_component>
      <object_component id="oc-146">
         <name>.debug_abbrev</name>
         <load_address>0x2ad</load_address>
         <run_address>0x2ad</run_address>
         <size>0x6b</size>
         <input_file_ref idref="fl-5"/>
      </object_component>
      <object_component id="oc-73">
         <name>.debug_abbrev</name>
         <load_address>0x318</load_address>
         <run_address>0x318</run_address>
         <size>0x379</size>
         <input_file_ref idref="fl-6"/>
      </object_component>
      <object_component id="oc-121">
         <name>.debug_abbrev</name>
         <load_address>0x691</load_address>
         <run_address>0x691</run_address>
         <size>0x111</size>
         <input_file_ref idref="fl-7"/>
      </object_component>
      <object_component id="oc-196">
         <name>.debug_abbrev</name>
         <load_address>0x7a2</load_address>
         <run_address>0x7a2</run_address>
         <size>0xdf</size>
         <input_file_ref idref="fl-8"/>
      </object_component>
      <object_component id="oc-13d">
         <name>.debug_abbrev</name>
         <load_address>0x881</load_address>
         <run_address>0x881</run_address>
         <size>0x16d</size>
         <input_file_ref idref="fl-9"/>
      </object_component>
      <object_component id="oc-142">
         <name>.debug_abbrev</name>
         <load_address>0x9ee</load_address>
         <run_address>0x9ee</run_address>
         <size>0x15a</size>
         <input_file_ref idref="fl-a"/>
      </object_component>
      <object_component id="oc-144">
         <name>.debug_abbrev</name>
         <load_address>0xb48</load_address>
         <run_address>0xb48</run_address>
         <size>0x5e</size>
         <input_file_ref idref="fl-d"/>
      </object_component>
      <object_component id="oc-82">
         <name>.debug_abbrev</name>
         <load_address>0xba6</load_address>
         <run_address>0xba6</run_address>
         <size>0x141</size>
         <input_file_ref idref="fl-e"/>
      </object_component>
      <object_component id="oc-14e">
         <name>.debug_abbrev</name>
         <load_address>0xce7</load_address>
         <run_address>0xce7</run_address>
         <size>0xf9</size>
         <input_file_ref idref="fl-f"/>
      </object_component>
      <object_component id="oc-7b">
         <name>.debug_abbrev</name>
         <load_address>0xde0</load_address>
         <run_address>0xde0</run_address>
         <size>0x167</size>
         <input_file_ref idref="fl-10"/>
      </object_component>
      <object_component id="oc-7e">
         <name>.debug_abbrev</name>
         <load_address>0xf47</load_address>
         <run_address>0xf47</run_address>
         <size>0x20c</size>
         <input_file_ref idref="fl-11"/>
      </object_component>
      <object_component id="oc-45">
         <name>.debug_abbrev</name>
         <load_address>0x1153</load_address>
         <run_address>0x1153</run_address>
         <size>0x6d</size>
         <input_file_ref idref="fl-14"/>
      </object_component>
      <object_component id="oc-184">
         <name>.debug_abbrev</name>
         <load_address>0x11c0</load_address>
         <run_address>0x11c0</run_address>
[...]
      </symbol>
      <symbol id="sm-178">
         <name>_Z16ST7735_DrawPixelsst</name>
         <value>0xe791</value>
         <object_component_ref idref="oc-19c"/>
      </symbol>
      <symbol id="sm-179">
         <name>_Z17ST7735_DrawBitmapssPKtss</name>
         <value>0xce69</value>
         <object_component_ref idref="oc-da"/>
      </symbol>
      <symbol id="sm-17a">
         <name>_Z16ST7735_DrawCharSsscssh</name>
         <value>0xd439</value>
         <object_component_ref idref="oc-155"/>
      </symbol>
      <symbol id="sm-17b">
         <name>_Z17ST7735_DrawStringttPcs</name>
         <value>0xe435</value>
         <object_component_ref idref="oc-154"/>
      </symbol>
      <symbol id="sm-17c">
         <name>_Z11fillmessagej</name>
         <value>0xeca5</value>
         <object_component_ref idref="oc-153"/>
      </symbol>
      <symbol id="sm-17d">
         <name>Messageindex</name>
         <value>0x20200818</value>
         <object_component_ref idref="oc-156"/>
      </symbol>
      <symbol id="sm-17e">
         <name>Message</name>
         <value>0x20200800</value>
         <object_component_ref idref="oc-157"/>
      </symbol>
      <symbol id="sm-17f">
         <name>_Z14ST7735_OutUDecj</name>
         <value>0xe3b1</value>
         <object_component_ref idref="oc-e5"/>
      </symbol>
      <symbol id="sm-180">
         <name>_Z14ST7735_OutCharc</name>
         <value>0xde05</value>
         <object_component_ref idref="oc-152"/>
      </symbol>
      <symbol id="sm-181">
         <name>_Z16ST7735_OutStringPc</name>
         <value>0xf521</value>
         <object_component_ref idref="oc-e4"/>
      </symbol>
      <symbol id="sm-182">
         <name>_Z11ST7735_openPKcji</name>
         <value>0xf725</value>
         <object_component_ref idref="oc-139"/>
      </symbol>
      <symbol id="sm-183">
         <name>_Z12ST7735_closei</name>
         <value>0xf841</value>
         <object_component_ref idref="oc-13a"/>
      </symbol>
      <symbol id="sm-184">
         <name>_Z11ST7735_readiPcj</name>
         <value>0xf73b</value>
         <object_component_ref idref="oc-137"/>
      </symbol>
      <symbol id="sm-185">
         <name>_Z12ST7735_writeiPKcj</name>
         <value>0xf255</value>
         <object_component_ref idref="oc-136"/>
      </symbol>
      <symbol id="sm-186">
         <name>_Z12ST7735_lseekili</name>
         <value>0xf7e5</value>
         <object_component_ref idref="oc-135"/>
      </symbol>
      <symbol id="sm-187">
         <name>_Z13ST7735_unlinkPKc</name>
         <value>0xf84b</value>
         <object_component_ref idref="oc-134"/>
      </symbol>
      <symbol id="sm-188">
         <name>_Z13ST7735_renamePKcS0_</name>
         <value>0xf829</value>
         <object_component_ref idref="oc-133"/>
      </symbol>
      <symbol id="sm-189">
         <name>_Z17ST7735_InitPrintfv</name>
         <value>0xe0c9</value>
         <object_component_ref idref="oc-c4"/>
      </symbol>
      <symbol id="sm-198">
         <name>_ZN8SlidePot4InitEv</name>
         <value>0xe5b9</value>
         <object_component_ref idref="oc-ca"/>
      </symbol>
      <symbol id="sm-199">
         <name>_ZN8SlidePot2InEv</name>
         <value>0xef65</value>
         <object_component_ref idref="oc-db"/>
      </symbol>
      <symbol id="sm-19a">
         <name>_ZN8SlidePotC2Ejj</name>
         <value>0xf751</value>
         <object_component_ref idref="oc-107"/>
      </symbol>
      <symbol id="sm-19b">
         <name>_ZN8SlidePotC1Ejj</name>
         <value>0xf751</value>
         <object_component_ref idref="oc-107"/>
      </symbol>
      <symbol id="sm-1a6">
         <name>_Z11Switch_Initv</name>
         <value>0xe0c7</value>
         <object_component_ref idref="oc-cf"/>
      </symbol>
      <symbol id="sm-1b0">
         <name>TIMG7_IRQHandler</name>
         <value>0xf035</value>
         <object_component_ref idref="oc-3f"/>
      </symbol>
      <symbol id="sm-1b1">
         <name>TExaSadc</name>
         <value>0x20200820</value>
         <object_component_ref idref="oc-80"/>
      </symbol>
      <symbol id="sm-1b2">
         <name>TExaSLogic</name>
         <value>0x2020081c</value>
         <object_component_ref idref="oc-81"/>
      </symbol>
      <symbol id="sm-1bc">
         <name>_Z15TimerG12_IntArmjj</name>
         <value>0xe295</value>
         <object_component_ref idref="oc-dd"/>
      </symbol>
      <symbol id="sm-1cd">
         <name>FIFO2</name>
         <value>0x2020037c</value>
         <object_component_ref idref="oc-7a"/>
      </symbol>
      <symbol id="sm-1ce">
         <name>UART2_IRQHandler</name>
         <value>0xec4d</value>
         <object_component_ref idref="oc-35"/>
      </symbol>
      <symbol id="sm-1e1">
         <name>_Z14disk_timerprocv</name>
         <value>0xe721</value>
         <object_component_ref idref="oc-7d"/>
      </symbol>
      <symbol id="sm-1e2">
         <name>TIMG6_IRQHandler</name>
         <value>0xf6c5</value>
         <object_component_ref idref="oc-3a"/>
      </symbol>
      <symbol id="sm-1f1">
         <name>Default_Handler</name>
         <value>0xf879</value>
         <object_component_ref idref="oc-2e"/>
      </symbol>
      <symbol id="sm-1f2">
         <name>Reset_Handler</name>
         <value>0xf881</value>
         <object_component_ref idref="oc-2a"/>
      </symbol>
      <symbol id="sm-1f3">
         <name>HardFault_Handler</name>
         <value>0xf87d</value>
         <object_component_ref idref="oc-2f"/>
      </symbol>
      <symbol id="sm-1f4">
         <name>interruptVectors</name>
         <value>0x0</value>
         <object_component_ref idref="oc-18"/>
      </symbol>
      <symbol id="sm-1f5">
         <name>NMI_Handler</name>
         <value>0xf879</value>
         <object_component_ref idref="oc-2e"/>
      </symbol>
      <symbol id="sm-1f6">
         <name>SVC_Handler</name>
         <value>0xf879</value>
         <object_component_ref idref="oc-2e"/>
      </symbol>
      <symbol id="sm-1f7">
         <name>PendSV_Handler</name>
         <value>0xf879</value>
         <object_component_ref idref="oc-2e"/>
      </symbol>
      <symbol id="sm-1f8">
         <name>GROUP0_IRQHandler</name>
         <value>0xf879</value>
         <object_component_ref idref="oc-2e"/>
      </symbol>
      <symbol id="sm-1f9">
         <name>GROUP1_IRQHandler</name>
         <value>0xf879</value>
         <object_component_ref idref="oc-2e"/>
      </symbol>
      <symbol id="sm-1fa">
         <name>TIMG8_IRQHandler</name>
         <value>0xf879</value>
         <object_component_ref idref="oc-2e"/>
      </symbol>
      <symbol id="sm-1fb">
         <name>UART3_IRQHandler</name>
         <value>0xf879</value>
         <object_component_ref idref="oc-2e"/>
      </symbol>
      <symbol id="sm-1fc">
         <name>ADC0_IRQHandler</name>
         <value>0xf879</value>
         <object_component_ref idref="oc-2e"/>
      </symbol>
      <symbol id="sm-1fd">
         <name>ADC1_IRQHandler</name>
         <value>0xf879</value>
         <object_component_ref idref="oc-2e"/>
      </symbol>
      <symbol id="sm-1fe">
         <name>CANFD0_IRQHandler</name>
         <value>0xf879</value>
         <object_component_ref idref="oc-2e"/>
      </symbol>
      <symbol id="sm-1ff">
         <name>DAC0_IRQHandler</name>
         <value>0xf879</value>
         <object_component_ref idref="oc-2e"/>
      </symbol>
      <symbol id="sm-200">
         <name>SPI0_IRQHandler</name>
         <value>0xf879</value>
         <object_component_ref idref="oc-2e"/>
      </symbol>
      <symbol id="sm-201">
         <name>SPI1_IRQHandler</name>
         <value>0xf879</value>
         <object_component_ref idref="oc-2e"/>
      </symbol>
      <symbol id="sm-202">
         <name>UART1_IRQHandler</name>
         <value>0xf879</value>
         <object_component_ref idref="oc-2e"/>
      </symbol>
      <symbol id="sm-203">
         <name>UART0_IRQHandler</name>
         <value>0xf879</value>
         <object_component_ref idref="oc-2e"/>
      </symbol>
      <symbol id="sm-204">
         <name>TIMG0_IRQHandler</name>
         <value>0xf879</value>
         <object_component_ref idref="oc-2e"/>
      </symbol>
      <symbol id="sm-205">
         <name>TIMA0_IRQHandler</name>
         <value>0xf879</value>
         <object_component_ref idref="oc-2e"/>
      </symbol>
      <symbol id="sm-206">
         <name>TIMA1_IRQHandler</name>
         <value>0xf879</value>
         <object_component_ref idref="oc-2e"/>
      </symbol>
      <symbol id="sm-207">
         <name>I2C0_IRQHandler</name>
         <value>0xf879</value>
         <object_component_ref idref="oc-2e"/>
      </symbol>
      <symbol id="sm-208">
         <name>I2C1_IRQHandler</name>
         <value>0xf879</value>
         <object_component_ref idref="oc-2e"/>
      </symbol>
      <symbol id="sm-209">
         <name>AES_IRQHandler</name>
         <value>0xf879</value>
         <object_component_ref idref="oc-2e"/>
      </symbol>
      <symbol id="sm-20a">
         <name>RTC_IRQHandler</name>
         <value>0xf879</value>
         <object_component_ref idref="oc-2e"/>
      </symbol>
      <symbol id="sm-20b">
         <name>DMA_IRQHandler</name>
         <value>0xf879</value>
         <object_component_ref idref="oc-2e"/>
      </symbol>
      <symbol id="sm-224">
         <name>fopen</name>
         <value>0xe4b9</value>
         <object_component_ref idref="oc-128"/>
      </symbol>
      <symbol id="sm-225">
         <name>__TI_cleanup</name>
         <value>0xf2f1</value>
         <object_component_ref idref="oc-18f"/>
      </symbol>
      <symbol id="sm-226">
         <name>freopen</name>
         <value>0xf3c1</value>
         <object_component_ref idref="oc-12e"/>
      </symbol>
      <symbol id="sm-233">
         <name>setvbuf</name>
         <value>0xdc49</value>
         <object_component_ref idref="oc-12f"/>
      </symbol>
      <symbol id="sm-242">
         <name>abort</name>
         <value>0xf889</value>
         <object_component_ref idref="oc-ee"/>
      </symbol>
      <symbol id="sm-243">
         <name>C$$EXIT</name>
         <value>0xf888</value>
         <object_component_ref idref="oc-ee"/>
      </symbol>
      <symbol id="sm-244">
         <name>__TI_cleanup_ptr</name>
         <value>0x202003fc</value>
         <object_component_ref idref="oc-15e"/>
      </symbol>
      <symbol id="sm-245">
         <name>__TI_dtors_ptr</name>
         <value>0x20200400</value>
         <object_component_ref idref="oc-15e"/>
      </symbol>
      <symbol id="sm-246">
         <name>exit</name>
         <value>0xf38d</value>
         <object_component_ref idref="oc-f3"/>
      </symbol>
      <symbol id="sm-24f">
         <name>_nop</name>
         <value>0xf173</value>
         <object_component_ref idref="oc-19f"/>
      </symbol>
      <symbol id="sm-250">
         <name>_lock</name>
         <value>0x20200418</value>
         <object_component_ref idref="oc-15c"/>
      </symbol>
      <symbol id="sm-251">
         <name>_unlock</name>
         <value>0x2020041c</value>
         <object_component_ref idref="oc-15f"/>
      </symbol>
      <symbol id="sm-259">
         <name>_ftable</name>
         <value>0x20200184</value>
         <object_component_ref idref="oc-13b"/>
      </symbol>
      <symbol id="sm-25a">
         <name>__TI_ft_end</name>
         <value>0x20200414</value>
         <object_component_ref idref="oc-183"/>
      </symbol>
      <symbol id="sm-25b">
         <name>__TI_tmpnams</name>
         <value>0x20200760</value>
      </symbol>
      <symbol id="sm-27c">
         <name>malloc</name>
         <value>0xf835</value>
         <object_component_ref idref="oc-18e"/>
      </symbol>
      <symbol id="sm-27d">
         <name>aligned_alloc</name>
         <value>0xd715</value>
         <object_component_ref idref="oc-1e4"/>
      </symbol>
      <symbol id="sm-27e">
         <name>free</name>
         <value>0xd969</value>
         <object_component_ref idref="oc-18c"/>
      </symbol>
      <symbol id="sm-27f">
         <name>_sys_memory</name>
         <value>0x20200440</value>
         <object_component_ref idref="oc-28"/>
      </symbol>
      <symbol id="sm-280">
         <name>memalign</name>
         <value>0xd715</value>
         <object_component_ref idref="oc-1e4"/>
      </symbol>
      <symbol id="sm-28b">
         <name>_c_int00_noargs</name>
         <value>0xf4f9</value>
         <object_component_ref idref="oc-60"/>
      </symbol>
      <symbol id="sm-28c">
         <name>__stack</name>
         <value>0x20207e00</value>
         <object_component_ref idref="oc-1a"/>
      </symbol>
      <symbol id="sm-298">
         <name>__TI_auto_init_nobinit</name>
         <value>0xecf9</value>
         <object_component_ref idref="oc-fb"/>
      </symbol>
      <symbol id="sm-2a0">
         <name>_system_pre_init</name>
         <value>0xf885</value>
         <object_component_ref idref="oc-94"/>
      </symbol>
      <symbol id="sm-2ab">
         <name>__TI_zero_init_nomemset</name>
         <value>0xf77d</value>
         <object_component_ref idref="oc-57"/>
      </symbol>
      <symbol id="sm-2b4">
         <name>__TI_decompress_none</name>
         <value>0xf7a3</value>
         <object_component_ref idref="oc-20"/>
      </symbol>
      <symbol id="sm-2bf">
         <name>__TI_decompress_lzss</name>
         <value>0xe9a9</value>
         <object_component_ref idref="oc-1c"/>
      </symbol>
      <symbol id="sm-2cf">
         <name>__TI_closefile</name>
         <value>0xe635</value>
         <object_component_ref idref="oc-186"/>
      </symbol>
      <symbol id="sm-2d9">
         <name>__TI_doflush</name>
         <value>0xeded</value>
         <object_component_ref idref="oc-1d1"/>
      </symbol>
      <symbol id="sm-2e5">
         <name>write</name>
         <value>0xf4d1</value>
         <object_component_ref idref="oc-213"/>
      </symbol>
      <symbol id="sm-2ea">
         <name>_device</name>
         <value>0x20200274</value>
         <object_component_ref idref="oc-17c"/>
      </symbol>
      <symbol id="sm-2eb">
         <name>_stream</name>
         <value>0x202002ec</value>
         <object_component_ref idref="oc-20f"/>
      </symbol>
      <symbol id="sm-2f4">
         <name>remove</name>
         <value>0xf867</value>
         <object_component_ref idref="oc-1db"/>
      </symbol>
      <symbol id="sm-300">
         <name>open</name>
         <value>0xdf7d</value>
         <object_component_ref idref="oc-1cd"/>
      </symbol>
      <symbol id="sm-30b">
         <name>close</name>
         <value>0xee3d</value>
         <object_component_ref idref="oc-1d7"/>
      </symbol>
      <symbol id="sm-317">
         <name>add_device</name>
         <value>0xdb61</value>
         <object_component_ref idref="oc-124"/>
      </symbol>
      <symbol id="sm-321">
         <name>unlink</name>
         <value>0xf451</value>
         <object_component_ref idref="oc-21c"/>
      </symbol>
      <symbol id="sm-32b">
         <name>HOSTclose</name>
         <value>0xee8d</value>
         <object_component_ref idref="oc-1b0"/>
      </symbol>
      <symbol id="sm-335">
         <name>HOSTlseek</name>
         <value>0xe8d9</value>
         <object_component_ref idref="oc-1bc"/>
      </symbol>
      <symbol id="sm-33f">
         <name>HOSTopen</name>
         <value>0xeb41</value>
         <object_component_ref idref="oc-1ac"/>
      </symbol>
      <symbol id="sm-340">
         <name>parmbuf</name>
         <value>0x2020080c</value>
      </symbol>
      <symbol id="sm-34a">
         <name>HOSTread</name>
         <value>0xeb9d</value>
         <object_component_ref idref="oc-1b4"/>
      </symbol>
      <symbol id="sm-35b">
         <name>HOSTrename</name>
         <value>0xe941</value>
         <object_component_ref idref="oc-1c4"/>
      </symbol>
      <symbol id="sm-365">
         <name>HOSTunlink</name>
         <value>0xeed5</value>
         <object_component_ref idref="oc-1c0"/>
      </symbol>
      <symbol id="sm-36f">
         <name>HOSTwrite</name>
         <value>0xebf5</value>
         <object_component_ref idref="oc-1b8"/>
      </symbol>
      <symbol id="sm-37d">
         <name>C$$IO$$</name>
         <value>0xf383</value>
         <object_component_ref idref="oc-1ef"/>
      </symbol>
      <symbol id="sm-37e">
         <name>__TI_writemsg</name>
         <value>0xf359</value>
         <object_component_ref idref="oc-1ef"/>
      </symbol>
      <symbol id="sm-37f">
         <name>__CIOBUF_</name>
         <value>0x20200640</value>
         <object_component_ref idref="oc-229"/>
      </symbol>
      <symbol id="sm-380">
         <name>__TI_readmsg</name>
         <value>0xf325</value>
         <object_component_ref idref="oc-1f5"/>
      </symbol>
      <symbol id="sm-381">
         <name>_CIOBUF_</name>
         <value>0x20200640</value>
         <object_component_ref idref="oc-229"/>
      </symbol>
      <symbol id="sm-387">
         <name>__aeabi_memcpy</name>
         <value>0xf871</value>
         <object_component_ref idref="oc-50"/>
      </symbol>
      <symbol id="sm-388">
         <name>__aeabi_memcpy4</name>
         <value>0xf871</value>
         <object_component_ref idref="oc-50"/>
      </symbol>
      <symbol id="sm-389">
         <name>__aeabi_memcpy8</name>
         <value>0xf871</value>
         <object_component_ref idref="oc-50"/>
      </symbol>
      <symbol id="sm-38f">
         <name>__aeabi_memset</name>
         <value>0xf6a9</value>
         <object_component_ref idref="oc-90"/>
      </symbol>
      <symbol id="sm-390">
         <name>__aeabi_memset4</name>
         <value>0xf6a9</value>
         <object_component_ref idref="oc-90"/>
      </symbol>
      <symbol id="sm-391">
         <name>__aeabi_memset8</name>
         <value>0xf6a9</value>
         <object_component_ref idref="oc-90"/>
      </symbol>
      <symbol id="sm-392">
         <name>__aeabi_memclr</name>
         <value>0xf6b9</value>
         <object_component_ref idref="oc-90"/>
      </symbol>
      <symbol id="sm-393">
         <name>__aeabi_memclr4</name>
         <value>0xf6b9</value>
         <object_component_ref idref="oc-90"/>
      </symbol>
      <symbol id="sm-394">
         <name>__aeabi_memclr8</name>
         <value>0xf6b9</value>
         <object_component_ref idref="oc-90"/>
      </symbol>
      <symbol id="sm-39a">
         <name>__aeabi_uidiv</name>
         <value>0xf0f5</value>
         <object_component_ref idref="oc-198"/>
      </symbol>
      <symbol id="sm-39b">
         <name>__aeabi_uidivmod</name>
         <value>0xf0f5</value>
         <object_component_ref idref="oc-198"/>
      </symbol>
      <symbol id="sm-3a6">
         <name>__aeabi_idiv0</name>
         <value>0xea77</value>
         <object_component_ref idref="oc-1e5"/>
      </symbol>
      <symbol id="sm-3b4">
         <name>finddevice</name>
         <value>0xf21d</value>
         <object_component_ref idref="oc-175"/>
      </symbol>
      <symbol id="sm-3b5">
         <name>getdevice</name>
         <value>0xe801</value>
         <object_component_ref idref="oc-20d"/>
      </symbol>
      <symbol id="sm-3be">
         <name>TI_memcpy_small</name>
         <value>0xf791</value>
         <object_component_ref idref="oc-b4"/>
      </symbol>
      <symbol id="sm-3c7">
         <name>TI_memset_small</name>
         <value>0xf80f</value>
         <object_component_ref idref="oc-115"/>
      </symbol>
      <symbol id="sm-3c8">
         <name>__TI_static_base__</name>
         <value>0x0</value>
      </symbol>
      <symbol id="sm-3cb">
         <name>__mpu_init</name>
         <value>0x0</value>
      </symbol>
      <symbol id="sm-3cc">
         <name>_system_post_cinit</name>
         <value>0x0</value>
      </symbol>
   </symbol_table>
   <title>Link successful</title>
</link_info>
